*** Using Compiler 'V5.06 update 7 (build 960)', folder: 'D:\keil5\core\ARM\ARMCC\Bin'
Rebuild target 'F103C8T6'
assembling startup_stm32f103xb.s...
compiling stm32f1xx_it.c...
compiling gpio.c...
compiling remote_link.c...
compiling stm32f1xx_hal_gpio.c...
compiling spi.c...
compiling stm32f1xx_hal_cortex.c...
compiling stm32f1xx_hal_dma.c...
compiling stm32f1xx_hal.c...
compiling stm32f1xx_hal_msp.c...
compiling stm32f1xx_hal_gpio_ex.c...
compiling main.c...
compiling usart.c...
compiling stm32f1xx_hal_rcc_ex.c...
compiling stm32f1xx_hal_spi.c...
compiling stm32f1xx_hal_pwr.c...
compiling stm32f1xx_hal_rcc.c...
compiling stm32f1xx_hal_flash.c...
compiling stm32f1xx_hal_flash_ex.c...
compiling stm32f1xx_hal_exti.c...
compiling system_stm32f1xx.c...
compiling stm32f1xx_hal_uart.c...
linking...
Program Size: Code=6986 RO-data=318 RW-data=64 ZI-data=1992  
FromELF: creating hex file...
"F103C8T6\F103C8T6.axf" - 0 Error(s), 0 Warning(s).
Build Time Elapsed:  00:00:03
