*** Using Compiler 'V6.18', folder: 'D:\keil5\core\ARM\ARMCLANG\Bin'
Rebuild target 'b-remote control'
assembling startup_stm32f407xx.s...
compiling gpio.c...
compiling freertos.c...
compiling mymain.c...
compiling stm32f4xx_hal_msp.c...
compiling dma.c...
compiling stm32f4xx_it.c...
compiling main.c...
compiling usart.c...
compiling adc.c...
compiling stm32f4xx_hal_rcc_ex.c...
compiling Remote.c...
compiling RemoteInput.c...
compiling stm32f4xx_hal_rcc.c...
compiling stm32f4xx_hal_adc_ex.c...
compiling stm32f4xx_hal_adc.c...
compiling stm32f4xx_hal_flash.c...
compiling stm32f4xx_hal_flash_ramfunc.c...
compiling stm32f4xx_hal_flash_ex.c...
compiling stm32f4xx_hal_gpio.c...
compiling stm32f4xx_hal_dma_ex.c...
compiling stm32f4xx_hal_pwr.c...
compiling stm32f4xx_hal_dma.c...
compiling stm32f4xx_hal_cortex.c...
compiling stm32f4xx_hal_pwr_ex.c...
compiling stm32f4xx_hal_exti.c...
compiling stm32f4xx_hal.c...
compiling system_stm32f4xx.c...
compiling croutine.c...
compiling event_groups.c...
compiling list.c...
compiling stm32f4xx_hal_uart.c...
compiling stream_buffer.c...
compiling timers.c...
compiling heap_4.c...
compiling port.c...
compiling queue.c...
compiling tasks.c...
compiling cmsis_os2.c...
linking...
Program Size: Code=25322 RO-data=558 RW-data=16 ZI-data=21288  
FromELF: creating hex file...
"b-remote control\b-remote control.axf" - 0 Error(s), 0 Warning(s).
Build Time Elapsed:  00:00:04
