<html>
<body>
<pre>
<h1>µVision Build Log</h1>
<h2>Tool Versions:</h2>
IDE-Version: ¦ÌVision V5.37.0.0
Copyright (C) 2022 ARM Ltd and ARM Germany GmbH. All rights reserved.
License Information: 123 1728533356@qq.com, 123, LIC=NHYH9-4W9JJ-SG77K-Z5PVN-M43UQ-GYS0A
 
Tool Versions:
Toolchain:       MDK-ARM Professional  Version: 5.37.0.0
Toolchain Path:  D:\keil5\core\ARM\ARMCLANG\Bin
C Compiler:      ArmClang.exe V6.18
Assembler:       Armasm.exe V6.18
Linker/Locator:  ArmLink.exe V6.18
Library Manager: ArmAr.exe V6.18
Hex Converter:   FromElf.exe V6.18
CPU DLL:         SARMCM3.DLL V5.37.0.0
Dialog DLL:      DCM.DLL V1.17.5.0
Target DLL:      CMSIS_AGDI.dll V1.33.12.0
Dialog DLL:      TCM.DLL V1.56.1.0
 
<h2>Project:</h2>
D:\demo\b-up\MDK-ARM\b-up.uvprojx
Project File Date:  08/06/2026

<h2>Output:</h2>
*** Using Compiler 'V6.18', folder: 'D:\keil5\core\ARM\ARMCLANG\Bin'
Rebuild target 'b-up'
compiling gpio.c...
compiling stm32h7xx_it.c...
assembling startup_stm32h723xx.s...
compiling main.c...
compiling fdcan.c...
compiling freertos.c...
compiling stm32h7xx_hal_tim_ex.c...
compiling stm32h7xx_hal_timebase_tim.c...
compiling stm32h7xx_hal_flash.c...
compiling stm32h7xx_hal_cortex.c...
compiling dma.c...
compiling usart.c...
compiling stm32h7xx_hal_msp.c...
compiling stm32h7xx_hal_rcc_ex.c...
compiling stm32h7xx_hal_rcc.c...
compiling stm32h7xx_hal_flash_ex.c...
compiling stm32h7xx_hal_gpio.c...
compiling stm32h7xx_hal_hsem.c...
compiling stm32h7xx_hal_pwr_ex.c...
compiling stm32h7xx_hal_dma_ex.c...
compiling stm32h7xx_hal_pwr.c...
compiling stm32h7xx_hal_i2c_ex.c...
compiling stm32h7xx_hal.c...
compiling stm32h7xx_hal_exti.c...
compiling mpu_wrappers_v2.c...
compiling stm32h7xx_hal_mdma.c...
compiling stm32h7xx_hal_dma.c...
compiling system_stm32h7xx.c...
compiling stm32h7xx_hal_tim.c...
compiling stm32h7xx_hal_uart_ex.c...
compiling croutine.c...
compiling list.c...
compiling event_groups.c...
compiling stream_buffer.c...
compiling stm32h7xx_hal_fdcan.c...
compiling port.c...
compiling stm32h7xx_hal_i2c.c...
compiling queue.c...
compiling stm32h7xx_hal_uart.c...
compiling timers.c...
compiling dm_motor.c...
compiling heap_4.c...
compiling dm_2006_bus.c...
compiling dm_app.c...
compiling rs_bus.c...
compiling rs00.c...
compiling tasks.c...
compiling fdcan_task.c...
compiling action_api.c...
compiling cmsis_os2.c...
compiling vesc_can.c...
compiling rs_app.c...
compiling up_main.c...
compiling c610_2006.c...
compiling chassis_main.c...
compiling vesc_motor.c...
compiling dt35_link.c...
compiling computer_link.c...
compiling imu.c...
compiling imu_main.c...
linking...
Program Size: Code=70212 RO-data=1408 RW-data=88 ZI-data=82224  
FromELF: creating hex file...
"b-up\b-up.axf" - 0 Error(s), 0 Warning(s).

<h2>Software Packages used:</h2>

Package Vendor: ARM
                http://www.keil.com/pack/ARM.CMSIS.5.9.0.pack
                ARM.CMSIS.5.9.0
                CMSIS (Common Microcontroller Software Interface Standard)
   * Component: CORE Version: 5.6.0

Package Vendor: Keil
                https://www.keil.com/pack/Keil.STM32H7xx_DFP.4.1.3.pack
                Keil.STM32H7xx_DFP.4.1.3
                STMicroelectronics STM32H7 Series Device Support

<h2>Collection of Component include folders:</h2>
  ./RTE/_b-up
  D:/keil5/pack/ARM/CMSIS/5.9.0/CMSIS/Core/Include

<h2>Collection of Component Files used:</h2>

   * Component: ARM::CMSIS:CORE:5.6.0
      Include file:  CMSIS/Core/Include/tz_context.h
Build Time Elapsed:  00:00:03
</pre>
</body>
</html>
