Component: Arm Compiler for Embedded 6.18 Tool: armlink [5e4cc100]

==============================================================================

Section Cross References

    startup_stm32h723xx.o(STACK) refers (Special) to heapauxi.o(.text) for __use_two_region_memory
    startup_stm32h723xx.o(HEAP) refers (Special) to heapauxi.o(.text) for __use_two_region_memory
    startup_stm32h723xx.o(RESET) refers (Special) to heapauxi.o(.text) for __use_two_region_memory
    startup_stm32h723xx.o(RESET) refers to startup_stm32h723xx.o(STACK) for __initial_sp
    startup_stm32h723xx.o(RESET) refers to startup_stm32h723xx.o(.text) for Reset_Handler
    startup_stm32h723xx.o(RESET) refers to stm32h7xx_it.o(.text.NMI_Handler) for NMI_Handler
    startup_stm32h723xx.o(RESET) refers to stm32h7xx_it.o(.text.HardFault_Handler) for HardFault_Handler
    startup_stm32h723xx.o(RESET) refers to stm32h7xx_it.o(.text.MemManage_Handler) for MemManage_Handler
    startup_stm32h723xx.o(RESET) refers to stm32h7xx_it.o(.text.BusFault_Handler) for BusFault_Handler
    startup_stm32h723xx.o(RESET) refers to stm32h7xx_it.o(.text.UsageFault_Handler) for UsageFault_Handler
    startup_stm32h723xx.o(RESET) refers to port.o(.text.SVC_Handler) for SVC_Handler
    startup_stm32h723xx.o(RESET) refers to stm32h7xx_it.o(.text.DebugMon_Handler) for DebugMon_Handler
    startup_stm32h723xx.o(RESET) refers to port.o(.text.PendSV_Handler) for PendSV_Handler
    startup_stm32h723xx.o(RESET) refers to cmsis_os2.o(.text.SysTick_Handler) for SysTick_Handler
    startup_stm32h723xx.o(RESET) refers to stm32h7xx_it.o(.text.DMA1_Stream0_IRQHandler) for DMA1_Stream0_IRQHandler
    startup_stm32h723xx.o(RESET) refers to stm32h7xx_it.o(.text.DMA1_Stream1_IRQHandler) for DMA1_Stream1_IRQHandler
    startup_stm32h723xx.o(RESET) refers to stm32h7xx_it.o(.text.DMA1_Stream2_IRQHandler) for DMA1_Stream2_IRQHandler
    startup_stm32h723xx.o(RESET) refers to stm32h7xx_it.o(.text.DMA1_Stream3_IRQHandler) for DMA1_Stream3_IRQHandler
    startup_stm32h723xx.o(RESET) refers to stm32h7xx_it.o(.text.DMA1_Stream4_IRQHandler) for DMA1_Stream4_IRQHandler
    startup_stm32h723xx.o(RESET) refers to stm32h7xx_it.o(.text.DMA1_Stream5_IRQHandler) for DMA1_Stream5_IRQHandler
    startup_stm32h723xx.o(RESET) refers to stm32h7xx_it.o(.text.DMA1_Stream6_IRQHandler) for DMA1_Stream6_IRQHandler
    startup_stm32h723xx.o(RESET) refers to stm32h7xx_it.o(.text.FDCAN1_IT0_IRQHandler) for FDCAN1_IT0_IRQHandler
    startup_stm32h723xx.o(RESET) refers to stm32h7xx_it.o(.text.FDCAN2_IT0_IRQHandler) for FDCAN2_IT0_IRQHandler
    startup_stm32h723xx.o(RESET) refers to stm32h7xx_it.o(.text.USART1_IRQHandler) for USART1_IRQHandler
    startup_stm32h723xx.o(RESET) refers to stm32h7xx_it.o(.text.USART2_IRQHandler) for USART2_IRQHandler
    startup_stm32h723xx.o(RESET) refers to stm32h7xx_it.o(.text.DMA1_Stream7_IRQHandler) for DMA1_Stream7_IRQHandler
    startup_stm32h723xx.o(RESET) refers to stm32h7xx_it.o(.text.UART4_IRQHandler) for UART4_IRQHandler
    startup_stm32h723xx.o(RESET) refers to stm32h7xx_it.o(.text.TIM6_DAC_IRQHandler) for TIM6_DAC_IRQHandler
    startup_stm32h723xx.o(RESET) refers to stm32h7xx_it.o(.text.DMA2_Stream0_IRQHandler) for DMA2_Stream0_IRQHandler
    startup_stm32h723xx.o(RESET) refers to stm32h7xx_it.o(.text.DMA2_Stream1_IRQHandler) for DMA2_Stream1_IRQHandler
    startup_stm32h723xx.o(RESET) refers to stm32h7xx_it.o(.text.DMA2_Stream2_IRQHandler) for DMA2_Stream2_IRQHandler
    startup_stm32h723xx.o(RESET) refers to stm32h7xx_it.o(.text.DMA2_Stream3_IRQHandler) for DMA2_Stream3_IRQHandler
    startup_stm32h723xx.o(RESET) refers to stm32h7xx_it.o(.text.UART7_IRQHandler) for UART7_IRQHandler
    startup_stm32h723xx.o(RESET) refers to stm32h7xx_it.o(.text.UART8_IRQHandler) for UART8_IRQHandler
    startup_stm32h723xx.o(RESET) refers to stm32h7xx_it.o(.text.UART9_IRQHandler) for UART9_IRQHandler
    startup_stm32h723xx.o(RESET) refers to stm32h7xx_it.o(.text.FDCAN3_IT0_IRQHandler) for FDCAN3_IT0_IRQHandler
    startup_stm32h723xx.o(.text) refers (Special) to heapauxi.o(.text) for __use_two_region_memory
    startup_stm32h723xx.o(.text) refers to system_stm32h7xx.o(.text.ExitRun0Mode) for ExitRun0Mode
    startup_stm32h723xx.o(.text) refers to system_stm32h7xx.o(.text.SystemInit) for SystemInit
    startup_stm32h723xx.o(.text) refers to __main.o(!!!main) for __main
    startup_stm32h723xx.o(.text) refers to startup_stm32h723xx.o(HEAP) for Heap_Mem
    startup_stm32h723xx.o(.text) refers to startup_stm32h723xx.o(STACK) for Stack_Mem
    main.o(.text.main) refers to stm32h7xx_hal_cortex.o(.text.HAL_MPU_Disable) for HAL_MPU_Disable
    main.o(.text.main) refers to stm32h7xx_hal_cortex.o(.text.HAL_MPU_ConfigRegion) for HAL_MPU_ConfigRegion
    main.o(.text.main) refers to stm32h7xx_hal_cortex.o(.text.HAL_MPU_Enable) for HAL_MPU_Enable
    main.o(.text.main) refers to stm32h7xx_hal.o(.text.HAL_Init) for HAL_Init
[...]
    Imu_GetRawData                           0x080090f1   Thumb Code    58  imu.o(.text.Imu_GetRawData)
    Imu_GetStats                             0x08009131   Thumb Code    58  imu.o(.text.Imu_GetStats)
    Imu_HandleRxEvent                        0x08009171   Thumb Code  1986  imu.o(.text.Imu_HandleRxEvent)
    Imu_HandleUartError                      0x08009939   Thumb Code    40  imu.o(.text.Imu_HandleUartError)
    Imu_Init                                 0x08009961   Thumb Code    74  imu.o(.text.Imu_Init)
    Imu_Process                              0x080099b1   Thumb Code   452  imu.o(.text.Imu_Process)
    Imu_Send                                 0x08009b79   Thumb Code    36  imu.o(.text.Imu_Send)
    MX_DMA_Init                              0x08009ba1   Thumb Code   246  dma.o(.text.MX_DMA_Init)
    MX_FDCAN1_Init                           0x08009c99   Thumb Code   106  fdcan.o(.text.MX_FDCAN1_Init)
    MX_FDCAN2_Init                           0x08009d09   Thumb Code   108  fdcan.o(.text.MX_FDCAN2_Init)
    MX_FDCAN3_Init                           0x08009d79   Thumb Code   110  fdcan.o(.text.MX_FDCAN3_Init)
    MX_FREERTOS_Init                         0x08009de9   Thumb Code   108  freertos.o(.text.MX_FREERTOS_Init)
    MX_GPIO_Init                             0x08009e59   Thumb Code   170  gpio.o(.text.MX_GPIO_Init)
    MX_UART4_Init                            0x08009f09   Thumb Code   124  usart.o(.text.MX_UART4_Init)
    MX_UART7_Init                            0x08009f89   Thumb Code   124  usart.o(.text.MX_UART7_Init)
    MX_UART8_Init                            0x0800a009   Thumb Code   128  usart.o(.text.MX_UART8_Init)
    MX_UART9_Init                            0x0800a089   Thumb Code   124  usart.o(.text.MX_UART9_Init)
    MX_USART1_UART_Init                      0x0800a109   Thumb Code   124  usart.o(.text.MX_USART1_UART_Init)
    MX_USART2_UART_Init                      0x0800a189   Thumb Code   128  usart.o(.text.MX_USART2_UART_Init)
    MemManage_Handler                        0x0800a209   Thumb Code     2  stm32h7xx_it.o(.text.MemManage_Handler)
    NMI_Handler                              0x0800a211   Thumb Code     2  stm32h7xx_it.o(.text.NMI_Handler)
    PendSV_Handler                           0x0800a221   Thumb Code   100  port.o(.text.PendSV_Handler)
    RsApp_Enable                             0x0800a4d9   Thumb Code   126  rs_app.o(.text.RsApp_Enable)
    RsApp_GetStatus                          0x0800a559   Thumb Code   268  rs_app.o(.text.RsApp_GetStatus)
    RsApp_Init                               0x0800a669   Thumb Code   690  rs_app.o(.text.RsApp_Init)
    RsApp_Restart                            0x0800a921   Thumb Code   140  rs_app.o(.text.RsApp_Restart)
    RsApp_Run                                0x0800a9b1   Thumb Code   376  rs_app.o(.text.RsApp_Run)
    RsApp_SetCmd                             0x0800ab29   Thumb Code   154  rs_app.o(.text.RsApp_SetCmd)
    RsBus_HandleRxIsr                        0x0800abc9   Thumb Code   150  rs_bus.o(.text.RsBus_HandleRxIsr)
    RsBus_Init                               0x0800ac61   Thumb Code   154  rs_bus.o(.text.RsBus_Init)
    RsBus_ProcessRx                          0x0800ad01   Thumb Code   102  rs_bus.o(.text.RsBus_ProcessRx)
    RsBus_Send                               0x0800ad69   Thumb Code    98  rs_bus.o(.text.RsBus_Send)
    RsBus_SetHandler                         0x0800add1   Thumb Code    32  rs_bus.o(.text.RsBus_SetHandler)
    RsBus_Stop                               0x0800adf1   Thumb Code    30  rs_bus.o(.text.RsBus_Stop)
    RsMotor_GetFeedback                      0x0800ae11   Thumb Code    60  rs00.o(.text.RsMotor_GetFeedback)
    RsMotor_Init                             0x0800ae51   Thumb Code    56  rs00.o(.text.RsMotor_Init)
    RsMotor_Parse                            0x0800ae89   Thumb Code   332  rs00.o(.text.RsMotor_Parse)
    RsMotor_SetCsp                           0x0800afd9   Thumb Code   324  rs00.o(.text.RsMotor_SetCsp)
    RsMotor_SetIq                            0x0800b121   Thumb Code   188  rs00.o(.text.RsMotor_SetIq)
    RsMotor_SetMotion                        0x0800b1e1   Thumb Code   572  rs00.o(.text.RsMotor_SetMotion)
    RsMotor_SetPp                            0x0800b421   Thumb Code   316  rs00.o(.text.RsMotor_SetPp)
    RsMotor_SetSpeed                         0x0800b561   Thumb Code   424  rs00.o(.text.RsMotor_SetSpeed)
    RsMotor_Start                            0x0800b709   Thumb Code   312  rs00.o(.text.RsMotor_Start)
    RsMotor_Stop                             0x0800b841   Thumb Code    86  rs00.o(.text.RsMotor_Stop)
    SVC_Handler                              0x0800b8a1   Thumb Code    36  port.o(.text.SVC_Handler)
    StartChassisTask                         0x0800b8c9   Thumb Code    90  freertos.o(.text.StartChassisTask)
    StartCommTask                            0x0800b929   Thumb Code    44  freertos.o(.text.StartCommTask)
    StartLiftTask                            0x0800b959   Thumb Code    46  freertos.o(.text.StartLiftTask)
    StartStartupReminderTask                 0x0800b989   Thumb Code   206  freertos.o(.text.StartStartupReminderTask)
    StdCan_AddHandler                        0x0800ba59   Thumb Code   164  dm_2006_bus.o(.text.StdCan_AddHandler)
    StdCan_HandleErrorIsr                    0x0800bb01   Thumb Code    54  dm_2006_bus.o(.text.StdCan_HandleErrorIsr)
    StdCan_HandleRxIsr                       0x0800bb39   Thumb Code   180  dm_2006_bus.o(.text.StdCan_HandleRxIsr)
    StdCan_Init                              0x0800bbf1   Thumb Code   352  dm_2006_bus.o(.text.StdCan_Init)
    StdCan_ProcessRx                         0x0800bd51   Thumb Code   140  dm_2006_bus.o(.text.StdCan_ProcessRx)
    StdCan_Send                              0x0800bde1   Thumb Code   116  dm_2006_bus.o(.text.StdCan_Send)
    StdCan_Stop                              0x0800be59   Thumb Code    30  dm_2006_bus.o(.text.StdCan_Stop)
    SysTick_Handler                          0x0800be79   Thumb Code    30  cmsis_os2.o(.text.SysTick_Handler)
    SystemClock_Config                       0x0800be99   Thumb Code   200  main.o(.text.SystemClock_Config)
    SystemInit                               0x0800bf61   Thumb Code   210  system_stm32h7xx.o(.text.SystemInit)
    TIM6_DAC_IRQHandler                      0x0800c039   Thumb Code    12  stm32h7xx_it.o(.text.TIM6_DAC_IRQHandler)
    TIM_Base_SetConfig                       0x0800c049   Thumb Code   376  stm32h7xx_hal_tim.o(.text.TIM_Base_SetConfig)
    UART4_IRQHandler                         0x0800c1c1   Thumb Code    12  stm32h7xx_it.o(.text.UART4_IRQHandler)
    UART7_IRQHandler                         0x0800c1d1   Thumb Code    12  stm32h7xx_it.o(.text.UART7_IRQHandler)
    UART8_IRQHandler                         0x0800c1e1   Thumb Code    12  stm32h7xx_it.o(.text.UART8_IRQHandler)
    UART9_IRQHandler                         0x0800c1f1   Thumb Code    12  stm32h7xx_it.o(.text.UART9_IRQHandler)
    UART_AdvFeatureConfig                    0x0800c201   Thumb Code   224  stm32h7xx_hal_uart.o(.text.UART_AdvFeatureConfig)
    UART_CheckIdleState                      0x0800c2e1   Thumb Code   374  stm32h7xx_hal_uart.o(.text.UART_CheckIdleState)
    UART_SetConfig                           0x0800d1f9   Thumb Code  1228  stm32h7xx_hal_uart.o(.text.UART_SetConfig)
    UART_Start_Receive_DMA                   0x0800d6d1   Thumb Code   344  stm32h7xx_hal_uart.o(.text.UART_Start_Receive_DMA)
    UART_Start_Receive_IT                    0x0800d829   Thumb Code   628  stm32h7xx_hal_uart.o(.text.UART_Start_Receive_IT)
    UART_WaitOnFlagUntilTimeout              0x0800daa1   Thumb Code   856  stm32h7xx_hal_uart.o(.text.UART_WaitOnFlagUntilTimeout)
    USART1_IRQHandler                        0x0800ddf9   Thumb Code    12  stm32h7xx_it.o(.text.USART1_IRQHandler)
    USART2_IRQHandler                        0x0800de09   Thumb Code    12  stm32h7xx_it.o(.text.USART2_IRQHandler)
    Up_HomeMotors                            0x0800de19   Thumb Code   616  up_main.o(.text.Up_HomeMotors)
    Up_Init                                  0x0800e081   Thumb Code   168  up_main.o(.text.Up_Init)
    Up_MoveM2006                             0x0800e129   Thumb Code   192  up_main.o(.text.Up_MoveM2006)
    Up_Run1ms                                0x0800e1e9   Thumb Code   908  up_main.o(.text.Up_Run1ms)
    Up_SetDmPos                              0x0800e579   Thumb Code   184  up_main.o(.text.Up_SetDmPos)
    Up_SetMotorPos                           0x0800e631   Thumb Code   176  up_main.o(.text.Up_SetMotorPos)
    Up_SetRsPos                              0x0800e6e1   Thumb Code   164  up_main.o(.text.Up_SetRsPos)
    UsageFault_Handler                       0x0800e789   Thumb Code     2  stm32h7xx_it.o(.text.UsageFault_Handler)
    VescCan_Init                             0x0800e791   Thumb Code   134  vesc_can.o(.text.VescCan_Init)
    VescCan_Read                             0x0800e819   Thumb Code   104  vesc_can.o(.text.VescCan_Read)
    VescCan_Recover                          0x0800e881   Thumb Code   128  vesc_can.o(.text.VescCan_Recover)
    VescCan_Send                             0x0800e901   Thumb Code   240  vesc_can.o(.text.VescCan_Send)
    VescCan_Stop                             0x0800ea19   Thumb Code    28  vesc_can.o(.text.VescCan_Stop)
    VescMotor_Init                           0x0800ea39   Thumb Code    98  vesc_motor.o(.text.VescMotor_Init)
    VescMotor_Parse                          0x0800eaa1   Thumb Code   168  vesc_motor.o(.text.VescMotor_Parse)
    VescMotor_SendRpm                        0x0800eb49   Thumb Code    98  vesc_motor.o(.text.VescMotor_SendRpm)
    VescMotor_SetRpm                         0x0800ebb1   Thumb Code    80  vesc_motor.o(.text.VescMotor_SetRpm)
    VescMotor_Update                         0x0800ec01   Thumb Code    22  vesc_motor.o(.text.VescMotor_Update)
    main                                     0x0800ef79   Thumb Code   218  main.o(.text.main)
    osDelay                                  0x0800f059   Thumb Code    64  cmsis_os2.o(.text.osDelay)
    osDelayUntil                             0x0800f099   Thumb Code    92  cmsis_os2.o(.text.osDelayUntil)
    osKernelGetTickCount                     0x0800f0f9   Thumb Code    50  cmsis_os2.o(.text.osKernelGetTickCount)
    osKernelInitialize                       0x0800f131   Thumb Code    78  cmsis_os2.o(.text.osKernelInitialize)
    osKernelStart                            0x0800f181   Thumb Code    94  cmsis_os2.o(.text.osKernelStart)
    osThreadExit                             0x0800f1e1   Thumb Code    10  cmsis_os2.o(.text.osThreadExit)
    osThreadNew                              0x0800f1f1   Thumb Code   204  cmsis_os2.o(.text.osThreadNew)
    pvPortMalloc                             0x0800fbc9   Thumb Code   478  heap_4.o(.text.pvPortMalloc)
    pxPortInitialiseStack                    0x0800fda9   Thumb Code    44  port.o(.text.pxPortInitialiseStack)
    uxListRemove                             0x0800ff31   Thumb Code    42  list.o(.text.uxListRemove)
    vApplicationGetIdleTaskMemory            0x0800ff61   Thumb Code    28  cmsis_os2.o(.text.vApplicationGetIdleTaskMemory)
    vApplicationGetTimerTaskMemory           0x0800ff81   Thumb Code    28  cmsis_os2.o(.text.vApplicationGetTimerTaskMemory)
    vApplicationMallocFailedHook             0x0800ffa1   Thumb Code     2  freertos.o(.text.vApplicationMallocFailedHook)
    vApplicationStackOverflowHook            0x0800ffa9   Thumb Code     2  freertos.o(.text.vApplicationStackOverflowHook)
    vListInitialise                          0x0800ffb1   Thumb Code    22  list.o(.text.vListInitialise)
    vListInitialiseItem                      0x0800ffc9   Thumb Code     6  list.o(.text.vListInitialiseItem)
    vListInsert                              0x0800ffd1   Thumb Code    98  list.o(.text.vListInsert)
    vListInsertEnd                           0x08010039   Thumb Code    28  list.o(.text.vListInsertEnd)
    vPortEnterCritical                       0x08010071   Thumb Code    74  port.o(.text.vPortEnterCritical)
    vPortExitCritical                        0x080100c1   Thumb Code    46  port.o(.text.vPortExitCritical)
    vPortFree                                0x080100f1   Thumb Code   216  heap_4.o(.text.vPortFree)
    vPortSetupTimerInterrupt                 0x080101c9   Thumb Code    52  port.o(.text.vPortSetupTimerInterrupt)
    vPortValidateInterruptPriority           0x08010201   Thumb Code    94  port.o(.text.vPortValidateInterruptPriority)
    vQueueAddToRegistry                      0x08010261   Thumb Code   298  queue.o(.text.vQueueAddToRegistry)
    vQueueWaitForMessageRestricted           0x08010391   Thumb Code   100  queue.o(.text.vQueueWaitForMessageRestricted)
    vTaskDelay                               0x080103f9   Thumb Code   150  tasks.o(.text.vTaskDelay)
    vTaskDelete                              0x08010491   Thumb Code   238  tasks.o(.text.vTaskDelete)
    vTaskInternalSetTimeOutState             0x08010581   Thumb Code    18  tasks.o(.text.vTaskInternalSetTimeOutState)
    vTaskMissedYield                         0x08010599   Thumb Code    14  tasks.o(.text.vTaskMissedYield)
    vTaskPlaceOnEventList                    0x080105a9   Thumb Code    54  tasks.o(.text.vTaskPlaceOnEventList)
    vTaskPlaceOnEventListRestricted          0x080105e1   Thumb Code   162  tasks.o(.text.vTaskPlaceOnEventListRestricted)
    vTaskStartScheduler                      0x08010689   Thumb Code   252  tasks.o(.text.vTaskStartScheduler)
    vTaskSuspendAll                          0x08010791   Thumb Code    16  tasks.o(.text.vTaskSuspendAll)
    vTaskSwitchContext                       0x080107a1   Thumb Code   228  tasks.o(.text.vTaskSwitchContext)
    xPortStartScheduler                      0x08010929   Thumb Code   442  port.o(.text.xPortStartScheduler)
    xPortSysTickHandler                      0x08010ae9   Thumb Code    46  port.o(.text.xPortSysTickHandler)
    xQueueGenericCreateStatic                0x08010b19   Thumb Code   212  queue.o(.text.xQueueGenericCreateStatic)
    xQueueReceive                            0x08010bf1   Thumb Code   446  queue.o(.text.xQueueReceive)
    xTaskCheckForTimeOut                     0x08010db1   Thumb Code   166  tasks.o(.text.xTaskCheckForTimeOut)
    xTaskCreate                              0x08010e59   Thumb Code    96  tasks.o(.text.xTaskCreate)
    xTaskCreateStatic                        0x08010eb9   Thumb Code   158  tasks.o(.text.xTaskCreateStatic)
    xTaskDelayUntil                          0x08010f59   Thumb Code   228  tasks.o(.text.xTaskDelayUntil)
    xTaskGetSchedulerState                   0x08011041   Thumb Code    28  tasks.o(.text.xTaskGetSchedulerState)
    xTaskGetTickCount                        0x08011061   Thumb Code    12  tasks.o(.text.xTaskGetTickCount)
    xTaskGetTickCountFromISR                 0x08011071   Thumb Code    18  tasks.o(.text.xTaskGetTickCountFromISR)
    xTaskIncrementTick                       0x08011089   Thumb Code   382  tasks.o(.text.xTaskIncrementTick)
    xTaskRemoveFromEventList                 0x08011209   Thumb Code   240  tasks.o(.text.xTaskRemoveFromEventList)
    xTaskResumeAll                           0x080112f9   Thumb Code   322  tasks.o(.text.xTaskResumeAll)
    xTimerCreateTimerTask                    0x08011441   Thumb Code   172  timers.o(.text.xTimerCreateTimerTask)
    _fp_init                                 0x080114f5   Thumb Code    26  fpinit.o(x$fpl$fpinit)
    __fplib_config_fpu_vfp                   0x0801150d   Thumb Code     0  fpinit.o(x$fpl$fpinit)
    __fplib_config_pureend_doubles           0x0801150d   Thumb Code     0  fpinit.o(x$fpl$fpinit)
    D1CorePrescTable                         0x08011568   Data          16  system_stm32h7xx.o(.rodata.D1CorePrescTable)
    UARTPrescTable                           0x08011578   Data          24  stm32h7xx_hal_uart.o(.rodata.UARTPrescTable)
    chassisTask_attributes                   0x08011590   Data          36  freertos.o(.rodata.chassisTask_attributes)
    commTask_attributes                      0x080115b4   Data          36  freertos.o(.rodata.commTask_attributes)
    liftTask_attributes                      0x08011674   Data          36  freertos.o(.rodata.liftTask_attributes)
    startupReminder_attributes               0x08011740   Data          36  freertos.o(.rodata.startupReminder_attributes)
    uxTopUsedPriority                        0x080117a0   Data           4  tasks.o(.rodata.uxTopUsedPriority)
    Region$$Table$$Base                      0x080117a4   Number         0  anon$$obj.o(Region$$Table)
    Region$$Table$$Limit                     0x080117c4   Number         0  anon$$obj.o(Region$$Table)
    uwTickFreq                               0x24000000   Data           1  stm32h7xx_hal.o(.data..L_MergedGlobals)
    uwTickPrio                               0x24000004   Data           4  stm32h7xx_hal.o(.data..L_MergedGlobals)
    SystemCoreClock                          0x24000008   Data           4  system_stm32h7xx.o(.data..L_MergedGlobals)
    SystemD2Clock                            0x2400000c   Data           4  system_stm32h7xx.o(.data..L_MergedGlobals)
    action_pending                           0x24000010   Data           1  action_api.o(.data.action_pending)
    __libspace_start                         0x24000058   Data          96  libspace.o(.bss)
    __temporary_stack_top$libspace           0x240000b8   Data           0  libspace.o(.bss)
    startupReminderHandle                    0x240000b8   Data           4  freertos.o(.bss..L_MergedGlobals)
    chassisTaskHandle                        0x240000bc   Data           4  freertos.o(.bss..L_MergedGlobals)
    liftTaskHandle                           0x240000c0   Data           4  freertos.o(.bss..L_MergedGlobals)
    commTaskHandle                           0x240000c4   Data           4  freertos.o(.bss..L_MergedGlobals)
    chassis_target_vx                        0x2400020e   Data           2  chassis_main.o(.bss..L_MergedGlobals)
    chassis_target_vy                        0x24000210   Data           2  chassis_main.o(.bss..L_MergedGlobals)
    chassis_target_z                         0x24000212   Data           2  chassis_main.o(.bss..L_MergedGlobals)
    dt35_online_40                           0x24000244   Data           1  dt35_link.o(.bss..L_MergedGlobals)
    dt35_online_41                           0x24000245   Data           1  dt35_link.o(.bss..L_MergedGlobals)
    dt35_distance_40_cm                      0x2400024c   Data           2  dt35_link.o(.bss..L_MergedGlobals)
    dt35_distance_41_cm                      0x2400024e   Data           2  dt35_link.o(.bss..L_MergedGlobals)
    action_last_result                       0x24000304   Data           1  action_api.o(.bss.action_last_result)
    hdma_uart4_rx                            0x24000590   Data         120  usart.o(.bss.hdma_uart4_rx)
    hdma_uart4_tx                            0x24000608   Data         120  usart.o(.bss.hdma_uart4_tx)
    hdma_uart7_rx                            0x24000680   Data         120  usart.o(.bss.hdma_uart7_rx)
    hdma_uart7_tx                            0x240006f8   Data         120  usart.o(.bss.hdma_uart7_tx)
    hdma_uart8_rx                            0x24000770   Data         120  usart.o(.bss.hdma_uart8_rx)
    hdma_uart8_tx                            0x240007e8   Data         120  usart.o(.bss.hdma_uart8_tx)
    hdma_uart9_rx                            0x24000860   Data         120  usart.o(.bss.hdma_uart9_rx)
    hdma_uart9_tx                            0x240008d8   Data         120  usart.o(.bss.hdma_uart9_tx)
    hdma_usart1_rx                           0x24000950   Data         120  usart.o(.bss.hdma_usart1_rx)
    hdma_usart1_tx                           0x240009c8   Data         120  usart.o(.bss.hdma_usart1_tx)
    hdma_usart2_rx                           0x24000a40   Data         120  usart.o(.bss.hdma_usart2_rx)
    hdma_usart2_tx                           0x24000ab8   Data         120  usart.o(.bss.hdma_usart2_tx)
    hfdcan1                                  0x24000b30   Data         160  fdcan.o(.bss.hfdcan1)
    hfdcan2                                  0x24000bd0   Data         160  fdcan.o(.bss.hfdcan2)
    hfdcan3                                  0x24000c70   Data         160  fdcan.o(.bss.hfdcan3)
    htim6                                    0x24000d10   Data          76  stm32h7xx_hal_timebase_tim.o(.bss.htim6)
    huart1                                   0x24000d5c   Data         148  usart.o(.bss.huart1)
    huart2                                   0x24000df0   Data         148  usart.o(.bss.huart2)
    huart4                                   0x24000e84   Data         148  usart.o(.bss.huart4)
    huart7                                   0x24000f18   Data         148  usart.o(.bss.huart7)
    huart8                                   0x24000fac   Data         148  usart.o(.bss.huart8)
    huart9                                   0x24001040   Data         148  usart.o(.bss.huart9)
    pxCurrentTCB                             0x2400164c   Data           4  tasks.o(.bss.pxCurrentTCB)
    uwTick                                   0x24012288   Data           4  stm32h7xx_hal.o(.bss.uwTick)
    xQueueRegistry                           0x24012f44   Data          64  queue.o(.bss.xQueueRegistry)



==============================================================================

Memory Map of the image

  Image Entry point : 0x080002cd

  Load Region LR_IROM1 (Base: 0x08000000, Size: 0x00011820, Max: 0x00100000, ABSOLUTE)

    Execution Region ER_IROM1 (Exec base: 0x08000000, Load base: 0x08000000, Size: 0x000117c4, Max: 0x00100000, ABSOLUTE)

    Exec Addr    Load Addr    Size         Type   Attr      Idx    E Section Name        Object

    0x08000000   0x08000000   0x000002cc   Data   RO            3    RESET               startup_stm32h723xx.o
    0x080002cc   0x080002cc   0x00000008   Code   RO         2826  * !!!main             c_w.l(__main.o)
    0x080002d4   0x080002d4   0x00000034   Code   RO         3003    !!!scatter          c_w.l(__scatter.o)
    0x08000308   0x08000308   0x0000001a   Code   RO         3005    !!handler_copy      c_w.l(__scatter_copy.o)
    0x08000322   0x08000322   0x00000002   PAD
    0x08000324   0x08000324   0x0000001c   Code   RO         3007    !!handler_zi        c_w.l(__scatter_zi.o)
    0x08000340   0x08000340   0x00000002   Code   RO         2865    .ARM.Collect$$libinit$$00000000  c_w.l(libinit.o)
    0x08000342   0x08000342   0x00000004   Code   RO         2877    .ARM.Collect$$libinit$$00000001  c_w.l(libinit2.o)
    0x08000346   0x08000346   0x00000000   Code   RO         2880    .ARM.Collect$$libinit$$00000004  c_w.l(libinit2.o)
    0x08000346   0x08000346   0x00000000   Code   RO         2882    .ARM.Collect$$libinit$$00000006  c_w.l(libinit2.o)
    0x08000346   0x08000346   0x00000000   Code   RO         2885    .ARM.Collect$$libinit$$0000000C  c_w.l(libinit2.o)
    0x08000346   0x08000346   0x00000000   Code   RO         2887    .ARM.Collect$$libinit$$0000000E  c_w.l(libinit2.o)
    0x08000346   0x08000346   0x00000000   Code   RO         2889    .ARM.Collect$$libinit$$00000010  c_w.l(libinit2.o)
    0x08000346   0x08000346   0x00000000   Code   RO         2892    .ARM.Collect$$libinit$$00000013  c_w.l(libinit2.o)
    0x08000346   0x08000346   0x00000000   Code   RO         2894    .ARM.Collect$$libinit$$00000015  c_w.l(libinit2.o)
    0x08000346   0x08000346   0x00000000   Code   RO         2896    .ARM.Collect$$libinit$$00000017  c_w.l(libinit2.o)
    0x08000346   0x08000346   0x00000000   Code   RO         2898    .ARM.Collect$$libinit$$00000019  c_w.l(libinit2.o)
    0x08000346   0x08000346   0x00000000   Code   RO         2900    .ARM.Collect$$libinit$$0000001B  c_w.l(libinit2.o)
    0x08000346   0x08000346   0x00000000   Code   RO         2902    .ARM.Collect$$libinit$$0000001D  c_w.l(libinit2.o)
    0x08000346   0x08000346   0x00000000   Code   RO         2904    .ARM.Collect$$libinit$$0000001F  c_w.l(libinit2.o)
    0x08000346   0x08000346   0x00000000   Code   RO         2906    .ARM.Collect$$libinit$$00000021  c_w.l(libinit2.o)
    0x08000346   0x08000346   0x00000000   Code   RO         2908    .ARM.Collect$$libinit$$00000023  c_w.l(libinit2.o)
    0x08000346   0x08000346   0x00000000   Code   RO         2910    .ARM.Collect$$libinit$$00000025  c_w.l(libinit2.o)
    0x08000346   0x08000346   0x00000000   Code   RO         2912    .ARM.Collect$$libinit$$00000027  c_w.l(libinit2.o)
    0x08000346   0x08000346   0x00000000   Code   RO         2916    .ARM.Collect$$libinit$$0000002E  c_w.l(libinit2.o)
    0x08000346   0x08000346   0x00000000   Code   RO         2918    .ARM.Collect$$libinit$$00000030  c_w.l(libinit2.o)
    0x08000346   0x08000346   0x00000000   Code   RO         2920    .ARM.Collect$$libinit$$00000032  c_w.l(libinit2.o)
    0x08000346   0x08000346   0x00000000   Code   RO         2922    .ARM.Collect$$libinit$$00000034  c_w.l(libinit2.o)
    0x08000346   0x08000346   0x00000002   Code   RO         2923    .ARM.Collect$$libinit$$00000035  c_w.l(libinit2.o)
    0x08000348   0x08000348   0x00000002   Code   RO         2958    .ARM.Collect$$libshutdown$$00000000  c_w.l(libshutdown.o)
    0x0800034a   0x0800034a   0x00000000   Code   RO         2986    .ARM.Collect$$libshutdown$$00000002  c_w.l(libshutdown2.o)
    0x0800034a   0x0800034a   0x00000000   Code   RO         2988    .ARM.Collect$$libshutdown$$00000004  c_w.l(libshutdown2.o)
    0x0800034a   0x0800034a   0x00000000   Code   RO         2991    .ARM.Collect$$libshutdown$$00000007  c_w.l(libshutdown2.o)
    0x0800034a   0x0800034a   0x00000000   Code   RO         2994    .ARM.Collect$$libshutdown$$0000000A  c_w.l(libshutdown2.o)
    0x0800034a   0x0800034a   0x00000000   Code   RO         2996    .ARM.Collect$$libshutdown$$0000000C  c_w.l(libshutdown2.o)
    0x0800034a   0x0800034a   0x00000000   Code   RO         2999    .ARM.Collect$$libshutdown$$0000000F  c_w.l(libshutdown2.o)
    0x0800034a   0x0800034a   0x00000002   Code   RO         3000    .ARM.Collect$$libshutdown$$00000010  c_w.l(libshutdown2.o)
    0x0800034c   0x0800034c   0x00000000   Code   RO         2828    .ARM.Collect$$rtentry$$00000000  c_w.l(__rtentry.o)
    0x0800034c   0x0800034c   0x00000000   Code   RO         2836    .ARM.Collect$$rtentry$$00000002  c_w.l(__rtentry2.o)
    0x0800034c   0x0800034c   0x00000006   Code   RO         2848    .ARM.Collect$$rtentry$$00000004  c_w.l(__rtentry4.o)
    0x08000352   0x08000352   0x00000000   Code   RO         2838    .ARM.Collect$$rtentry$$00000009  c_w.l(__rtentry2.o)
    0x08000352   0x08000352   0x00000004   Code   RO         2839    .ARM.Collect$$rtentry$$0000000A  c_w.l(__rtentry2.o)
    0x08000356   0x08000356   0x00000000   Code   RO         2841    .ARM.Collect$$rtentry$$0000000C  c_w.l(__rtentry2.o)
    0x08000356   0x08000356   0x00000008   Code   RO         2842    .ARM.Collect$$rtentry$$0000000D  c_w.l(__rtentry2.o)
    0x0800035e   0x0800035e   0x00000002   Code   RO         2869    .ARM.Collect$$rtexit$$00000000  c_w.l(rtexit.o)
    0x08000360   0x08000360   0x00000000   Code   RO         2929    .ARM.Collect$$rtexit$$00000002  c_w.l(rtexit2.o)
    0x08000360   0x08000360   0x00000004   Code   RO         2930    .ARM.Collect$$rtexit$$00000003  c_w.l(rtexit2.o)
    0x08000364   0x08000364   0x00000006   Code   RO         2931    .ARM.Collect$$rtexit$$00000004  c_w.l(rtexit2.o)
    0x0800036a   0x0800036a   0x00000002   PAD
    0x0800036c   0x0800036c   0x00000048   Code   RO            4    .text               startup_stm32h723xx.o
    0x080003b4   0x080003b4   0x000000f0   Code   RO         2810    .text               c_w.l(lludivv7m.o)
    0x080004a4   0x080004a4   0x00000074   Code   RO         2812    .text               c_w.l(llsdiv.o)
    0x08000518   0x08000518   0x0000008a   Code   RO         2814    .text               c_w.l(rt_memcpy_v6.o)
    0x080005a2   0x080005a2   0x00000010   Code   RO         2818    .text               c_w.l(aeabi_memset4.o)
    0x080005b2   0x080005b2   0x00000044   Code   RO         2820    .text               c_w.l(rt_memclr.o)
    0x080005f6   0x080005f6   0x0000004e   Code   RO         2822    .text               c_w.l(rt_memclr_w.o)
    0x08000644   0x08000644   0x00000006   Code   RO         2824    .text               c_w.l(heapauxi.o)
    0x0800064a   0x0800064a   0x00000064   Code   RO         2833    .text               c_w.l(rt_memcpy_w.o)
    0x080006ae   0x080006ae   0x0000004a   Code   RO         2852    .text               c_w.l(sys_stackheap_outer.o)
    0x080006f8   0x080006f8   0x00000012   Code   RO         2854    .text               c_w.l(exit.o)
    0x0800070a   0x0800070a   0x00000002   PAD
    0x0800070c   0x0800070c   0x00000008   Code   RO         2866    .text               c_w.l(libspace.o)
    0x08000714   0x08000714   0x0000000c   Code   RO         2924    .text               c_w.l(sys_exit.o)
    0x08000720   0x08000720   0x00000002   Code   RO         2947    .text               c_w.l(use_no_semi.o)
    0x08000722   0x08000722   0x00000000   Code   RO         2949    .text               c_w.l(indicate_semi.o)
    0x08000722   0x08000722   0x00000006   PAD
    0x08000728   0x08000728   0x00000016   Code   RO         2618    .text.Action_Request  action_api.o
    0x0800073e   0x0800073e   0x00000002   PAD
    0x08000740   0x08000740   0x000000bc   Code   RO         2620    .text.Action_Run1ms  action_api.o
    0x080007fc   0x080007fc   0x00000004   PAD
    0x08000800   0x08000800   0x00000002   Code   RO          156    .text.BusFault_Handler  stm32h7xx_it.o
    0x08000802   0x08000802   0x00000006   PAD
    0x08000808   0x08000808   0x00000048   Code   RO         2646    .text.C610_GetStatus  c610_2006.o
    0x08000850   0x08000850   0x000001b8   Code   RO         2632    .text.C610_Init     c610_2006.o
    0x08000a08   0x08000a08   0x00000280   Code   RO         2636    .text.C610_Run      c610_2006.o
    0x08000c88   0x08000c88   0x00000054   Code   RO         2638    .text.C610_SetPos   c610_2006.o
    0x08000cdc   0x08000cdc   0x00000004   PAD
    0x08000ce0   0x08000ce0   0x000000bc   Code   RO         2696    .text.Chassis_Init  chassis_main.o
    0x08000d9c   0x08000d9c   0x00000004   PAD
    0x08000da0   0x08000da0   0x00000148   Code   RO         2700    .text.Chassis_Run1ms  chassis_main.o
    0x08000ee8   0x08000ee8   0x00000080   Code   RO         2698    .text.Chassis_SetVelocity  chassis_main.o
    0x08000f68   0x08000f68   0x00000070   Code   RO         2702    .text.Chassis_StopAll  chassis_main.o
    0x08000fd8   0x08000fd8   0x00000016   Code   RO         2723    .text.ComputerLink_Error  computer_link.o
    0x08000fee   0x08000fee   0x00000002   PAD
    0x08000ff0   0x08000ff0   0x00000050   Code   RO         2717    .text.ComputerLink_Init  computer_link.o
    0x08001040   0x08001040   0x000000b6   Code   RO         2719    .text.ComputerLink_Run  computer_link.o
    0x080010f6   0x080010f6   0x00000002   PAD
    0x080010f8   0x080010f8   0x000000f2   Code   RO         2721    .text.ComputerLink_RxCplt  computer_link.o
    0x080011ea   0x080011ea   0x00000006   PAD
    0x080011f0   0x080011f0   0x0000000c   Code   RO          162    .text.DMA1_Stream0_IRQHandler  stm32h7xx_it.o
    0x080011fc   0x080011fc   0x00000004   PAD
    0x08001200   0x08001200   0x0000000c   Code   RO          164    .text.DMA1_Stream1_IRQHandler  stm32h7xx_it.o
    0x0800120c   0x0800120c   0x00000004   PAD
    0x08001210   0x08001210   0x0000000c   Code   RO          166    .text.DMA1_Stream2_IRQHandler  stm32h7xx_it.o
    0x0800121c   0x0800121c   0x00000004   PAD
    0x08001220   0x08001220   0x0000000c   Code   RO          168    .text.DMA1_Stream3_IRQHandler  stm32h7xx_it.o
    0x0800122c   0x0800122c   0x00000004   PAD
    0x08001230   0x08001230   0x0000000c   Code   RO          170    .text.DMA1_Stream4_IRQHandler  stm32h7xx_it.o
    0x0800123c   0x0800123c   0x00000004   PAD
    0x08001240   0x08001240   0x0000000c   Code   RO          172    .text.DMA1_Stream5_IRQHandler  stm32h7xx_it.o
    0x0800124c   0x0800124c   0x00000004   PAD
    0x08001250   0x08001250   0x0000000c   Code   RO          174    .text.DMA1_Stream6_IRQHandler  stm32h7xx_it.o
    0x0800125c   0x0800125c   0x00000004   PAD
    0x08001260   0x08001260   0x0000000c   Code   RO          184    .text.DMA1_Stream7_IRQHandler  stm32h7xx_it.o
    0x0800126c   0x0800126c   0x00000004   PAD
    0x08001270   0x08001270   0x0000000c   Code   RO          190    .text.DMA2_Stream0_IRQHandler  stm32h7xx_it.o
    0x0800127c   0x0800127c   0x00000004   PAD
    0x08001280   0x08001280   0x0000000c   Code   RO          192    .text.DMA2_Stream1_IRQHandler  stm32h7xx_it.o
    0x0800128c   0x0800128c   0x00000004   PAD
    0x08001290   0x08001290   0x0000000c   Code   RO          194    .text.DMA2_Stream2_IRQHandler  stm32h7xx_it.o
    0x0800129c   0x0800129c   0x00000004   PAD
    0x080012a0   0x080012a0   0x0000000c   Code   RO          196    .text.DMA2_Stream3_IRQHandler  stm32h7xx_it.o
    0x080012ac   0x080012ac   0x00000004   PAD
    0x080012b0   0x080012b0   0x0000012c   Code   RO          837    .text.DMA_CalcBaseAndBitshift  stm32h7xx_hal_dma.o
    0x080013dc   0x080013dc   0x00000004   PAD
    0x080013e0   0x080013e0   0x00000306   Code   RO          843    .text.DMA_SetConfig  stm32h7xx_hal_dma.o
    0x080016e6   0x080016e6   0x00000002   PAD
    0x080016e8   0x080016e8   0x00000016   Code   RO         2742    .text.DT35Link_Error  dt35_link.o
    0x080016fe   0x080016fe   0x00000002   PAD
    0x08001700   0x08001700   0x00000040   Code   RO         2734    .text.DT35Link_Init  dt35_link.o
    0x08001740   0x08001740   0x00000054   Code   RO         2736    .text.DT35Link_Run  dt35_link.o
    0x08001794   0x08001794   0x00000004   PAD
    0x08001798   0x08001798   0x000000a0   Code   RO         2740    .text.DT35Link_RxCplt  dt35_link.o
    0x08001838   0x08001838   0x00000094   Code   RO         2738    .text.DT35Link_Send  dt35_link.o
    0x080018cc   0x080018cc   0x00000004   PAD
    0x080018d0   0x080018d0   0x00000002   Code   RO          160    .text.DebugMon_Handler  stm32h7xx_it.o
    0x080018d2   0x080018d2   0x00000006   PAD
    0x080018d8   0x080018d8   0x00000090   Code   RO         2422    .text.DmApp_Enable  dm_app.o
    0x08001968   0x08001968   0x00000110   Code   RO         2430    .text.DmApp_GetStatus  dm_app.o
    0x08001a78   0x08001a78   0x000002f4   Code   RO         2414    .text.DmApp_Init    dm_app.o
    0x08001d6c   0x08001d6c   0x00000004   PAD
    0x08001d70   0x08001d70   0x000000a2   Code   RO         2424    .text.DmApp_Restart  dm_app.o
    0x08001e12   0x08001e12   0x00000006   PAD
    0x08001e18   0x08001e18   0x00000120   Code   RO         2418    .text.DmApp_Run     dm_app.o
    0x08001f38   0x08001f38   0x0000017c   Code   RO         2420    .text.DmApp_SetMitCmd  dm_app.o
    0x080020b4   0x080020b4   0x00000004   PAD
    0x080020b8   0x080020b8   0x00000040   Code   RO         2396    .text.DmMotor_BuildDisable  dm_motor.o
    0x080020f8   0x080020f8   0x00000040   Code   RO         2394    .text.DmMotor_BuildEnable  dm_motor.o
    0x08002138   0x08002138   0x00000274   Code   RO         2400    .text.DmMotor_BuildMit  dm_motor.o
    0x080023ac   0x080023ac   0x00000004   PAD
    0x080023b0   0x080023b0   0x000000d0   Code   RO         2404    .text.DmMotor_GetState  dm_motor.o
    0x08002480   0x08002480   0x0000004c   Code   RO         2390    .text.DmMotor_Init  dm_motor.o
    0x080024cc   0x080024cc   0x00000004   PAD
    0x080024d0   0x080024d0   0x000000f4   Code   RO         2402    .text.DmMotor_Parse  dm_motor.o
    0x080025c4   0x080025c4   0x00000004   PAD
    0x080025c8   0x080025c8   0x00000006   Code   RO           17    .text.Error_Handler  main.o
    0x080025ce   0x080025ce   0x00000002   PAD
    0x080025d0   0x080025d0   0x0000002c   Code   RO         1783    .text.ExitRun0Mode  system_stm32h7xx.o
    0x080025fc   0x080025fc   0x00000004   PAD
    0x08002600   0x08002600   0x0000000c   Code   RO          176    .text.FDCAN1_IT0_IRQHandler  stm32h7xx_it.o
    0x0800260c   0x0800260c   0x00000004   PAD
    0x08002610   0x08002610   0x0000000c   Code   RO          178    .text.FDCAN2_IT0_IRQHandler  stm32h7xx_it.o
    0x0800261c   0x0800261c   0x00000004   PAD
    0x08002620   0x08002620   0x0000000c   Code   RO          204    .text.FDCAN3_IT0_IRQHandler  stm32h7xx_it.o
    0x0800262c   0x0800262c   0x00000004   PAD
    0x08002630   0x08002630   0x0000001a   Code   RO         2558    .text.Fdcan_GetRsBus  fdcan_task.o
    0x0800264a   0x0800264a   0x00000006   PAD
    0x08002650   0x08002650   0x0000001a   Code   RO         2560    .text.Fdcan_GetStdBus  fdcan_task.o
    0x0800266a   0x0800266a   0x00000006   PAD
    0x08002670   0x08002670   0x0000001a   Code   RO         2564    .text.Fdcan_HandleErrorIsr  fdcan_task.o
    0x0800268a   0x0800268a   0x00000006   PAD
    0x08002690   0x08002690   0x00000034   Code   RO         2562    .text.Fdcan_HandleRxIsr  fdcan_task.o
    0x080026c4   0x080026c4   0x00000004   PAD
    0x080026c8   0x080026c8   0x00000070   Code   RO         2552    .text.Fdcan_Init    fdcan_task.o
    0x08002738   0x08002738   0x0000002e   Code   RO         2554    .text.Fdcan_Run1ms  fdcan_task.o
    0x08002766   0x08002766   0x00000002   PAD
    0x08002768   0x08002768   0x00000030   Code   RO         2556    .text.Fdcan_Stop    fdcan_task.o
    0x08002798   0x08002798   0x0000052e   Code   RO          847    .text.HAL_DMA_Abort  stm32h7xx_hal_dma.o
    0x08002cc6   0x08002cc6   0x00000002   PAD
    0x08002cc8   0x08002cc8   0x000002ba   Code   RO          849    .text.HAL_DMA_Abort_IT  stm32h7xx_hal_dma.o
    0x08002f82   0x08002f82   0x00000006   PAD
    0x08002f88   0x08002f88   0x00000004   Code   RO          861    .text.HAL_DMA_GetError  stm32h7xx_hal_dma.o
    0x08002f8c   0x08002f8c   0x00000004   PAD
    0x08002f90   0x08002f90   0x00000838   Code   RO          853    .text.HAL_DMA_IRQHandler  stm32h7xx_hal_dma.o
    0x080037c8   0x080037c8   0x0000067e   Code   RO          835    .text.HAL_DMA_Init  stm32h7xx_hal_dma.o
    0x08003e46   0x08003e46   0x00000002   PAD
    0x08003e48   0x08003e48   0x000003a2   Code   RO          845    .text.HAL_DMA_Start_IT  stm32h7xx_hal_dma.o
    0x080041ea   0x080041ea   0x00000006   PAD
    0x080041f0   0x080041f0   0x0000008c   Code   RO         1535    .text.HAL_FDCAN_ActivateNotification  stm32h7xx_hal_fdcan.o
    0x0800427c   0x0800427c   0x00000004   PAD
    0x08004280   0x08004280   0x000000ee   Code   RO         1457    .text.HAL_FDCAN_AddMessageToTxFifoQ  stm32h7xx_hal_fdcan.o
    0x0800436e   0x0800436e   0x00000002   PAD
    0x08004370   0x08004370   0x00000002   Code   RO         1549    .text.HAL_FDCAN_ClockCalibrationCallback  stm32h7xx_hal_fdcan.o
    0x08004372   0x08004372   0x00000006   PAD
    0x08004378   0x08004378   0x0000008c   Code   RO         1409    .text.HAL_FDCAN_ConfigFilter  stm32h7xx_hal_fdcan.o
    0x08004404   0x08004404   0x00000004   PAD
    0x08004408   0x08004408   0x00000038   Code   RO         1411    .text.HAL_FDCAN_ConfigGlobalFilter  stm32h7xx_hal_fdcan.o
    0x08004440   0x08004440   0x00000048   Code   RO         1415    .text.HAL_FDCAN_ConfigRxFifoOverwrite  stm32h7xx_hal_fdcan.o
    0x08004488   0x08004488   0x00000002   Code   RO         1577    .text.HAL_FDCAN_ErrorCallback  stm32h7xx_hal_fdcan.o
    0x0800448a   0x0800448a   0x00000006   PAD
    0x08004490   0x08004490   0x00000004   Code   RO           94    .text.HAL_FDCAN_ErrorStatusCallback  fdcan.o
    0x08004494   0x08004494   0x00000004   PAD
    0x08004498   0x08004498   0x0000004a   Code   RO         1473    .text.HAL_FDCAN_GetProtocolStatus  stm32h7xx_hal_fdcan.o
    0x080044e2   0x080044e2   0x00000006   PAD
    0x080044e8   0x080044e8   0x00000012   Code   RO         1481    .text.HAL_FDCAN_GetRxFifoFillLevel  stm32h7xx_hal_fdcan.o
    0x080044fa   0x080044fa   0x00000006   PAD
    0x08004500   0x08004500   0x00000212   Code   RO         1467    .text.HAL_FDCAN_GetRxMessage  stm32h7xx_hal_fdcan.o
    0x08004712   0x08004712   0x00000006   PAD
    0x08004718   0x08004718   0x0000000c   Code   RO         1483    .text.HAL_FDCAN_GetTxFifoFreeLevel  stm32h7xx_hal_fdcan.o
    0x08004724   0x08004724   0x00000004   PAD
    0x08004728   0x08004728   0x00000002   Code   RO         1545    .text.HAL_FDCAN_HighPriorityMessageCallback  stm32h7xx_hal_fdcan.o
    0x0800472a   0x0800472a   0x00000006   PAD
    0x08004730   0x08004730   0x00000316   Code   RO         1543    .text.HAL_FDCAN_IRQHandler  stm32h7xx_hal_fdcan.o
    0x08004a46   0x08004a46   0x00000002   PAD
    0x08004a48   0x08004a48   0x00000400   Code   RO         1387    .text.HAL_FDCAN_Init  stm32h7xx_hal_fdcan.o
    0x08004e48   0x08004e48   0x0000015e   Code   RO           88    .text.HAL_FDCAN_MspInit  fdcan.o
    0x08004fa6   0x08004fa6   0x00000002   PAD
    0x08004fa8   0x08004fa8   0x00000002   Code   RO         1561    .text.HAL_FDCAN_RxBufferNewMessageCallback  stm32h7xx_hal_fdcan.o
    0x08004faa   0x08004faa   0x00000006   PAD
    0x08004fb0   0x08004fb0   0x00000004   Code   RO           92    .text.HAL_FDCAN_RxFifo0Callback  fdcan.o
    0x08004fb4   0x08004fb4   0x00000004   PAD
    0x08004fb8   0x08004fb8   0x00000002   Code   RO         1555    .text.HAL_FDCAN_RxFifo1Callback  stm32h7xx_hal_fdcan.o
    0x08004fba   0x08004fba   0x00000006   PAD
    0x08004fc0   0x08004fc0   0x00000034   Code   RO         1455    .text.HAL_FDCAN_Start  stm32h7xx_hal_fdcan.o
    0x08004ff4   0x08004ff4   0x00000004   PAD
    0x08004ff8   0x08004ff8   0x00000382   Code   RO         1393    .text.HAL_FDCAN_Stop  stm32h7xx_hal_fdcan.o
    0x0800537a   0x0800537a   0x00000006   PAD
    0x08005380   0x08005380   0x00000002   Code   RO         1575    .text.HAL_FDCAN_TT_GlobalTimeCallback  stm32h7xx_hal_fdcan.o
    0x08005382   0x08005382   0x00000006   PAD
    0x08005388   0x08005388   0x00000002   Code   RO         1569    .text.HAL_FDCAN_TT_ScheduleSyncCallback  stm32h7xx_hal_fdcan.o
    0x0800538a   0x0800538a   0x00000006   PAD
    0x08005390   0x08005390   0x00000002   Code   RO         1573    .text.HAL_FDCAN_TT_StopWatchCallback  stm32h7xx_hal_fdcan.o
    0x08005392   0x08005392   0x00000006   PAD
    0x08005398   0x08005398   0x00000002   Code   RO         1571    .text.HAL_FDCAN_TT_TimeMarkCallback  stm32h7xx_hal_fdcan.o
    0x0800539a   0x0800539a   0x00000006   PAD
    0x080053a0   0x080053a0   0x00000002   Code   RO         1565    .text.HAL_FDCAN_TimeoutOccurredCallback  stm32h7xx_hal_fdcan.o
    0x080053a2   0x080053a2   0x00000006   PAD
    0x080053a8   0x080053a8   0x00000002   Code   RO         1563    .text.HAL_FDCAN_TimestampWraparoundCallback  stm32h7xx_hal_fdcan.o
    0x080053aa   0x080053aa   0x00000006   PAD
    0x080053b0   0x080053b0   0x00000002   Code   RO         1547    .text.HAL_FDCAN_TxBufferAbortCallback  stm32h7xx_hal_fdcan.o
    0x080053b2   0x080053b2   0x00000006   PAD
    0x080053b8   0x080053b8   0x00000002   Code   RO         1559    .text.HAL_FDCAN_TxBufferCompleteCallback  stm32h7xx_hal_fdcan.o
    0x080053ba   0x080053ba   0x00000006   PAD
    0x080053c0   0x080053c0   0x00000002   Code   RO         1551    .text.HAL_FDCAN_TxEventFifoCallback  stm32h7xx_hal_fdcan.o
    0x080053c2   0x080053c2   0x00000006   PAD
    0x080053c8   0x080053c8   0x00000002   Code   RO         1557    .text.HAL_FDCAN_TxFifoEmptyCallback  stm32h7xx_hal_fdcan.o
    0x080053ca   0x080053ca   0x00000006   PAD
    0x080053d0   0x080053d0   0x000001f6   Code   RO          781    .text.HAL_GPIO_Init  stm32h7xx_hal_gpio.o
    0x080055c6   0x080055c6   0x00000002   PAD
    0x080055c8   0x080055c8   0x0000000a   Code   RO          787    .text.HAL_GPIO_WritePin  stm32h7xx_hal_gpio.o
    0x080055d2   0x080055d2   0x00000006   PAD
    0x080055d8   0x080055d8   0x0000000c   Code   RO         1081    .text.HAL_GetTick   stm32h7xx_hal.o
    0x080055e4   0x080055e4   0x00000004   PAD
    0x080055e8   0x080055e8   0x0000001a   Code   RO         1079    .text.HAL_IncTick   stm32h7xx_hal.o
    0x08005602   0x08005602   0x00000006   PAD
    0x08005608   0x08005608   0x00000064   Code   RO         1069    .text.HAL_Init      stm32h7xx_hal.o
    0x0800566c   0x0800566c   0x00000004   PAD
    0x08005670   0x08005670   0x000000a4   Code   RO          222    .text.HAL_InitTick  stm32h7xx_hal_timebase_tim.o
    0x08005714   0x08005714   0x00000004   PAD
    0x08005718   0x08005718   0x0000005e   Code   RO          590    .text.HAL_MPU_ConfigRegion  stm32h7xx_hal_cortex.o
    0x08005776   0x08005776   0x00000002   PAD
    0x08005778   0x08005778   0x0000001a   Code   RO          582    .text.HAL_MPU_Disable  stm32h7xx_hal_cortex.o
    0x08005792   0x08005792   0x00000006   PAD
    0x08005798   0x08005798   0x00000020   Code   RO          584    .text.HAL_MPU_Enable  stm32h7xx_hal_cortex.o
    0x080057b8   0x080057b8   0x0000002a   Code   RO          213    .text.HAL_MspInit   stm32h7xx_hal_msp.o
    0x080057e2   0x080057e2   0x00000006   PAD
    0x080057e8   0x080057e8   0x00000020   Code   RO          572    .text.HAL_NVIC_EnableIRQ  stm32h7xx_hal_cortex.o
    0x08005808   0x08005808   0x0000005c   Code   RO          570    .text.HAL_NVIC_SetPriority  stm32h7xx_hal_cortex.o
    0x08005864   0x08005864   0x00000004   PAD
    0x08005868   0x08005868   0x00000020   Code   RO          568    .text.HAL_NVIC_SetPriorityGrouping  stm32h7xx_hal_cortex.o
    0x08005888   0x08005888   0x0000004c   Code   RO          985    .text.HAL_PWREx_ConfigSupply  stm32h7xx_hal_pwr_ex.o
    0x080058d4   0x080058d4   0x00000004   PAD
    0x080058d8   0x080058d8   0x00000026   Code   RO          672    .text.HAL_RCCEx_GetD3PCLK1Freq  stm32h7xx_hal_rcc_ex.o
    0x080058fe   0x080058fe   0x00000002   PAD
    0x08005900   0x08005900   0x0000012c   Code   RO          668    .text.HAL_RCCEx_GetPLL2ClockFreq  stm32h7xx_hal_rcc_ex.o
    0x08005a2c   0x08005a2c   0x00000004   PAD
    0x08005a30   0x08005a30   0x0000012c   Code   RO          670    .text.HAL_RCCEx_GetPLL3ClockFreq  stm32h7xx_hal_rcc_ex.o
    0x08005b5c   0x08005b5c   0x00000004   PAD
    0x08005b60   0x08005b60   0x00000aa8   Code   RO          656    .text.HAL_RCCEx_PeriphCLKConfig  stm32h7xx_hal_rcc_ex.o
    0x08006608   0x08006608   0x00000268   Code   RO          624    .text.HAL_RCC_ClockConfig  stm32h7xx_hal_rcc.o
    0x08006870   0x08006870   0x00000058   Code   RO          642    .text.HAL_RCC_GetClockConfig  stm32h7xx_hal_rcc.o
    0x080068c8   0x080068c8   0x0000004c   Code   RO          634    .text.HAL_RCC_GetHCLKFreq  stm32h7xx_hal_rcc.o
    0x08006914   0x08006914   0x00000004   PAD
    0x08006918   0x08006918   0x00000060   Code   RO          636    .text.HAL_RCC_GetPCLK1Freq  stm32h7xx_hal_rcc.o
    0x08006978   0x08006978   0x00000060   Code   RO          638    .text.HAL_RCC_GetPCLK2Freq  stm32h7xx_hal_rcc.o
    0x080069d8   0x080069d8   0x00000114   Code   RO          626    .text.HAL_RCC_GetSysClockFreq  stm32h7xx_hal_rcc.o
    0x08006aec   0x08006aec   0x00000004   PAD
    0x08006af0   0x08006af0   0x00000518   Code   RO          622    .text.HAL_RCC_OscConfig  stm32h7xx_hal_rcc.o
    0x08007008   0x08007008   0x00000002   Code   RO          554    .text.HAL_TIMEx_Break2Callback  stm32h7xx_hal_tim_ex.o
    0x0800700a   0x0800700a   0x00000006   PAD
    0x08007010   0x08007010   0x00000002   Code   RO          552    .text.HAL_TIMEx_BreakCallback  stm32h7xx_hal_tim_ex.o
    0x08007012   0x08007012   0x00000006   PAD
    0x08007018   0x08007018   0x00000002   Code   RO          548    .text.HAL_TIMEx_CommutCallback  stm32h7xx_hal_tim_ex.o
    0x0800701a   0x0800701a   0x00000006   PAD
    0x08007020   0x08007020   0x00000060   Code   RO          237    .text.HAL_TIM_Base_Init  stm32h7xx_hal_tim.o
    0x08007080   0x08007080   0x00000002   Code   RO          239    .text.HAL_TIM_Base_MspInit  stm32h7xx_hal_tim.o
    0x08007082   0x08007082   0x00000006   PAD
    0x08007088   0x08007088   0x000000dc   Code   RO          251    .text.HAL_TIM_Base_Start_IT  stm32h7xx_hal_tim.o
    0x08007164   0x08007164   0x00000004   PAD
    0x08007168   0x08007168   0x00000002   Code   RO          373    .text.HAL_TIM_IC_CaptureCallback  stm32h7xx_hal_tim.o
    0x0800716a   0x0800716a   0x00000006   PAD
    0x08007170   0x08007170   0x0000016c   Code   RO          371    .text.HAL_TIM_IRQHandler  stm32h7xx_hal_tim.o
    0x080072dc   0x080072dc   0x00000004   PAD
    0x080072e0   0x080072e0   0x00000002   Code   RO          375    .text.HAL_TIM_OC_DelayElapsedCallback  stm32h7xx_hal_tim.o
    0x080072e2   0x080072e2   0x00000006   PAD
    0x080072e8   0x080072e8   0x00000002   Code   RO          377    .text.HAL_TIM_PWM_PulseFinishedCallback  stm32h7xx_hal_tim.o
    0x080072ea   0x080072ea   0x00000006   PAD
    0x080072f0   0x080072f0   0x00000014   Code   RO           25    .text.HAL_TIM_PeriodElapsedCallback  main.o
    0x08007304   0x08007304   0x00000004   PAD
    0x08007308   0x08007308   0x00000002   Code   RO          381    .text.HAL_TIM_TriggerCallback  stm32h7xx_hal_tim.o
    0x0800730a   0x0800730a   0x00000006   PAD
    0x08007310   0x08007310   0x00000036   Code   RO         1756    .text.HAL_UARTEx_DisableFifoMode  stm32h7xx_hal_uart_ex.o
    0x08007346   0x08007346   0x00000002   PAD
    0x08007348   0x08007348   0x000000a8   Code   RO         1766    .text.HAL_UARTEx_ReceiveToIdle_DMA  stm32h7xx_hal_uart_ex.o
    0x080073f0   0x080073f0   0x00000004   Code   RO           21    .text.HAL_UARTEx_RxEventCallback  main.o
    0x080073f4   0x080073f4   0x00000004   PAD
    0x080073f8   0x080073f8   0x00000002   Code   RO         1742    .text.HAL_UARTEx_RxFifoFullCallback  stm32h7xx_hal_uart_ex.o
    0x080073fa   0x080073fa   0x00000006   PAD
    0x08007400   0x08007400   0x00000090   Code   RO         1760    .text.HAL_UARTEx_SetRxFifoThreshold  stm32h7xx_hal_uart_ex.o
    0x08007490   0x08007490   0x00000090   Code   RO         1758    .text.HAL_UARTEx_SetTxFifoThreshold  stm32h7xx_hal_uart_ex.o
    0x08007520   0x08007520   0x00000002   Code   RO         1744    .text.HAL_UARTEx_TxFifoEmptyCallback  stm32h7xx_hal_uart_ex.o
    0x08007522   0x08007522   0x00000006   PAD
    0x08007528   0x08007528   0x00000002   Code   RO         1740    .text.HAL_UARTEx_WakeupCallback  stm32h7xx_hal_uart_ex.o
    0x0800752a   0x0800752a   0x00000006   PAD
    0x08007530   0x08007530   0x00000192   Code   RO         1655    .text.HAL_UART_AbortReceive  stm32h7xx_hal_uart.o
    0x080076c2   0x080076c2   0x00000006   PAD
    0x080076c8   0x080076c8   0x00000018   Code   RO           23    .text.HAL_UART_ErrorCallback  main.o
    0x080076e0   0x080076e0   0x00000686   Code   RO         1677    .text.HAL_UART_IRQHandler  stm32h7xx_hal_uart.o
    0x08007d66   0x08007d66   0x00000002   PAD
    0x08007d68   0x08007d68   0x00000068   Code   RO         1593    .text.HAL_UART_Init  stm32h7xx_hal_uart.o
    0x08007dd0   0x08007dd0   0x00000584   Code   RO          120    .text.HAL_UART_MspInit  usart.o
    0x08008354   0x08008354   0x00000004   PAD
    0x08008358   0x08008358   0x000000ac   Code   RO         1629    .text.HAL_UART_Receive_IT  stm32h7xx_hal_uart.o
    0x08008404   0x08008404   0x00000004   PAD
    0x08008408   0x08008408   0x00000012   Code   RO           19    .text.HAL_UART_RxCpltCallback  main.o
    0x0800841a   0x0800841a   0x00000006   PAD
    0x08008420   0x08008420   0x00000002   Code   RO         1691    .text.HAL_UART_RxHalfCpltCallback  stm32h7xx_hal_uart.o
    0x08008422   0x08008422   0x00000006   PAD
    0x08008428   0x08008428   0x0000013c   Code   RO         1613    .text.HAL_UART_Transmit  stm32h7xx_hal_uart.o
    0x08008564   0x08008564   0x00000004   PAD
    0x08008568   0x08008568   0x00000002   Code   RO         1685    .text.HAL_UART_TxCpltCallback  stm32h7xx_hal_uart.o
    0x0800856a   0x0800856a   0x00000006   PAD
    0x08008570   0x08008570   0x00000002   Code   RO          152    .text.HardFault_Handler  stm32h7xx_it.o
    0x08008572   0x08008572   0x00000006   PAD
    0x08008578   0x08008578   0x000003e0   Code   RO         2784    .text.ImuMain_CalcOmega  imu_main.o
    0x08008958   0x08008958   0x00000004   Code   RO         2794    .text.ImuMain_HandleRxEvent  imu_main.o
    0x0800895c   0x0800895c   0x00000004   PAD
    0x08008960   0x08008960   0x00000004   Code   RO         2796    .text.ImuMain_HandleUartError  imu_main.o
    0x08008964   0x08008964   0x00000004   PAD
    0x08008968   0x08008968   0x0000005e   Code   RO         2778    .text.ImuMain_Init  imu_main.o
    0x080089c6   0x080089c6   0x00000002   PAD
    0x080089c8   0x080089c8   0x00000684   Code   RO         2780    .text.ImuMain_Run1ms  imu_main.o
    0x0800904c   0x0800904c   0x00000004   PAD
    0x08009050   0x08009050   0x000000a0   Code   RO         2792    .text.ImuMain_SendYaw  imu_main.o
    0x080090f0   0x080090f0   0x0000003a   Code   RO         2761    .text.Imu_GetRawData  imu.o
    0x0800912a   0x0800912a   0x00000006   PAD
    0x08009130   0x08009130   0x0000003a   Code   RO         2763    .text.Imu_GetStats  imu.o
    0x0800916a   0x0800916a   0x00000006   PAD
    0x08009170   0x08009170   0x000007c2   Code   RO         2765    .text.Imu_HandleRxEvent  imu.o
    0x08009932   0x08009932   0x00000006   PAD
    0x08009938   0x08009938   0x00000028   Code   RO         2767    .text.Imu_HandleUartError  imu.o
    0x08009960   0x08009960   0x0000004a   Code   RO         2753    .text.Imu_Init      imu.o
    0x080099aa   0x080099aa   0x00000006   PAD
    0x080099b0   0x080099b0   0x000001c4   Code   RO         2757    .text.Imu_Process   imu.o
    0x08009b74   0x08009b74   0x00000004   PAD
    0x08009b78   0x08009b78   0x00000024   Code   RO         2759    .text.Imu_Send      imu.o
    0x08009b9c   0x08009b9c   0x00000004   PAD
    0x08009ba0   0x08009ba0   0x000000f6   Code   RO           73    .text.MX_DMA_Init   dma.o
    0x08009c96   0x08009c96   0x00000002   PAD
    0x08009c98   0x08009c98   0x0000006a   Code   RO           82    .text.MX_FDCAN1_Init  fdcan.o
    0x08009d02   0x08009d02   0x00000006   PAD
    0x08009d08   0x08009d08   0x0000006c   Code   RO           84    .text.MX_FDCAN2_Init  fdcan.o
    0x08009d74   0x08009d74   0x00000004   PAD
    0x08009d78   0x08009d78   0x0000006e   Code   RO           86    .text.MX_FDCAN3_Init  fdcan.o
    0x08009de6   0x08009de6   0x00000002   PAD
    0x08009de8   0x08009de8   0x0000006c   Code   RO           49    .text.MX_FREERTOS_Init  freertos.o
    0x08009e54   0x08009e54   0x00000004   PAD
    0x08009e58   0x08009e58   0x000000aa   Code   RO           36    .text.MX_GPIO_Init  gpio.o
    0x08009f02   0x08009f02   0x00000006   PAD
    0x08009f08   0x08009f08   0x0000007c   Code   RO          108    .text.MX_UART4_Init  usart.o
    0x08009f84   0x08009f84   0x00000004   PAD
    0x08009f88   0x08009f88   0x0000007c   Code   RO          110    .text.MX_UART7_Init  usart.o
    0x0800a004   0x0800a004   0x00000004   PAD
    0x0800a008   0x0800a008   0x00000080   Code   RO          112    .text.MX_UART8_Init  usart.o
    0x0800a088   0x0800a088   0x0000007c   Code   RO          114    .text.MX_UART9_Init  usart.o
    0x0800a104   0x0800a104   0x00000004   PAD
    0x0800a108   0x0800a108   0x0000007c   Code   RO          116    .text.MX_USART1_UART_Init  usart.o
    0x0800a184   0x0800a184   0x00000004   PAD
    0x0800a188   0x0800a188   0x00000080   Code   RO          118    .text.MX_USART2_UART_Init  usart.o
    0x0800a208   0x0800a208   0x00000002   Code   RO          154    .text.MemManage_Handler  stm32h7xx_it.o
    0x0800a20a   0x0800a20a   0x00000006   PAD
    0x0800a210   0x0800a210   0x00000002   Code   RO          150    .text.NMI_Handler   stm32h7xx_it.o
    0x0800a212   0x0800a212   0x0000000e   PAD
    0x0800a220   0x0800a220   0x00000064   Code   RO         2374    .text.PendSV_Handler  port.o
    0x0800a284   0x0800a284   0x00000004   PAD
    0x0800a288   0x0800a288   0x00000122   Code   RO          658    .text.RCCEx_PLL2_Config  stm32h7xx_hal_rcc_ex.o
    0x0800a3aa   0x0800a3aa   0x00000006   PAD
    0x0800a3b0   0x0800a3b0   0x00000122   Code   RO          660    .text.RCCEx_PLL3_Config  stm32h7xx_hal_rcc_ex.o
    0x0800a4d2   0x0800a4d2   0x00000006   PAD
    0x0800a4d8   0x0800a4d8   0x0000007e   Code   RO         2532    .text.RsApp_Enable  rs_app.o
    0x0800a556   0x0800a556   0x00000002   PAD
    0x0800a558   0x0800a558   0x0000010c   Code   RO         2542    .text.RsApp_GetStatus  rs_app.o
    0x0800a664   0x0800a664   0x00000004   PAD
    0x0800a668   0x0800a668   0x000002b2   Code   RO         2522    .text.RsApp_Init    rs_app.o
    0x0800a91a   0x0800a91a   0x00000006   PAD
    0x0800a920   0x0800a920   0x0000008c   Code   RO         2534    .text.RsApp_Restart  rs_app.o
    0x0800a9ac   0x0800a9ac   0x00000004   PAD
    0x0800a9b0   0x0800a9b0   0x00000178   Code   RO         2528    .text.RsApp_Run     rs_app.o
    0x0800ab28   0x0800ab28   0x0000009a   Code   RO         2530    .text.RsApp_SetCmd  rs_app.o
    0x0800abc2   0x0800abc2   0x00000006   PAD
    0x0800abc8   0x0800abc8   0x00000096   Code   RO         2510    .text.RsBus_HandleRxIsr  rs_bus.o
    0x0800ac5e   0x0800ac5e   0x00000002   PAD
    0x0800ac60   0x0800ac60   0x0000009a   Code   RO         2502    .text.RsBus_Init    rs_bus.o
    0x0800acfa   0x0800acfa   0x00000006   PAD
    0x0800ad00   0x0800ad00   0x00000066   Code   RO         2512    .text.RsBus_ProcessRx  rs_bus.o
    0x0800ad66   0x0800ad66   0x00000002   PAD
    0x0800ad68   0x0800ad68   0x00000062   Code   RO         2508    .text.RsBus_Send    rs_bus.o
    0x0800adca   0x0800adca   0x00000006   PAD
    0x0800add0   0x0800add0   0x00000020   Code   RO         2506    .text.RsBus_SetHandler  rs_bus.o
    0x0800adf0   0x0800adf0   0x0000001e   Code   RO         2504    .text.RsBus_Stop    rs_bus.o
    0x0800ae0e   0x0800ae0e   0x00000002   PAD
    0x0800ae10   0x0800ae10   0x0000003c   Code   RO         2490    .text.RsMotor_GetFeedback  rs00.o
    0x0800ae4c   0x0800ae4c   0x00000004   PAD
    0x0800ae50   0x0800ae50   0x00000038   Code   RO         2464    .text.RsMotor_Init  rs00.o
    0x0800ae88   0x0800ae88   0x0000014c   Code   RO         2492    .text.RsMotor_Parse  rs00.o
    0x0800afd4   0x0800afd4   0x00000004   PAD
    0x0800afd8   0x0800afd8   0x00000144   Code   RO         2484    .text.RsMotor_SetCsp  rs00.o
    0x0800b11c   0x0800b11c   0x00000004   PAD
    0x0800b120   0x0800b120   0x000000bc   Code   RO         2478    .text.RsMotor_SetIq  rs00.o
    0x0800b1dc   0x0800b1dc   0x00000004   PAD
    0x0800b1e0   0x0800b1e0   0x0000023c   Code   RO         2474    .text.RsMotor_SetMotion  rs00.o
    0x0800b41c   0x0800b41c   0x00000004   PAD
    0x0800b420   0x0800b420   0x0000013c   Code   RO         2486    .text.RsMotor_SetPp  rs00.o
    0x0800b55c   0x0800b55c   0x00000004   PAD
    0x0800b560   0x0800b560   0x000001a8   Code   RO         2482    .text.RsMotor_SetSpeed  rs00.o
    0x0800b708   0x0800b708   0x00000138   Code   RO         2468    .text.RsMotor_Start  rs00.o
    0x0800b840   0x0800b840   0x00000056   Code   RO         2470    .text.RsMotor_Stop  rs00.o
    0x0800b896   0x0800b896   0x0000000a   PAD
    0x0800b8a0   0x0800b8a0   0x00000024   Code   RO         2358    .text.SVC_Handler   port.o
    0x0800b8c4   0x0800b8c4   0x00000004   PAD
    0x0800b8c8   0x0800b8c8   0x0000005a   Code   RO           53    .text.StartChassisTask  freertos.o
    0x0800b922   0x0800b922   0x00000006   PAD
    0x0800b928   0x0800b928   0x0000002c   Code   RO           57    .text.StartCommTask  freertos.o
    0x0800b954   0x0800b954   0x00000004   PAD
    0x0800b958   0x0800b958   0x0000002e   Code   RO           55    .text.StartLiftTask  freertos.o
    0x0800b986   0x0800b986   0x00000002   PAD
    0x0800b988   0x0800b988   0x000000ce   Code   RO           51    .text.StartStartupReminderTask  freertos.o
    0x0800ba56   0x0800ba56   0x00000002   PAD
    0x0800ba58   0x0800ba58   0x000000a4   Code   RO         2444    .text.StdCan_AddHandler  dm_2006_bus.o
    0x0800bafc   0x0800bafc   0x00000004   PAD
    0x0800bb00   0x0800bb00   0x00000036   Code   RO         2450    .text.StdCan_HandleErrorIsr  dm_2006_bus.o
    0x0800bb36   0x0800bb36   0x00000002   PAD
    0x0800bb38   0x0800bb38   0x000000b4   Code   RO         2448    .text.StdCan_HandleRxIsr  dm_2006_bus.o
    0x0800bbec   0x0800bbec   0x00000004   PAD
    0x0800bbf0   0x0800bbf0   0x00000160   Code   RO         2440    .text.StdCan_Init   dm_2006_bus.o
    0x0800bd50   0x0800bd50   0x0000008c   Code   RO         2452    .text.StdCan_ProcessRx  dm_2006_bus.o
    0x0800bddc   0x0800bddc   0x00000004   PAD
    0x0800bde0   0x0800bde0   0x00000074   Code   RO         2446    .text.StdCan_Send   dm_2006_bus.o
    0x0800be54   0x0800be54   0x00000004   PAD
    0x0800be58   0x0800be58   0x0000001e   Code   RO         2442    .text.StdCan_Stop   dm_2006_bus.o
    0x0800be76   0x0800be76   0x00000002   PAD
    0x0800be78   0x0800be78   0x0000001e   Code   RO         2163    .text.SysTick_Handler  cmsis_os2.o
    0x0800be96   0x0800be96   0x00000002   PAD
    0x0800be98   0x0800be98   0x000000c8   Code   RO           13    .text.SystemClock_Config  main.o
    0x0800bf60   0x0800bf60   0x000000d2   Code   RO         1779    .text.SystemInit    system_stm32h7xx.o
    0x0800c032   0x0800c032   0x00000006   PAD
    0x0800c038   0x0800c038   0x0000000c   Code   RO          188    .text.TIM6_DAC_IRQHandler  stm32h7xx_it.o
    0x0800c044   0x0800c044   0x00000004   PAD
    0x0800c048   0x0800c048   0x00000178   Code   RO          241    .text.TIM_Base_SetConfig  stm32h7xx_hal_tim.o
    0x0800c1c0   0x0800c1c0   0x0000000c   Code   RO          186    .text.UART4_IRQHandler  stm32h7xx_it.o
    0x0800c1cc   0x0800c1cc   0x00000004   PAD
    0x0800c1d0   0x0800c1d0   0x0000000c   Code   RO          198    .text.UART7_IRQHandler  stm32h7xx_it.o
    0x0800c1dc   0x0800c1dc   0x00000004   PAD
    0x0800c1e0   0x0800c1e0   0x0000000c   Code   RO          200    .text.UART8_IRQHandler  stm32h7xx_it.o
    0x0800c1ec   0x0800c1ec   0x00000004   PAD
    0x0800c1f0   0x0800c1f0   0x0000000c   Code   RO          202    .text.UART9_IRQHandler  stm32h7xx_it.o
    0x0800c1fc   0x0800c1fc   0x00000004   PAD
    0x0800c200   0x0800c200   0x000000e0   Code   RO         1597    .text.UART_AdvFeatureConfig  stm32h7xx_hal_uart.o
    0x0800c2e0   0x0800c2e0   0x00000176   Code   RO         1601    .text.UART_CheckIdleState  stm32h7xx_hal_uart.o
    0x0800c456   0x0800c456   0x00000002   PAD
    0x0800c458   0x0800c458   0x00000006   Code   RO         1679    .text.UART_DMAAbortOnError  stm32h7xx_hal_uart.o
    0x0800c45e   0x0800c45e   0x00000002   PAD
    0x0800c460   0x0800c460   0x000001f0   Code   RO         1639    .text.UART_DMAError  stm32h7xx_hal_uart.o
    0x0800c650   0x0800c650   0x00000198   Code   RO         1723    .text.UART_DMAReceiveCplt  stm32h7xx_hal_uart.o
    0x0800c7e8   0x0800c7e8   0x00000038   Code   RO         1725    .text.UART_DMARxHalfCplt  stm32h7xx_hal_uart.o
    0x0800c820   0x0800c820   0x000001c4   Code   RO         1719    .text.UART_RxISR_16BIT  stm32h7xx_hal_uart.o
    0x0800c9e4   0x0800c9e4   0x00000004   PAD
    0x0800c9e8   0x0800c9e8   0x00000324   Code   RO         1715    .text.UART_RxISR_16BIT_FIFOEN  stm32h7xx_hal_uart.o
    0x0800cd0c   0x0800cd0c   0x00000004   PAD
    0x0800cd10   0x0800cd10   0x000001c0   Code   RO         1721    .text.UART_RxISR_8BIT  stm32h7xx_hal_uart.o
    0x0800ced0   0x0800ced0   0x00000328   Code   RO         1717    .text.UART_RxISR_8BIT_FIFOEN  stm32h7xx_hal_uart.o
    0x0800d1f8   0x0800d1f8   0x000004d4   Code   RO         1599    .text.UART_SetConfig  stm32h7xx_hal_uart.o
    0x0800d6cc   0x0800d6cc   0x00000004   PAD
    0x0800d6d0   0x0800d6d0   0x00000158   Code   RO         1643    .text.UART_Start_Receive_DMA  stm32h7xx_hal_uart.o
    0x0800d828   0x0800d828   0x00000274   Code   RO         1631    .text.UART_Start_Receive_IT  stm32h7xx_hal_uart.o
    0x0800da9c   0x0800da9c   0x00000004   PAD
    0x0800daa0   0x0800daa0   0x00000358   Code   RO         1615    .text.UART_WaitOnFlagUntilTimeout  stm32h7xx_hal_uart.o
    0x0800ddf8   0x0800ddf8   0x0000000c   Code   RO          180    .text.USART1_IRQHandler  stm32h7xx_it.o
    0x0800de04   0x0800de04   0x00000004   PAD
    0x0800de08   0x0800de08   0x0000000c   Code   RO          182    .text.USART2_IRQHandler  stm32h7xx_it.o
    0x0800de14   0x0800de14   0x00000004   PAD
    0x0800de18   0x0800de18   0x00000268   Code   RO         2579    .text.Up_HomeMotors  up_main.o
    0x0800e080   0x0800e080   0x000000a8   Code   RO         2577    .text.Up_Init       up_main.o
    0x0800e128   0x0800e128   0x000000c0   Code   RO         2589    .text.Up_MoveM2006  up_main.o
    0x0800e1e8   0x0800e1e8   0x0000038c   Code   RO         2591    .text.Up_Run1ms     up_main.o
    0x0800e574   0x0800e574   0x00000004   PAD
    0x0800e578   0x0800e578   0x000000b8   Code   RO         2585    .text.Up_SetDmPos   up_main.o
    0x0800e630   0x0800e630   0x000000b0   Code   RO         2581    .text.Up_SetMotorPos  up_main.o
    0x0800e6e0   0x0800e6e0   0x000000a4   Code   RO         2583    .text.Up_SetRsPos   up_main.o
    0x0800e784   0x0800e784   0x00000004   PAD
    0x0800e788   0x0800e788   0x00000002   Code   RO          158    .text.UsageFault_Handler  stm32h7xx_it.o
    0x0800e78a   0x0800e78a   0x00000006   PAD
    0x0800e790   0x0800e790   0x00000086   Code   RO         2656    .text.VescCan_Init  vesc_can.o
    0x0800e816   0x0800e816   0x00000002   PAD
    0x0800e818   0x0800e818   0x00000068   Code   RO         2662    .text.VescCan_Read  vesc_can.o
    0x0800e880   0x0800e880   0x00000080   Code   RO         2660    .text.VescCan_Recover  vesc_can.o
    0x0800e900   0x0800e900   0x00000114   Code   RO         2658    .text.VescCan_Send  vesc_can.o
    0x0800ea14   0x0800ea14   0x00000004   PAD
    0x0800ea18   0x0800ea18   0x0000001c   Code   RO         2664    .text.VescCan_Stop  vesc_can.o
    0x0800ea34   0x0800ea34   0x00000004   PAD
    0x0800ea38   0x0800ea38   0x00000062   Code   RO         2674    .text.VescMotor_Init  vesc_motor.o
    0x0800ea9a   0x0800ea9a   0x00000006   PAD
    0x0800eaa0   0x0800eaa0   0x000000a8   Code   RO         2682    .text.VescMotor_Parse  vesc_motor.o
    0x0800eb48   0x0800eb48   0x00000062   Code   RO         2678    .text.VescMotor_SendRpm  vesc_motor.o
    0x0800ebaa   0x0800ebaa   0x00000006   PAD
    0x0800ebb0   0x0800ebb0   0x00000050   Code   RO         2676    .text.VescMotor_SetRpm  vesc_motor.o
    0x0800ec00   0x0800ec00   0x00000016   Code   RO         2684    .text.VescMotor_Update  vesc_motor.o
    0x0800ec16   0x0800ec16   0x00000002   PAD
    0x0800ec18   0x0800ec18   0x000001f4   Code   RO         2524    .text.command_valid  rs_app.o
    0x0800ee0c   0x0800ee0c   0x00000004   PAD
    0x0800ee10   0x0800ee10   0x0000006a   Code   RO         2416    .text.handle_rx     dm_app.o
    0x0800ee7a   0x0800ee7a   0x00000006   PAD
    0x0800ee80   0x0800ee80   0x00000062   Code   RO         2526    .text.handle_rx     rs_app.o
    0x0800eee2   0x0800eee2   0x00000006   PAD
    0x0800eee8   0x0800eee8   0x0000008a   Code   RO         2634    .text.handle_rx     c610_2006.o
    0x0800ef72   0x0800ef72   0x00000006   PAD
    0x0800ef78   0x0800ef78   0x000000da   Code   RO           11    .text.main          main.o
    0x0800f052   0x0800f052   0x00000006   PAD
    0x0800f058   0x0800f058   0x00000040   Code   RO         2223    .text.osDelay       cmsis_os2.o
    0x0800f098   0x0800f098   0x0000005c   Code   RO         2225    .text.osDelayUntil  cmsis_os2.o
    0x0800f0f4   0x0800f0f4   0x00000004   PAD
    0x0800f0f8   0x0800f0f8   0x00000032   Code   RO         2179    .text.osKernelGetTickCount  cmsis_os2.o
    0x0800f12a   0x0800f12a   0x00000006   PAD
    0x0800f130   0x0800f130   0x0000004e   Code   RO         2165    .text.osKernelInitialize  cmsis_os2.o
    0x0800f17e   0x0800f17e   0x00000002   PAD
    0x0800f180   0x0800f180   0x0000005e   Code   RO         2171    .text.osKernelStart  cmsis_os2.o
    0x0800f1de   0x0800f1de   0x00000002   PAD
    0x0800f1e0   0x0800f1e0   0x0000000a   Code   RO         2207    .text.osThreadExit  cmsis_os2.o
    0x0800f1ea   0x0800f1ea   0x00000006   PAD
    0x0800f1f0   0x0800f1f0   0x000000cc   Code   RO         2187    .text.osThreadNew   cmsis_os2.o
    0x0800f2bc   0x0800f2bc   0x00000004   PAD
    0x0800f2c0   0x0800f2c0   0x00000086   Code   RO         1998    .text.prvAddCurrentTaskToDelayedList  tasks.o
    0x0800f346   0x0800f346   0x00000002   PAD
    0x0800f348   0x0800f348   0x000002b2   Code   RO         1988    .text.prvAddNewTaskToReadyList  tasks.o
    0x0800f5fa   0x0800f5fa   0x00000006   PAD
    0x0800f600   0x0800f600   0x00000086   Code   RO         2022    .text.prvIdleTask   tasks.o
    0x0800f686   0x0800f686   0x00000002   PAD
    0x0800f688   0x0800f688   0x00000124   Code   RO         1986    .text.prvInitialiseNewTask  tasks.o
    0x0800f7ac   0x0800f7ac   0x00000004   PAD
    0x0800f7b0   0x0800f7b0   0x00000028   Code   RO         2366    .text.prvPortStartFirstTask  port.o
    0x0800f7d8   0x0800f7d8   0x00000040   Code   RO         2356    .text.prvTaskExitError  port.o
    0x0800f818   0x0800f818   0x0000032e   Code   RO         2111    .text.prvTimerTask  timers.o
    0x0800fb46   0x0800fb46   0x00000002   PAD
    0x0800fb48   0x0800fb48   0x0000007a   Code   RO         1881    .text.prvUnlockQueue  queue.o
    0x0800fbc2   0x0800fbc2   0x00000006   PAD
    0x0800fbc8   0x0800fbc8   0x000001de   Code   RO         2330    .text.pvPortMalloc  heap_4.o
    0x0800fda6   0x0800fda6   0x00000002   PAD
    0x0800fda8   0x0800fda8   0x0000002c   Code   RO         2354    .text.pxPortInitialiseStack  port.o
    0x0800fdd4   0x0800fdd4   0x00000004   PAD
    0x0800fdd8   0x0800fdd8   0x0000002c   Code   RO         2476    .text.send_packet   rs00.o
    0x0800fe04   0x0800fe04   0x00000004   PAD
    0x0800fe08   0x0800fe08   0x00000126   Code   RO         2755    .text.start_receive  imu.o
    0x0800ff2e   0x0800ff2e   0x00000002   PAD
    0x0800ff30   0x0800ff30   0x0000002a   Code   RO         1843    .text.uxListRemove  list.o
    0x0800ff5a   0x0800ff5a   0x00000006   PAD
    0x0800ff60   0x0800ff60   0x0000001c   Code   RO         2313    .text.vApplicationGetIdleTaskMemory  cmsis_os2.o
    0x0800ff7c   0x0800ff7c   0x00000004   PAD
    0x0800ff80   0x0800ff80   0x0000001c   Code   RO         2315    .text.vApplicationGetTimerTaskMemory  cmsis_os2.o
    0x0800ff9c   0x0800ff9c   0x00000004   PAD
    0x0800ffa0   0x0800ffa0   0x00000002   Code   RO           47    .text.vApplicationMallocFailedHook  freertos.o
    0x0800ffa2   0x0800ffa2   0x00000006   PAD
    0x0800ffa8   0x0800ffa8   0x00000002   Code   RO           45    .text.vApplicationStackOverflowHook  freertos.o
    0x0800ffaa   0x0800ffaa   0x00000006   PAD
    0x0800ffb0   0x0800ffb0   0x00000016   Code   RO         1835    .text.vListInitialise  list.o
    0x0800ffc6   0x0800ffc6   0x00000002   PAD
    0x0800ffc8   0x0800ffc8   0x00000006   Code   RO         1837    .text.vListInitialiseItem  list.o
    0x0800ffce   0x0800ffce   0x00000002   PAD
    0x0800ffd0   0x0800ffd0   0x00000062   Code   RO         1841    .text.vListInsert   list.o
    0x08010032   0x08010032   0x00000006   PAD
    0x08010038   0x08010038   0x0000001c   Code   RO         1839    .text.vListInsertEnd  list.o
    0x08010054   0x08010054   0x00000004   PAD
    0x08010058   0x08010058   0x00000014   Code   RO         2364    .text.vPortEnableVFP  port.o
    0x0801006c   0x0801006c   0x00000004   PAD
    0x08010070   0x08010070   0x0000004a   Code   RO         2370    .text.vPortEnterCritical  port.o
    0x080100ba   0x080100ba   0x00000006   PAD
    0x080100c0   0x080100c0   0x0000002e   Code   RO         2372    .text.vPortExitCritical  port.o
    0x080100ee   0x080100ee   0x00000002   PAD
    0x080100f0   0x080100f0   0x000000d8   Code   RO         2332    .text.vPortFree     heap_4.o
    0x080101c8   0x080101c8   0x00000034   Code   RO         2362    .text.vPortSetupTimerInterrupt  port.o
    0x080101fc   0x080101fc   0x00000004   PAD
    0x08010200   0x08010200   0x0000005e   Code   RO         2378    .text.vPortValidateInterruptPriority  port.o
    0x0801025e   0x0801025e   0x00000002   PAD
    0x08010260   0x08010260   0x0000012a   Code   RO         1919    .text.vQueueAddToRegistry  queue.o
    0x0801038a   0x0801038a   0x00000006   PAD
    0x08010390   0x08010390   0x00000064   Code   RO         1923    .text.vQueueWaitForMessageRestricted  queue.o
    0x080103f4   0x080103f4   0x00000004   PAD
    0x080103f8   0x080103f8   0x00000096   Code   RO         2002    .text.vTaskDelay    tasks.o
    0x0801048e   0x0801048e   0x00000002   PAD
    0x08010490   0x08010490   0x000000ee   Code   RO         1992    .text.vTaskDelete   tasks.o
    0x0801057e   0x0801057e   0x00000002   PAD
    0x08010580   0x08010580   0x00000012   Code   RO         2054    .text.vTaskInternalSetTimeOutState  tasks.o
    0x08010592   0x08010592   0x00000006   PAD
    0x08010598   0x08010598   0x0000000e   Code   RO         2058    .text.vTaskMissedYield  tasks.o
    0x080105a6   0x080105a6   0x00000002   PAD
    0x080105a8   0x080105a8   0x00000036   Code   RO         2042    .text.vTaskPlaceOnEventList  tasks.o
    0x080105de   0x080105de   0x00000002   PAD
    0x080105e0   0x080105e0   0x000000a2   Code   RO         2046    .text.vTaskPlaceOnEventListRestricted  tasks.o
    0x08010682   0x08010682   0x00000006   PAD
    0x08010688   0x08010688   0x00000104   Code   RO         2020    .text.vTaskStartScheduler  tasks.o
    0x0801078c   0x0801078c   0x00000004   PAD
    0x08010790   0x08010790   0x00000010   Code   RO         1996    .text.vTaskSuspendAll  tasks.o
    0x080107a0   0x080107a0   0x000000e4   Code   RO         2014    .text.vTaskSwitchContext  tasks.o
    0x08010884   0x08010884   0x00000004   PAD
    0x08010888   0x08010888   0x0000009c   Code   RO         2480    .text.write_float   rs00.o
    0x08010924   0x08010924   0x00000004   PAD
    0x08010928   0x08010928   0x000001ba   Code   RO         2360    .text.xPortStartScheduler  port.o
    0x08010ae2   0x08010ae2   0x00000006   PAD
    0x08010ae8   0x08010ae8   0x0000002e   Code   RO         2376    .text.xPortSysTickHandler  port.o
    0x08010b16   0x08010b16   0x00000002   PAD
    0x08010b18   0x08010b18   0x000000d4   Code   RO         1855    .text.xQueueGenericCreateStatic  queue.o
    0x08010bec   0x08010bec   0x00000004   PAD
    0x08010bf0   0x08010bf0   0x000001be   Code   RO         1887    .text.xQueueReceive  queue.o
    0x08010dae   0x08010dae   0x00000002   PAD
    0x08010db0   0x08010db0   0x000000a6   Code   RO         2056    .text.xTaskCheckForTimeOut  tasks.o
    0x08010e56   0x08010e56   0x00000002   PAD
    0x08010e58   0x08010e58   0x00000060   Code   RO         1990    .text.xTaskCreate   tasks.o
    0x08010eb8   0x08010eb8   0x0000009e   Code   RO         1984    .text.xTaskCreateStatic  tasks.o
    0x08010f56   0x08010f56   0x00000002   PAD
    0x08010f58   0x08010f58   0x000000e4   Code   RO         1994    .text.xTaskDelayUntil  tasks.o
    0x0801103c   0x0801103c   0x00000004   PAD
    0x08011040   0x08011040   0x0000001c   Code   RO         2070    .text.xTaskGetSchedulerState  tasks.o
    0x0801105c   0x0801105c   0x00000004   PAD
    0x08011060   0x08011060   0x0000000c   Code   RO         2028    .text.xTaskGetTickCount  tasks.o
    0x0801106c   0x0801106c   0x00000004   PAD
    0x08011070   0x08011070   0x00000012   Code   RO         2030    .text.xTaskGetTickCountFromISR  tasks.o
    0x08011082   0x08011082   0x00000006   PAD
    0x08011088   0x08011088   0x0000017e   Code   RO         2026    .text.xTaskIncrementTick  tasks.o
    0x08011206   0x08011206   0x00000002   PAD
    0x08011208   0x08011208   0x000000f0   Code   RO         2048    .text.xTaskRemoveFromEventList  tasks.o
    0x080112f8   0x080112f8   0x00000142   Code   RO         2000    .text.xTaskResumeAll  tasks.o
    0x0801143a   0x0801143a   0x00000006   PAD
    0x08011440   0x08011440   0x000000b4   Code   RO         2109    .text.xTimerCreateTimerTask  timers.o
    0x080114f4   0x080114f4   0x0000001a   Code   RO         2941    x$fpl$fpinit        fz_wv.l(fpinit.o)
    0x0801150e   0x0801150e   0x00000002   PAD
    0x08011510   0x08011510   0x0000004c   Data   RO         1583    .rodata..L__const.HAL_FDCAN_Init.CvtEltSize  stm32h7xx_hal_fdcan.o
    0x0801155c   0x0801155c   0x00000006   Data   RO         1728    .rodata..Lswitch.table.UART_SetConfig.7  stm32h7xx_hal_uart.o
    0x08011562   0x08011562   0x00000006   Data   RO         1729    .rodata..Lswitch.table.UART_SetConfig.9  stm32h7xx_hal_uart.o
    0x08011568   0x08011568   0x00000010   Data   RO         1785    .rodata.D1CorePrescTable  system_stm32h7xx.o
    0x08011578   0x08011578   0x00000018   Data   RO         1727    .rodata.UARTPrescTable  stm32h7xx_hal_uart.o
    0x08011590   0x08011590   0x00000024   Data   RO           61    .rodata.chassisTask_attributes  freertos.o
    0x080115b4   0x080115b4   0x00000024   Data   RO           63    .rodata.commTask_attributes  freertos.o
    0x080115d8   0x080115d8   0x00000010   Data   RO         1584    .rodata.cst16       stm32h7xx_hal_fdcan.o
    0x080115e8   0x080115e8   0x00000010   Data   RO         1770    .rodata.cst8        stm32h7xx_hal_uart_ex.o
    0x080115f8   0x080115f8   0x00000038   Data   RO         2604    .rodata.dm_motor_config  up_main.o
    0x08011630   0x08011630   0x0000000c   Data   RO         2601    .rodata.fdcan_config  up_main.o
    0x0801163c   0x0801163c   0x00000036   Data   RO         2799    .rodata.imu_commands  imu_main.o
    0x08011672   0x08011672   0x00000002   PAD
    0x08011674   0x08011674   0x00000024   Data   RO           62    .rodata.liftTask_attributes  freertos.o
    0x08011698   0x08011698   0x00000028   Data   RO         2606    .rodata.m2006_motor_config  up_main.o
    0x080116c0   0x080116c0   0x00000040   Data   RO         2707    .rodata.motor_config  chassis_main.o
    0x08011700   0x08011700   0x00000040   Data   RO         2608    .rodata.rs_motor_config  up_main.o
    0x08011740   0x08011740   0x00000024   Data   RO           60    .rodata.startupReminder_attributes  freertos.o
    0x08011764   0x08011764   0x00000008   Data   RO         2607    .rodata.std_rx_ids  up_main.o
    0x0801176c   0x0801176c   0x0000002e   Data   RO           59    .rodata.str1.1      freertos.o
    0x0801179a   0x0801179a   0x00000005   Data   RO         2153    .rodata.str1.1      timers.o
    0x0801179f   0x0801179f   0x00000001   PAD
    0x080117a0   0x080117a0   0x00000004   Data   RO         2097    .rodata.uxTopUsedPriority  tasks.o
    0x080117a4   0x080117a4   0x00000020   Data   RO         3002    Region$$Table       anon$$obj.o


    Execution Region RW_IRAM1 (Exec base: 0x20000000, Load base: 0x080117c4, Size: 0x00000000, Max: 0x00020000, ABSOLUTE)

    **** No section assigned to this execution region ****


    Execution Region RW_IRAM2 (Exec base: 0x24000000, Load base: 0x080117c8, Size: 0x00014188, Max: 0x00050000, ABSOLUTE)

    Exec Addr    Load Addr    Size         Type   Attr      Idx    E Section Name        Object

    0x24000000   0x080117c8   0x00000008   Data   RW         1178    .data..L_MergedGlobals  stm32h7xx_hal.o
    0x24000008   0x080117d0   0x00000008   Data   RW         1786    .data..L_MergedGlobals  system_stm32h7xx.o
    0x24000010   0x080117d8   0x00000001   Data   RW         2622    .data.action_pending  action_api.o
    0x24000011   0x080117d9   0x00000003   PAD
    0x24000014   0x080117dc   0x00000004   Data   RW         2380    .data.uxCriticalNesting  port.o
    0x24000018   0x080117e0   0x00000040   Data   RW         2798    .data.yaw_pid       imu_main.o
    0x24000058        -       0x00000060   Zero   RW         2867    .bss                c_w.l(libspace.o)
    0x240000b8        -       0x00000010   Zero   RW           64    .bss..L_MergedGlobals  freertos.o
    0x240000c8        -       0x00000074   Zero   RW         2099    .bss..L_MergedGlobals  tasks.o
    0x2400013c        -       0x0000003c   Zero   RW         2154    .bss..L_MergedGlobals  timers.o
    0x24000178        -       0x0000001c   Zero   RW         2345    .bss..L_MergedGlobals  heap_4.o
    0x24000194        -       0x00000008   Zero   RW         2381    .bss..L_MergedGlobals  port.o
    0x2400019c        -       0x00000070   Zero   RW         2609    .bss..L_MergedGlobals  up_main.o
    0x2400020c        -       0x00000014   Zero   RW         2708    .bss..L_MergedGlobals  chassis_main.o
    0x24000220        -       0x00000023   Zero   RW         2725    .bss..L_MergedGlobals  computer_link.o
    0x24000243   0x08011820   0x00000001   PAD
    0x24000244        -       0x0000001d   Zero   RW         2744    .bss..L_MergedGlobals  dt35_link.o
    0x24000261   0x08011820   0x00000003   PAD
    0x24000264        -       0x00000070   Zero   RW         2800    .bss..L_MergedGlobals  imu_main.o
    0x240002d4        -       0x00000028   Zero   RW         2100    .bss..L_MergedGlobals.1  tasks.o
    0x240002fc        -       0x00000004   Zero   RW           99    .bss.HAL_RCC_FDCAN_CLK_ENABLED  fdcan.o
    0x24000300        -       0x00000004   Zero   RW         2317    .bss.KernelState    cmsis_os2.o
    0x24000304        -       0x00000001   Zero   RW         2623    .bss.action_last_result  action_api.o
    0x24000305   0x08011820   0x00000003   PAD
    0x24000308        -       0x00000288   Zero   RW         2603    .bss.dm_app         up_main.o
    0x24000590        -       0x00000078   Zero   RW          131    .bss.hdma_uart4_rx  usart.o
    0x24000608        -       0x00000078   Zero   RW          130    .bss.hdma_uart4_tx  usart.o
    0x24000680        -       0x00000078   Zero   RW          132    .bss.hdma_uart7_rx  usart.o
    0x240006f8        -       0x00000078   Zero   RW          133    .bss.hdma_uart7_tx  usart.o
    0x24000770        -       0x00000078   Zero   RW          134    .bss.hdma_uart8_rx  usart.o
    0x240007e8        -       0x00000078   Zero   RW          135    .bss.hdma_uart8_tx  usart.o
    0x24000860        -       0x00000078   Zero   RW          136    .bss.hdma_uart9_rx  usart.o
    0x240008d8        -       0x00000078   Zero   RW          137    .bss.hdma_uart9_tx  usart.o
    0x24000950        -       0x00000078   Zero   RW          138    .bss.hdma_usart1_rx  usart.o
    0x240009c8        -       0x00000078   Zero   RW          139    .bss.hdma_usart1_tx  usart.o
    0x24000a40        -       0x00000078   Zero   RW          140    .bss.hdma_usart2_rx  usart.o
    0x24000ab8        -       0x00000078   Zero   RW          141    .bss.hdma_usart2_tx  usart.o
    0x24000b30        -       0x000000a0   Zero   RW           96    .bss.hfdcan1        fdcan.o
    0x24000bd0        -       0x000000a0   Zero   RW           97    .bss.hfdcan2        fdcan.o
    0x24000c70        -       0x000000a0   Zero   RW           98    .bss.hfdcan3        fdcan.o
    0x24000d10        -       0x0000004c   Zero   RW          228    .bss.htim6          stm32h7xx_hal_timebase_tim.o
    0x24000d5c        -       0x00000094   Zero   RW          128    .bss.huart1         usart.o
    0x24000df0        -       0x00000094   Zero   RW          129    .bss.huart2         usart.o
    0x24000e84        -       0x00000094   Zero   RW          124    .bss.huart4         usart.o
    0x24000f18        -       0x00000094   Zero   RW          125    .bss.huart7         usart.o
    0x24000fac        -       0x00000094   Zero   RW          126    .bss.huart8         usart.o
    0x24001040        -       0x00000094   Zero   RW          127    .bss.huart9         usart.o
    0x240010d4        -       0x00000350   Zero   RW         2769    .bss.imu_driver     imu.o
    0x24001424        -       0x00000088   Zero   RW         2605    .bss.m2006_motors   up_main.o
    0x240014ac        -       0x000000b0   Zero   RW         2706    .bss.motors         chassis_main.o
    0x2400155c        -       0x000000a0   Zero   RW         2152    .bss.prvCheckForValidListAndQueue.ucStaticTimerQueueStorage  timers.o
    0x240015fc        -       0x00000050   Zero   RW         2151    .bss.prvCheckForValidListAndQueue.xStaticTimerQueue  timers.o
    0x2400164c        -       0x00000004   Zero   RW         2096    .bss.pxCurrentTCB   tasks.o
    0x24001650        -       0x00000460   Zero   RW         2098    .bss.pxReadyTasksLists  tasks.o
    0x24001ab0        -       0x00000388   Zero   RW         2602    .bss.rs_app         up_main.o
    0x24001e38        -       0x00000210   Zero   RW         2567    .bss.rs_bus         fdcan_task.o
    0x24002048        -       0x0000023c   Zero   RW         2568    .bss.std_can        fdcan_task.o
    0x24002284        -       0x00000001   Zero   RW         2566    .bss.task_ready     fdcan_task.o
    0x24002285        -       0x00010000   Zero   RW         2344    .bss.ucHeap         heap_4.o
    0x24012285   0x08011820   0x00000003   PAD
    0x24012288        -       0x00000004   Zero   RW         1177    .bss.uwTick         stm32h7xx_hal.o
    0x2401228c        -       0x00000400   Zero   RW         2319    .bss.vApplicationGetIdleTaskMemory.Idle_Stack  cmsis_os2.o
    0x2401268c        -       0x0000005c   Zero   RW         2318    .bss.vApplicationGetIdleTaskMemory.Idle_TCB  cmsis_os2.o
    0x240126e8        -       0x00000800   Zero   RW         2321    .bss.vApplicationGetTimerTaskMemory.Timer_Stack  cmsis_os2.o
    0x24012ee8        -       0x0000005c   Zero   RW         2320    .bss.vApplicationGetTimerTaskMemory.Timer_TCB  cmsis_os2.o
    0x24012f44        -       0x00000040   Zero   RW         1925    .bss.xQueueRegistry  queue.o
    0x24012f84   0x08011820   0x00000004   PAD
    0x24012f88        -       0x00000200   Zero   RW            2    HEAP                startup_stm32h723xx.o
    0x24013188        -       0x00001000   Zero   RW            1    STACK               startup_stm32h723xx.o


==============================================================================

Image component sizes


      Code (inc. data)   RO Data    RW Data    ZI Data      Debug   Object Name

       210         34          0          1          1       1795   action_api.o
      1374         44          0          0          0      13353   c610_2006.o
       756          8         64          0        196       8572   chassis_main.o
       678          0          0          0       3260      62582   cmsis_os2.o
       526          0          0          0         35       8055   computer_link.o
      1036          0          0          0          0       9798   dm_2006_bus.o
      2108         28          0          0          0      16017   dm_app.o
      1284         32          0          0          0       8915   dm_motor.o
       246          0          0          0          0       5418   dma.o
       478          0          0          0         29       7293   dt35_link.o
       682          0          0          0        484      10792   fdcan.o
       336          0          0          0       1101       6690   fdcan_task.o
       498          0        190          0         16       5543   freertos.o
       170          0          0          0          0       2965   gpio.o
       694          0          0          0      65564       6057   heap_4.o
      2998          8          0          0        848      11870   imu.o
      2922         74         54         64        112      16217   imu_main.o
       196          0          0          0          0       2309   list.o
       490          0          0          0          0      12290   main.o
      1058         16          0          4          8       4088   port.o
      1178          0          0          0         64      30402   queue.o
      2870        128          0          0          0      21771   rs00.o
      2352         30          0          0          0      15497   rs_app.o
       566          0          0          0          0       7320   rs_bus.o
        72         30        716          0       4608        816   startup_stm32h723xx.o
       138          0          0          8          4      15861   stm32h7xx_hal.o
       308          0          0          0          0      12457   stm32h7xx_hal_cortex.o
      7798         12          0          0          0      17969   stm32h7xx_hal_dma.o
      4074          0         92          0          0      63317   stm32h7xx_hal_fdcan.o
       512          0          0          0          0       7088   stm32h7xx_hal_gpio.o
        42          0          0          0          0       5404   stm32h7xx_hal_msp.o
        76          0          0          0          0       9619   stm32h7xx_hal_pwr_ex.o
      2552         16          0          0          0      11370   stm32h7xx_hal_rcc.o
      3946        138          0          0          0      19844   stm32h7xx_hal_rcc_ex.o
      1066          0          0          0          0      65294   stm32h7xx_hal_tim.o
         6          0          0          0          0      26663   stm32h7xx_hal_tim_ex.o
       164          0          0          0         76       9720   stm32h7xx_hal_timebase_tim.o
      9808        330         36          0          0      43684   stm32h7xx_hal_uart.o
       516          0         16          0          0      11502   stm32h7xx_hal_uart_ex.o
       276          0          0          0          0      11366   stm32h7xx_it.o
       254          0         16          8          0       5688   system_stm32h7xx.o
      4040          8          4          0       1280      44270   tasks.o
       994         20          5          0        300      17220   timers.o
      2408         60        180          0       1800      18441   up_main.o
      2164          0          0          0       2328      13897   usart.o
       670         36          0          0          0       7680   vesc_can.o
       466          4          0          0          0       8253   vesc_motor.o

    ----------------------------------------------------------------------
     69140       1168       1408         88      82128     743032   Object Totals
         0          0         32          0          0          0   (incl. Generated)
      1084        112          3          3         14          0   (incl. Padding)

    ----------------------------------------------------------------------

      Code (inc. data)   RO Data    RW Data    ZI Data      Debug   Library Member Name

         8          0          0          0          0         68   __main.o
         0          0          0          0          0          0   __rtentry.o
        12          0          0          0          0          0   __rtentry2.o
         6          0          0          0          0          0   __rtentry4.o
        52          8          0          0          0          0   __scatter.o
        26          0          0          0          0          0   __scatter_copy.o
        28          0          0          0          0          0   __scatter_zi.o
        16          0          0          0          0         68   aeabi_memset4.o
        18          0          0          0          0         80   exit.o
         6          0          0          0          0        152   heapauxi.o
         0          0          0          0          0          0   indicate_semi.o
         2          0          0          0          0          0   libinit.o
         6          0          0          0          0          0   libinit2.o
         2          0          0          0          0          0   libshutdown.o
         2          0          0          0          0          0   libshutdown2.o
         8          4          0          0         96         68   libspace.o
       116          0          0          0          0         84   llsdiv.o
       240          0          0          0          0        100   lludivv7m.o
        68          0          0          0          0         68   rt_memclr.o
        78          0          0          0          0         80   rt_memclr_w.o
       138          0          0          0          0         68   rt_memcpy_v6.o
       100          0          0          0          0         80   rt_memcpy_w.o
         2          0          0          0          0          0   rtexit.o
        10          0          0          0          0          0   rtexit2.o
        12          4          0          0          0         68   sys_exit.o
        74          0          0          0          0         80   sys_stackheap_outer.o
         2          0          0          0          0         68   use_no_semi.o
        26          0          0          0          0        116   fpinit.o

    ----------------------------------------------------------------------
      1072         16          0          0         96       1248   Library Totals
        14          0          0          0          0          0   (incl. Padding)

    ----------------------------------------------------------------------

      Code (inc. data)   RO Data    RW Data    ZI Data      Debug   Library Name

      1032         16          0          0         96       1132   c_w.l
        26          0          0          0          0        116   fz_wv.l

    ----------------------------------------------------------------------
      1072         16          0          0         96       1248   Library Totals

    ----------------------------------------------------------------------

==============================================================================


      Code (inc. data)   RO Data    RW Data    ZI Data      Debug   

     70212       1184       1408         88      82224     742860   Grand Totals
     70212       1184       1408         88      82224     742860   ELF Image Totals
     70212       1184       1408         88          0          0   ROM Totals

==============================================================================

    Total RO  Size (Code + RO Data)                71620 (  69.94kB)
    Total RW  Size (RW Data + ZI Data)             82312 (  80.38kB)
    Total ROM Size (Code + RO Data + RW Data)      71708 (  70.03kB)

==============================================================================

