Component: Arm Compiler for Embedded 6.18 Tool: armlink [5e4cc100]

==============================================================================

Section Cross References

    startup_stm32h723xx.o(STACK) refers (Special) to heapauxi.o(.text) for __use_two_region_memory
    startup_stm32h723xx.o(HEAP) refers (Special) to heapauxi.o(.text) for __use_two_region_memory
    startup_stm32h723xx.o(RESET) refers (Special) to heapauxi.o(.text) for __use_two_region_memory
    startup_stm32h723xx.o(RESET) refers to startup_stm32h723xx.o(STACK) for __initial_sp
    startup_stm32h723xx.o(RESET) refers to startup_stm32h723xx.o(.text) for Reset_Handler
    startup_stm32h723xx.o(RESET) refers to stm32h7xx_it.o(.text.NMI_Handler) for NMI_Handler
    startup_stm32h723xx.o(RESET) refers to stm32h7xx_it.o(.text.HardFault_Handler) for HardFault_Handler
    startup_stm32h723xx.o(RESET) refers to stm32h7xx_it.o(.text.MemManage_Handler) for MemManage_Handler
    startup_stm32h723xx.o(RESET) refers to stm32h7xx_it.o(.text.BusFault_Handler) for BusFault_Handler
    startup_stm32h723xx.o(RESET) refers to stm32h7xx_it.o(.text.UsageFault_Handler) for UsageFault_Handler
    startup_stm32h723xx.o(RESET) refers to port.o(.text.SVC_Handler) for SVC_Handler
    startup_stm32h723xx.o(RESET) refers to stm32h7xx_it.o(.text.DebugMon_Handler) for DebugMon_Handler
    startup_stm32h723xx.o(RESET) refers to port.o(.text.PendSV_Handler) for PendSV_Handler
    startup_stm32h723xx.o(RESET) refers to cmsis_os2.o(.text.SysTick_Handler) for SysTick_Handler
    startup_stm32h723xx.o(RESET) refers to stm32h7xx_it.o(.text.DMA1_Stream0_IRQHandler) for DMA1_Stream0_IRQHandler
    startup_stm32h723xx.o(RESET) refers to stm32h7xx_it.o(.text.DMA1_Stream1_IRQHandler) for DMA1_Stream1_IRQHandler
    startup_stm32h723xx.o(RESET) refers to stm32h7xx_it.o(.text.DMA1_Stream2_IRQHandler) for DMA1_Stream2_IRQHandler
    startup_stm32h723xx.o(RESET) refers to stm32h7xx_it.o(.text.DMA1_Stream3_IRQHandler) for DMA1_Stream3_IRQHandler
    startup_stm32h723xx.o(RESET) refers to stm32h7xx_it.o(.text.DMA1_Stream4_IRQHandler) for DMA1_Stream4_IRQHandler
    startup_stm32h723xx.o(RESET) refers to stm32h7xx_it.o(.text.DMA1_Stream5_IRQHandler) for DMA1_Stream5_IRQHandler
    startup_stm32h723xx.o(RESET) refers to stm32h7xx_it.o(.text.DMA1_Stream6_IRQHandler) for DMA1_Stream6_IRQHandler
    startup_stm32h723xx.o(RESET) refers to stm32h7xx_it.o(.text.FDCAN1_IT0_IRQHandler) for FDCAN1_IT0_IRQHandler
    startup_stm32h723xx.o(RESET) refers to stm32h7xx_it.o(.text.FDCAN2_IT0_IRQHandler) for FDCAN2_IT0_IRQHandler
    startup_stm32h723xx.o(RESET) refers to stm32h7xx_it.o(.text.USART1_IRQHandler) for USART1_IRQHandler
    startup_stm32h723xx.o(RESET) refers to stm32h7xx_it.o(.text.DMA1_Stream7_IRQHandler) for DMA1_Stream7_IRQHandler
    startup_stm32h723xx.o(RESET) refers to stm32h7xx_it.o(.text.UART4_IRQHandler) for UART4_IRQHandler
    startup_stm32h723xx.o(RESET) refers to stm32h7xx_it.o(.text.TIM6_DAC_IRQHandler) for TIM6_DAC_IRQHandler
    startup_stm32h723xx.o(RESET) refers to stm32h7xx_it.o(.text.DMA2_Stream0_IRQHandler) for DMA2_Stream0_IRQHandler
    startup_stm32h723xx.o(RESET) refers to stm32h7xx_it.o(.text.DMA2_Stream1_IRQHandler) for DMA2_Stream1_IRQHandler
    startup_stm32h723xx.o(RESET) refers to stm32h7xx_it.o(.text.DMA2_Stream2_IRQHandler) for DMA2_Stream2_IRQHandler
    startup_stm32h723xx.o(RESET) refers to stm32h7xx_it.o(.text.DMA2_Stream3_IRQHandler) for DMA2_Stream3_IRQHandler
    startup_stm32h723xx.o(RESET) refers to stm32h7xx_it.o(.text.USART6_IRQHandler) for USART6_IRQHandler
    startup_stm32h723xx.o(RESET) refers to stm32h7xx_it.o(.text.UART7_IRQHandler) for UART7_IRQHandler
    startup_stm32h723xx.o(RESET) refers to stm32h7xx_it.o(.text.UART8_IRQHandler) for UART8_IRQHandler
    startup_stm32h723xx.o(RESET) refers to stm32h7xx_it.o(.text.UART9_IRQHandler) for UART9_IRQHandler
    startup_stm32h723xx.o(RESET) refers to stm32h7xx_it.o(.text.FDCAN3_IT0_IRQHandler) for FDCAN3_IT0_IRQHandler
    startup_stm32h723xx.o(.text) refers (Special) to heapauxi.o(.text) for __use_two_region_memory
    startup_stm32h723xx.o(.text) refers to system_stm32h7xx.o(.text.ExitRun0Mode) for ExitRun0Mode
    startup_stm32h723xx.o(.text) refers to system_stm32h7xx.o(.text.SystemInit) for SystemInit
    startup_stm32h723xx.o(.text) refers to __main.o(!!!main) for __main
    startup_stm32h723xx.o(.text) refers to startup_stm32h723xx.o(HEAP) for Heap_Mem
    startup_stm32h723xx.o(.text) refers to startup_stm32h723xx.o(STACK) for Stack_Mem
    main.o(.text.main) refers to stm32h7xx_hal_cortex.o(.text.HAL_MPU_Disable) for HAL_MPU_Disable
    main.o(.text.main) refers to stm32h7xx_hal_cortex.o(.text.HAL_MPU_ConfigRegion) for HAL_MPU_ConfigRegion
    main.o(.text.main) refers to stm32h7xx_hal_cortex.o(.text.HAL_MPU_Enable) for HAL_MPU_Enable
    main.o(.text.main) refers to stm32h7xx_hal.o(.text.HAL_Init) for HAL_Init
[...]
    vPortFree                                0x08013819   Thumb Code   216  heap_4.o(.text.vPortFree)
    vPortSetupTimerInterrupt                 0x080138f1   Thumb Code    52  port.o(.text.vPortSetupTimerInterrupt)
    vPortValidateInterruptPriority           0x08013929   Thumb Code    94  port.o(.text.vPortValidateInterruptPriority)
    vQueueAddToRegistry                      0x08013989   Thumb Code   298  queue.o(.text.vQueueAddToRegistry)
    vQueueWaitForMessageRestricted           0x08013ab9   Thumb Code   100  queue.o(.text.vQueueWaitForMessageRestricted)
    vTaskDelay                               0x08013b21   Thumb Code   150  tasks.o(.text.vTaskDelay)
    vTaskDelete                              0x08013bb9   Thumb Code   238  tasks.o(.text.vTaskDelete)
    vTaskInternalSetTimeOutState             0x08013ca9   Thumb Code    18  tasks.o(.text.vTaskInternalSetTimeOutState)
    vTaskMissedYield                         0x08013cc1   Thumb Code    14  tasks.o(.text.vTaskMissedYield)
    vTaskPlaceOnEventList                    0x08013cd1   Thumb Code    54  tasks.o(.text.vTaskPlaceOnEventList)
    vTaskPlaceOnEventListRestricted          0x08013d09   Thumb Code   162  tasks.o(.text.vTaskPlaceOnEventListRestricted)
    vTaskStartScheduler                      0x08013db1   Thumb Code   252  tasks.o(.text.vTaskStartScheduler)
    vTaskSuspendAll                          0x08013eb9   Thumb Code    16  tasks.o(.text.vTaskSuspendAll)
    vTaskSwitchContext                       0x08013ec9   Thumb Code   228  tasks.o(.text.vTaskSwitchContext)
    xPortStartScheduler                      0x08014051   Thumb Code   442  port.o(.text.xPortStartScheduler)
    xPortSysTickHandler                      0x08014211   Thumb Code    46  port.o(.text.xPortSysTickHandler)
    xQueueGenericCreateStatic                0x08014241   Thumb Code   212  queue.o(.text.xQueueGenericCreateStatic)
    xQueueReceive                            0x08014319   Thumb Code   446  queue.o(.text.xQueueReceive)
    xTaskCheckForTimeOut                     0x080144d9   Thumb Code   166  tasks.o(.text.xTaskCheckForTimeOut)
    xTaskCreate                              0x08014581   Thumb Code    96  tasks.o(.text.xTaskCreate)
    xTaskCreateStatic                        0x080145e1   Thumb Code   158  tasks.o(.text.xTaskCreateStatic)
    xTaskDelayUntil                          0x08014681   Thumb Code   228  tasks.o(.text.xTaskDelayUntil)
    xTaskGetSchedulerState                   0x08014769   Thumb Code    28  tasks.o(.text.xTaskGetSchedulerState)
    xTaskGetTickCount                        0x08014789   Thumb Code    12  tasks.o(.text.xTaskGetTickCount)
    xTaskGetTickCountFromISR                 0x08014799   Thumb Code    18  tasks.o(.text.xTaskGetTickCountFromISR)
    xTaskIncrementTick                       0x080147b1   Thumb Code   382  tasks.o(.text.xTaskIncrementTick)
    xTaskRemoveFromEventList                 0x08014931   Thumb Code   240  tasks.o(.text.xTaskRemoveFromEventList)
    xTaskResumeAll                           0x08014a21   Thumb Code   322  tasks.o(.text.xTaskResumeAll)
    xTimerCreateTimerTask                    0x08014b69   Thumb Code   172  timers.o(.text.xTimerCreateTimerTask)
    __hardfp_sqrtf                           0x08014c1d   Thumb Code    58  sqrtf.o(i.__hardfp_sqrtf)
    _fp_init                                 0x08014c57   Thumb Code    26  fpinit.o(x$fpl$fpinit)
    __fplib_config_fpu_vfp                   0x08014c6f   Thumb Code     0  fpinit.o(x$fpl$fpinit)
    __fplib_config_pureend_doubles           0x08014c6f   Thumb Code     0  fpinit.o(x$fpl$fpinit)
    __I$use$fp                               0x08014c70   Number         0  usenofp.o(x$fpl$usenofp)
    D1CorePrescTable                         0x08014cc8   Data          16  system_stm32h7xx.o(.rodata.D1CorePrescTable)
    UARTPrescTable                           0x08014cd8   Data          24  stm32h7xx_hal_uart.o(.rodata.UARTPrescTable)
    chassisTask_attributes                   0x08014cf0   Data          36  freertos.o(.rodata.chassisTask_attributes)
    commTask_attributes                      0x08014d54   Data          36  freertos.o(.rodata.commTask_attributes)
    liftTask_attributes                      0x08014e14   Data          36  freertos.o(.rodata.liftTask_attributes)
    startupReminder_attributes               0x08014ea0   Data          36  freertos.o(.rodata.startupReminder_attributes)
    uxTopUsedPriority                        0x08014f00   Data           4  tasks.o(.rodata.uxTopUsedPriority)
    Region$$Table$$Base                      0x08014f04   Number         0  anon$$obj.o(Region$$Table)
    Region$$Table$$Limit                     0x08014f24   Number         0  anon$$obj.o(Region$$Table)
    uwTickFreq                               0x24000000   Data           1  stm32h7xx_hal.o(.data..L_MergedGlobals)
    uwTickPrio                               0x24000004   Data           4  stm32h7xx_hal.o(.data..L_MergedGlobals)
    SystemCoreClock                          0x24000008   Data           4  system_stm32h7xx.o(.data..L_MergedGlobals)
    SystemD2Clock                            0x2400000c   Data           4  system_stm32h7xx.o(.data..L_MergedGlobals)
    action_pending                           0x24000010   Data           1  action_api.o(.data.action_pending)
    __libspace_start                         0x24000070   Data          96  libspace.o(.bss)
    __temporary_stack_top$libspace           0x240000d0   Data           0  libspace.o(.bss)
    startupReminderHandle                    0x240000d0   Data           4  freertos.o(.bss..L_MergedGlobals)
    chassisTaskHandle                        0x240000d4   Data           4  freertos.o(.bss..L_MergedGlobals)
    liftTaskHandle                           0x240000d8   Data           4  freertos.o(.bss..L_MergedGlobals)
    commTaskHandle                           0x240000dc   Data           4  freertos.o(.bss..L_MergedGlobals)
    up_last_result                           0x240001bc   Data           1  up_main.o(.bss..L_MergedGlobals)
    up_state                                 0x240001bd   Data           1  up_main.o(.bss..L_MergedGlobals)
    up_zero_step                             0x240001be   Data           1  up_main.o(.bss..L_MergedGlobals)
    up_curve_running                         0x240001c1   Data           1  up_main.o(.bss..L_MergedGlobals)
    up_rs_feedforward_nm                     0x240001c8   Data           4  up_main.o(.bss..L_MergedGlobals)
    up_dm_feedforward_nm                     0x240001cc   Data           4  up_main.o(.bss..L_MergedGlobals)
    up_command_angles                        0x240001e4   Data          16  up_main.o(.bss..L_MergedGlobals)
    up_target_angles                         0x240001f4   Data          16  up_main.o(.bss..L_MergedGlobals)
    action_last_result                       0x24000214   Data           1  action_api.o(.bss..L_MergedGlobals)
    action_pnp_f_trigger                     0x24000215   Data           1  action_api.o(.bss..L_MergedGlobals)
    action_pnp_b_trigger                     0x24000216   Data           1  action_api.o(.bss..L_MergedGlobals)
    chassis_motion_state                     0x24000238   Data           1  chassis_main.o(.bss..L_MergedGlobals)
    chassis_target_vx                        0x2400023c   Data           2  chassis_main.o(.bss..L_MergedGlobals)
    chassis_target_vy                        0x2400023e   Data           2  chassis_main.o(.bss..L_MergedGlobals)
    chassis_target_z                         0x24000240   Data           2  chassis_main.o(.bss..L_MergedGlobals)
    dt35_link                                0x24000298   Data          16  dt35_pnp_link.o(.bss..L_MergedGlobals)
    pnp_link                                 0x240002a8   Data          16  dt35_pnp_link.o(.bss..L_MergedGlobals)
    lora_remote_buttons                      0x240002bb   Data           1  lora_link.o(.bss..L_MergedGlobals)
    lora_remote_pe0_switch                   0x240002bc   Data           1  lora_link.o(.bss..L_MergedGlobals)
    lora_remote_online                       0x240002bd   Data           1  lora_link.o(.bss..L_MergedGlobals)
    lora_link_rx_bytes                       0x240002c8   Data           4  lora_link.o(.bss..L_MergedGlobals)
    lora_link_uart_error_count               0x240002cc   Data           4  lora_link.o(.bss..L_MergedGlobals)
    lora_link_tx_error_count                 0x240002d0   Data           4  lora_link.o(.bss..L_MergedGlobals)
    lora_link_valid_frame_count              0x240002d4   Data           4  lora_link.o(.bss..L_MergedGlobals)
    lora_link_forward_error_count            0x240002d8   Data           4  lora_link.o(.bss..L_MergedGlobals)
    lora_link_return_error_count             0x240002dc   Data           4  lora_link.o(.bss..L_MergedGlobals)
    lora_link_returned_bytes                 0x240002e0   Data           4  lora_link.o(.bss..L_MergedGlobals)
    mcu_link_rx_bytes                        0x24000320   Data           4  mcu_link.o(.bss..L_MergedGlobals)
    mcu_link_uart_error_count                0x24000324   Data           4  mcu_link.o(.bss..L_MergedGlobals)
    mcu_link_tx_error_count                  0x24000328   Data           4  mcu_link.o(.bss..L_MergedGlobals)
    hdma_uart4_rx                            0x24000768   Data         120  usart.o(.bss.hdma_uart4_rx)
    hdma_uart4_tx                            0x240007e0   Data         120  usart.o(.bss.hdma_uart4_tx)
    hdma_uart7_rx                            0x24000858   Data         120  usart.o(.bss.hdma_uart7_rx)
    hdma_uart7_tx                            0x240008d0   Data         120  usart.o(.bss.hdma_uart7_tx)
    hdma_uart8_rx                            0x24000948   Data         120  usart.o(.bss.hdma_uart8_rx)
    hdma_uart8_tx                            0x240009c0   Data         120  usart.o(.bss.hdma_uart8_tx)
    hdma_uart9_rx                            0x24000a38   Data         120  usart.o(.bss.hdma_uart9_rx)
    hdma_uart9_tx                            0x24000ab0   Data         120  usart.o(.bss.hdma_uart9_tx)
    hdma_usart1_rx                           0x24000b28   Data         120  usart.o(.bss.hdma_usart1_rx)
    hdma_usart1_tx                           0x24000ba0   Data         120  usart.o(.bss.hdma_usart1_tx)
    hdma_usart6_rx                           0x24000c18   Data         120  usart.o(.bss.hdma_usart6_rx)
    hdma_usart6_tx                           0x24000c90   Data         120  usart.o(.bss.hdma_usart6_tx)
    hfdcan1                                  0x24000d08   Data         160  fdcan.o(.bss.hfdcan1)
    hfdcan2                                  0x24000da8   Data         160  fdcan.o(.bss.hfdcan2)
    hfdcan3                                  0x24000e48   Data         160  fdcan.o(.bss.hfdcan3)
    htim6                                    0x24000ee8   Data          76  stm32h7xx_hal_timebase_tim.o(.bss.htim6)
    huart1                                   0x24000f34   Data         148  usart.o(.bss.huart1)
    huart4                                   0x24000fc8   Data         148  usart.o(.bss.huart4)
    huart6                                   0x2400105c   Data         148  usart.o(.bss.huart6)
    huart7                                   0x240010f0   Data         148  usart.o(.bss.huart7)
    huart8                                   0x24001184   Data         148  usart.o(.bss.huart8)
    huart9                                   0x24001218   Data         148  usart.o(.bss.huart9)
    pxCurrentTCB                             0x24001f7c   Data           4  tasks.o(.bss.pxCurrentTCB)
    uwTick                                   0x24012bf8   Data           4  stm32h7xx_hal.o(.bss.uwTick)
    xQueueRegistry                           0x240138b4   Data          64  queue.o(.bss.xQueueRegistry)



==============================================================================

Memory Map of the image

  Image Entry point : 0x080002cd

  Load Region LR_IROM1 (Base: 0x08000000, Size: 0x00014f98, Max: 0x00100000, ABSOLUTE)

    Execution Region ER_IROM1 (Exec base: 0x08000000, Load base: 0x08000000, Size: 0x00014f24, Max: 0x00100000, ABSOLUTE)

    Exec Addr    Load Addr    Size         Type   Attr      Idx    E Section Name        Object

    0x08000000   0x08000000   0x000002cc   Data   RO            3    RESET               startup_stm32h723xx.o
    0x080002cc   0x080002cc   0x00000008   Code   RO         2937  * !!!main             c_w.l(__main.o)
    0x080002d4   0x080002d4   0x00000034   Code   RO         3128    !!!scatter          c_w.l(__scatter.o)
    0x08000308   0x08000308   0x0000001a   Code   RO         3130    !!handler_copy      c_w.l(__scatter_copy.o)
    0x08000322   0x08000322   0x00000002   PAD
    0x08000324   0x08000324   0x0000001c   Code   RO         3132    !!handler_zi        c_w.l(__scatter_zi.o)
    0x08000340   0x08000340   0x00000002   Code   RO         2993    .ARM.Collect$$libinit$$00000000  c_w.l(libinit.o)
    0x08000342   0x08000342   0x00000004   Code   RO         3002    .ARM.Collect$$libinit$$00000001  c_w.l(libinit2.o)
    0x08000346   0x08000346   0x00000000   Code   RO         3005    .ARM.Collect$$libinit$$00000004  c_w.l(libinit2.o)
    0x08000346   0x08000346   0x00000000   Code   RO         3007    .ARM.Collect$$libinit$$00000006  c_w.l(libinit2.o)
    0x08000346   0x08000346   0x00000000   Code   RO         3010    .ARM.Collect$$libinit$$0000000C  c_w.l(libinit2.o)
    0x08000346   0x08000346   0x00000000   Code   RO         3012    .ARM.Collect$$libinit$$0000000E  c_w.l(libinit2.o)
    0x08000346   0x08000346   0x00000000   Code   RO         3014    .ARM.Collect$$libinit$$00000010  c_w.l(libinit2.o)
    0x08000346   0x08000346   0x00000000   Code   RO         3017    .ARM.Collect$$libinit$$00000013  c_w.l(libinit2.o)
    0x08000346   0x08000346   0x00000000   Code   RO         3019    .ARM.Collect$$libinit$$00000015  c_w.l(libinit2.o)
    0x08000346   0x08000346   0x00000000   Code   RO         3021    .ARM.Collect$$libinit$$00000017  c_w.l(libinit2.o)
    0x08000346   0x08000346   0x00000000   Code   RO         3023    .ARM.Collect$$libinit$$00000019  c_w.l(libinit2.o)
    0x08000346   0x08000346   0x00000000   Code   RO         3025    .ARM.Collect$$libinit$$0000001B  c_w.l(libinit2.o)
    0x08000346   0x08000346   0x00000000   Code   RO         3027    .ARM.Collect$$libinit$$0000001D  c_w.l(libinit2.o)
    0x08000346   0x08000346   0x00000000   Code   RO         3029    .ARM.Collect$$libinit$$0000001F  c_w.l(libinit2.o)
    0x08000346   0x08000346   0x00000000   Code   RO         3031    .ARM.Collect$$libinit$$00000021  c_w.l(libinit2.o)
    0x08000346   0x08000346   0x00000000   Code   RO         3033    .ARM.Collect$$libinit$$00000023  c_w.l(libinit2.o)
    0x08000346   0x08000346   0x00000000   Code   RO         3035    .ARM.Collect$$libinit$$00000025  c_w.l(libinit2.o)
    0x08000346   0x08000346   0x00000000   Code   RO         3037    .ARM.Collect$$libinit$$00000027  c_w.l(libinit2.o)
    0x08000346   0x08000346   0x00000000   Code   RO         3041    .ARM.Collect$$libinit$$0000002E  c_w.l(libinit2.o)
    0x08000346   0x08000346   0x00000000   Code   RO         3043    .ARM.Collect$$libinit$$00000030  c_w.l(libinit2.o)
    0x08000346   0x08000346   0x00000000   Code   RO         3045    .ARM.Collect$$libinit$$00000032  c_w.l(libinit2.o)
    0x08000346   0x08000346   0x00000000   Code   RO         3047    .ARM.Collect$$libinit$$00000034  c_w.l(libinit2.o)
    0x08000346   0x08000346   0x00000002   Code   RO         3048    .ARM.Collect$$libinit$$00000035  c_w.l(libinit2.o)
    0x08000348   0x08000348   0x00000002   Code   RO         3083    .ARM.Collect$$libshutdown$$00000000  c_w.l(libshutdown.o)
    0x0800034a   0x0800034a   0x00000000   Code   RO         3111    .ARM.Collect$$libshutdown$$00000002  c_w.l(libshutdown2.o)
    0x0800034a   0x0800034a   0x00000000   Code   RO         3113    .ARM.Collect$$libshutdown$$00000004  c_w.l(libshutdown2.o)
    0x0800034a   0x0800034a   0x00000000   Code   RO         3116    .ARM.Collect$$libshutdown$$00000007  c_w.l(libshutdown2.o)
    0x0800034a   0x0800034a   0x00000000   Code   RO         3119    .ARM.Collect$$libshutdown$$0000000A  c_w.l(libshutdown2.o)
    0x0800034a   0x0800034a   0x00000000   Code   RO         3121    .ARM.Collect$$libshutdown$$0000000C  c_w.l(libshutdown2.o)
    0x0800034a   0x0800034a   0x00000000   Code   RO         3124    .ARM.Collect$$libshutdown$$0000000F  c_w.l(libshutdown2.o)
    0x0800034a   0x0800034a   0x00000002   Code   RO         3125    .ARM.Collect$$libshutdown$$00000010  c_w.l(libshutdown2.o)
    0x0800034c   0x0800034c   0x00000000   Code   RO         2945    .ARM.Collect$$rtentry$$00000000  c_w.l(__rtentry.o)
    0x0800034c   0x0800034c   0x00000000   Code   RO         2956    .ARM.Collect$$rtentry$$00000002  c_w.l(__rtentry2.o)
    0x0800034c   0x0800034c   0x00000006   Code   RO         2968    .ARM.Collect$$rtentry$$00000004  c_w.l(__rtentry4.o)
    0x08000352   0x08000352   0x00000000   Code   RO         2958    .ARM.Collect$$rtentry$$00000009  c_w.l(__rtentry2.o)
    0x08000352   0x08000352   0x00000004   Code   RO         2959    .ARM.Collect$$rtentry$$0000000A  c_w.l(__rtentry2.o)
    0x08000356   0x08000356   0x00000000   Code   RO         2961    .ARM.Collect$$rtentry$$0000000C  c_w.l(__rtentry2.o)
    0x08000356   0x08000356   0x00000008   Code   RO         2962    .ARM.Collect$$rtentry$$0000000D  c_w.l(__rtentry2.o)
    0x0800035e   0x0800035e   0x00000002   Code   RO         2994    .ARM.Collect$$rtexit$$00000000  c_w.l(rtexit.o)
    0x08000360   0x08000360   0x00000000   Code   RO         3054    .ARM.Collect$$rtexit$$00000002  c_w.l(rtexit2.o)
    0x08000360   0x08000360   0x00000004   Code   RO         3055    .ARM.Collect$$rtexit$$00000003  c_w.l(rtexit2.o)
    0x08000364   0x08000364   0x00000006   Code   RO         3056    .ARM.Collect$$rtexit$$00000004  c_w.l(rtexit2.o)
    0x0800036a   0x0800036a   0x00000002   PAD
    0x0800036c   0x0800036c   0x00000048   Code   RO            4    .text               startup_stm32h723xx.o
    0x080003b4   0x080003b4   0x000000f0   Code   RO         2921    .text               c_w.l(lludivv7m.o)
    0x080004a4   0x080004a4   0x00000074   Code   RO         2923    .text               c_w.l(llsdiv.o)
    0x08000518   0x08000518   0x0000008a   Code   RO         2925    .text               c_w.l(rt_memcpy_v6.o)
    0x080005a2   0x080005a2   0x00000010   Code   RO         2929    .text               c_w.l(aeabi_memset4.o)
    0x080005b2   0x080005b2   0x00000044   Code   RO         2931    .text               c_w.l(rt_memclr.o)
    0x080005f6   0x080005f6   0x0000004e   Code   RO         2933    .text               c_w.l(rt_memclr_w.o)
    0x08000644   0x08000644   0x00000006   Code   RO         2935    .text               c_w.l(heapauxi.o)
    0x0800064a   0x0800064a   0x00000016   Code   RO         2950    .text               c_w.l(_rserrno.o)
    0x08000660   0x08000660   0x00000064   Code   RO         2952    .text               c_w.l(rt_memcpy_w.o)
    0x080006c4   0x080006c4   0x00000008   Code   RO         2975    .text               c_w.l(rt_errno_addr_intlibspace.o)
    0x080006cc   0x080006cc   0x00000008   Code   RO         2977    .text               c_w.l(libspace.o)
    0x080006d4   0x080006d4   0x0000004a   Code   RO         2980    .text               c_w.l(sys_stackheap_outer.o)
    0x0800071e   0x0800071e   0x00000012   Code   RO         2982    .text               c_w.l(exit.o)
    0x08000730   0x08000730   0x0000000c   Code   RO         3049    .text               c_w.l(sys_exit.o)
    0x0800073c   0x0800073c   0x00000002   Code   RO         3072    .text               c_w.l(use_no_semi.o)
    0x0800073e   0x0800073e   0x00000000   Code   RO         3074    .text               c_w.l(indicate_semi.o)
    0x0800073e   0x0800073e   0x00000002   PAD
    0x08000740   0x08000740   0x00000016   Code   RO         2671    .text.Action_Request  action_api.o
    0x08000756   0x08000756   0x00000002   PAD
    0x08000758   0x08000758   0x000004d8   Code   RO         2673    .text.Action_Run1ms  action_api.o
    0x08000c30   0x08000c30   0x0000001a   Code   RO         2669    .text.Action_UpdatePnp  action_api.o
    0x08000c4a   0x08000c4a   0x00000006   PAD
    0x08000c50   0x08000c50   0x00000002   Code   RO          158    .text.BusFault_Handler  stm32h7xx_it.o
    0x08000c52   0x08000c52   0x00000006   PAD
    0x08000c58   0x08000c58   0x0000025e   Code   RO         2697    .text.C610_CoastAll  c610_2006.o
    0x08000eb6   0x08000eb6   0x00000002   PAD
    0x08000eb8   0x08000eb8   0x00000050   Code   RO         2701    .text.C610_GetStatus  c610_2006.o
    0x08000f08   0x08000f08   0x000001cc   Code   RO         2685    .text.C610_Init     c610_2006.o
    0x080010d4   0x080010d4   0x00000004   PAD
    0x080010d8   0x080010d8   0x00000294   Code   RO         2689    .text.C610_Run      c610_2006.o
    0x0800136c   0x0800136c   0x00000004   PAD
    0x08001370   0x08001370   0x00000054   Code   RO         2691    .text.C610_SetPos   c610_2006.o
    0x080013c4   0x080013c4   0x00000004   PAD
    0x080013c8   0x080013c8   0x0000014c   Code   RO         2699    .text.C610_StopAll  c610_2006.o
    0x08001514   0x08001514   0x00000004   PAD
    0x08001518   0x08001518   0x0000020c   Code   RO         2759    .text.Chassis_ApplyMotion  chassis_main.o
    0x08001724   0x08001724   0x00000004   PAD
    0x08001728   0x08001728   0x000000c0   Code   RO         2751    .text.Chassis_Init  chassis_main.o
    0x080017e8   0x080017e8   0x00000368   Code   RO         2755    .text.Chassis_Run1ms  chassis_main.o
    0x08001b50   0x08001b50   0x00000048   Code   RO         2753    .text.Chassis_SetVelocity  chassis_main.o
    0x08001b98   0x08001b98   0x00000042   Code   RO         2757    .text.Chassis_SetWheelRpm  chassis_main.o
    0x08001bda   0x08001bda   0x00000006   PAD
    0x08001be0   0x08001be0   0x0000002e   Code   RO         2761    .text.Chassis_StopAll  chassis_main.o
    0x08001c0e   0x08001c0e   0x00000002   PAD
    0x08001c10   0x08001c10   0x00000016   Code   RO         2782    .text.ComputerLink_Error  computer_link.o
    0x08001c26   0x08001c26   0x00000002   PAD
    0x08001c28   0x08001c28   0x00000066   Code   RO         2776    .text.ComputerLink_Init  computer_link.o
    0x08001c8e   0x08001c8e   0x00000002   PAD
    0x08001c90   0x08001c90   0x000000b2   Code   RO         2778    .text.ComputerLink_Run  computer_link.o
    0x08001d42   0x08001d42   0x00000006   PAD
    0x08001d48   0x08001d48   0x000000ee   Code   RO         2780    .text.ComputerLink_RxCplt  computer_link.o
    0x08001e36   0x08001e36   0x00000002   PAD
    0x08001e38   0x08001e38   0x0000000c   Code   RO          164    .text.DMA1_Stream0_IRQHandler  stm32h7xx_it.o
    0x08001e44   0x08001e44   0x00000004   PAD
    0x08001e48   0x08001e48   0x0000000c   Code   RO          166    .text.DMA1_Stream1_IRQHandler  stm32h7xx_it.o
    0x08001e54   0x08001e54   0x00000004   PAD
    0x08001e58   0x08001e58   0x0000000c   Code   RO          168    .text.DMA1_Stream2_IRQHandler  stm32h7xx_it.o
    0x08001e64   0x08001e64   0x00000004   PAD
    0x08001e68   0x08001e68   0x0000000c   Code   RO          170    .text.DMA1_Stream3_IRQHandler  stm32h7xx_it.o
    0x08001e74   0x08001e74   0x00000004   PAD
    0x08001e78   0x08001e78   0x0000000c   Code   RO          172    .text.DMA1_Stream4_IRQHandler  stm32h7xx_it.o
    0x08001e84   0x08001e84   0x00000004   PAD
    0x08001e88   0x08001e88   0x0000000c   Code   RO          174    .text.DMA1_Stream5_IRQHandler  stm32h7xx_it.o
    0x08001e94   0x08001e94   0x00000004   PAD
    0x08001e98   0x08001e98   0x0000000c   Code   RO          176    .text.DMA1_Stream6_IRQHandler  stm32h7xx_it.o
    0x08001ea4   0x08001ea4   0x00000004   PAD
    0x08001ea8   0x08001ea8   0x0000000c   Code   RO          184    .text.DMA1_Stream7_IRQHandler  stm32h7xx_it.o
    0x08001eb4   0x08001eb4   0x00000004   PAD
    0x08001eb8   0x08001eb8   0x0000000c   Code   RO          190    .text.DMA2_Stream0_IRQHandler  stm32h7xx_it.o
    0x08001ec4   0x08001ec4   0x00000004   PAD
    0x08001ec8   0x08001ec8   0x0000000c   Code   RO          192    .text.DMA2_Stream1_IRQHandler  stm32h7xx_it.o
    0x08001ed4   0x08001ed4   0x00000004   PAD
    0x08001ed8   0x08001ed8   0x0000000c   Code   RO          194    .text.DMA2_Stream2_IRQHandler  stm32h7xx_it.o
    0x08001ee4   0x08001ee4   0x00000004   PAD
    0x08001ee8   0x08001ee8   0x0000000c   Code   RO          196    .text.DMA2_Stream3_IRQHandler  stm32h7xx_it.o
    0x08001ef4   0x08001ef4   0x00000004   PAD
    0x08001ef8   0x08001ef8   0x0000012c   Code   RO          839    .text.DMA_CalcBaseAndBitshift  stm32h7xx_hal_dma.o
    0x08002024   0x08002024   0x00000004   PAD
    0x08002028   0x08002028   0x00000306   Code   RO          845    .text.DMA_SetConfig  stm32h7xx_hal_dma.o
    0x0800232e   0x0800232e   0x00000002   PAD
    0x08002330   0x08002330   0x00000016   Code   RO         2801    .text.DT35PnpLink_Error  dt35_pnp_link.o
    0x08002346   0x08002346   0x00000002   PAD
    0x08002348   0x08002348   0x00000072   Code   RO         2793    .text.DT35PnpLink_Init  dt35_pnp_link.o
    0x080023ba   0x080023ba   0x00000006   PAD
    0x080023c0   0x080023c0   0x00000098   Code   RO         2795    .text.DT35PnpLink_Run  dt35_pnp_link.o
    0x08002458   0x08002458   0x000000c8   Code   RO         2799    .text.DT35PnpLink_RxCplt  dt35_pnp_link.o
    0x08002520   0x08002520   0x00000178   Code   RO         2797    .text.DT35PnpLink_Send  dt35_pnp_link.o
    0x08002698   0x08002698   0x00000002   Code   RO          162    .text.DebugMon_Handler  stm32h7xx_it.o
    0x0800269a   0x0800269a   0x00000006   PAD
    0x080026a0   0x080026a0   0x00000110   Code   RO         2424    .text.DmApp_Enable  dm_app.o
    0x080027b0   0x080027b0   0x00000150   Code   RO         2434    .text.DmApp_GetStatus  dm_app.o
    0x08002900   0x08002900   0x000000ba   Code   RO         2430    .text.DmApp_GetZeroStatus  dm_app.o
    0x080029ba   0x080029ba   0x00000006   PAD
    0x080029c0   0x080029c0   0x00000324   Code   RO         2416    .text.DmApp_Init    dm_app.o
    0x08002ce4   0x08002ce4   0x00000004   PAD
    0x08002ce8   0x08002ce8   0x000001bc   Code   RO         2420    .text.DmApp_Run     dm_app.o
    0x08002ea4   0x08002ea4   0x00000004   PAD
    0x08002ea8   0x08002ea8   0x000001b4   Code   RO         2422    .text.DmApp_SetMitCmd  dm_app.o
    0x0800305c   0x0800305c   0x00000004   PAD
    0x08003060   0x08003060   0x00000104   Code   RO         2428    .text.DmApp_SetZero  dm_app.o
    0x08003164   0x08003164   0x00000004   PAD
    0x08003168   0x08003168   0x00000094   Code   RO         2432    .text.DmApp_StopAll  dm_app.o
    0x080031fc   0x080031fc   0x00000004   PAD
    0x08003200   0x08003200   0x00000040   Code   RO         2398    .text.DmMotor_BuildDisable  dm_motor.o
    0x08003240   0x08003240   0x00000040   Code   RO         2396    .text.DmMotor_BuildEnable  dm_motor.o
    0x08003280   0x08003280   0x00000274   Code   RO         2402    .text.DmMotor_BuildMit  dm_motor.o
    0x080034f4   0x080034f4   0x00000004   PAD
    0x080034f8   0x080034f8   0x00000040   Code   RO         2400    .text.DmMotor_BuildZero  dm_motor.o
    0x08003538   0x08003538   0x00000036   Code   RO         2406    .text.DmMotor_GetState  dm_motor.o
    0x0800356e   0x0800356e   0x00000002   PAD
    0x08003570   0x08003570   0x0000004c   Code   RO         2392    .text.DmMotor_Init  dm_motor.o
    0x080035bc   0x080035bc   0x00000004   PAD
    0x080035c0   0x080035c0   0x00000104   Code   RO         2404    .text.DmMotor_Parse  dm_motor.o
    0x080036c4   0x080036c4   0x00000004   PAD
    0x080036c8   0x080036c8   0x00000006   Code   RO           17    .text.Error_Handler  main.o
    0x080036ce   0x080036ce   0x00000002   PAD
    0x080036d0   0x080036d0   0x0000002c   Code   RO         1785    .text.ExitRun0Mode  system_stm32h7xx.o
    0x080036fc   0x080036fc   0x00000004   PAD
    0x08003700   0x08003700   0x0000000c   Code   RO          178    .text.FDCAN1_IT0_IRQHandler  stm32h7xx_it.o
    0x0800370c   0x0800370c   0x00000004   PAD
    0x08003710   0x08003710   0x0000000c   Code   RO          180    .text.FDCAN2_IT0_IRQHandler  stm32h7xx_it.o
    0x0800371c   0x0800371c   0x00000004   PAD
    0x08003720   0x08003720   0x0000000c   Code   RO          206    .text.FDCAN3_IT0_IRQHandler  stm32h7xx_it.o
    0x0800372c   0x0800372c   0x00000004   PAD
    0x08003730   0x08003730   0x00000040   Code   RO         2570    .text.Fdcan_BusOff  fdcan_task.o
    0x08003770   0x08003770   0x0000001a   Code   RO         2574    .text.Fdcan_GetRsBus  fdcan_task.o
    0x0800378a   0x0800378a   0x00000006   PAD
    0x08003790   0x08003790   0x0000001a   Code   RO         2576    .text.Fdcan_GetStdBus  fdcan_task.o
    0x080037aa   0x080037aa   0x00000006   PAD
    0x080037b0   0x080037b0   0x00000034   Code   RO         2580    .text.Fdcan_HandleErrorIsr  fdcan_task.o
    0x080037e4   0x080037e4   0x00000004   PAD
    0x080037e8   0x080037e8   0x00000034   Code   RO         2578    .text.Fdcan_HandleRxIsr  fdcan_task.o
    0x0800381c   0x0800381c   0x00000004   PAD
    0x08003820   0x08003820   0x00000072   Code   RO         2566    .text.Fdcan_Init    fdcan_task.o
    0x08003892   0x08003892   0x00000006   PAD
    0x08003898   0x08003898   0x00000020   Code   RO         2582    .text.Fdcan_RsBusOff  fdcan_task.o
    0x080038b8   0x080038b8   0x000000a2   Code   RO         2568    .text.Fdcan_Run1ms  fdcan_task.o
    0x0800395a   0x0800395a   0x00000006   PAD
    0x08003960   0x08003960   0x00000020   Code   RO         2584    .text.Fdcan_StdBusOff  fdcan_task.o
    0x08003980   0x08003980   0x00000030   Code   RO         2572    .text.Fdcan_Stop    fdcan_task.o
    0x080039b0   0x080039b0   0x0000052e   Code   RO          849    .text.HAL_DMA_Abort  stm32h7xx_hal_dma.o
    0x08003ede   0x08003ede   0x00000002   PAD
    0x08003ee0   0x08003ee0   0x000002ba   Code   RO          851    .text.HAL_DMA_Abort_IT  stm32h7xx_hal_dma.o
    0x0800419a   0x0800419a   0x00000006   PAD
    0x080041a0   0x080041a0   0x00000004   Code   RO          863    .text.HAL_DMA_GetError  stm32h7xx_hal_dma.o
    0x080041a4   0x080041a4   0x00000004   PAD
    0x080041a8   0x080041a8   0x00000838   Code   RO          855    .text.HAL_DMA_IRQHandler  stm32h7xx_hal_dma.o
    0x080049e0   0x080049e0   0x0000067e   Code   RO          837    .text.HAL_DMA_Init  stm32h7xx_hal_dma.o
    0x0800505e   0x0800505e   0x00000002   PAD
    0x08005060   0x08005060   0x000003a2   Code   RO          847    .text.HAL_DMA_Start_IT  stm32h7xx_hal_dma.o
    0x08005402   0x08005402   0x00000006   PAD
    0x08005408   0x08005408   0x00000028   Code   RO         1091    .text.HAL_Delay     stm32h7xx_hal.o
    0x08005430   0x08005430   0x0000008c   Code   RO         1537    .text.HAL_FDCAN_ActivateNotification  stm32h7xx_hal_fdcan.o
    0x080054bc   0x080054bc   0x00000004   PAD
    0x080054c0   0x080054c0   0x000000ee   Code   RO         1459    .text.HAL_FDCAN_AddMessageToTxFifoQ  stm32h7xx_hal_fdcan.o
    0x080055ae   0x080055ae   0x00000002   PAD
    0x080055b0   0x080055b0   0x00000002   Code   RO         1551    .text.HAL_FDCAN_ClockCalibrationCallback  stm32h7xx_hal_fdcan.o
    0x080055b2   0x080055b2   0x00000006   PAD
    0x080055b8   0x080055b8   0x0000008c   Code   RO         1411    .text.HAL_FDCAN_ConfigFilter  stm32h7xx_hal_fdcan.o
    0x08005644   0x08005644   0x00000004   PAD
    0x08005648   0x08005648   0x00000038   Code   RO         1413    .text.HAL_FDCAN_ConfigGlobalFilter  stm32h7xx_hal_fdcan.o
    0x08005680   0x08005680   0x00000048   Code   RO         1417    .text.HAL_FDCAN_ConfigRxFifoOverwrite  stm32h7xx_hal_fdcan.o
    0x080056c8   0x080056c8   0x00000002   Code   RO         1579    .text.HAL_FDCAN_ErrorCallback  stm32h7xx_hal_fdcan.o
    0x080056ca   0x080056ca   0x00000006   PAD
    0x080056d0   0x080056d0   0x00000004   Code   RO           96    .text.HAL_FDCAN_ErrorStatusCallback  fdcan.o
    0x080056d4   0x080056d4   0x00000004   PAD
    0x080056d8   0x080056d8   0x0000004a   Code   RO         1475    .text.HAL_FDCAN_GetProtocolStatus  stm32h7xx_hal_fdcan.o
    0x08005722   0x08005722   0x00000006   PAD
    0x08005728   0x08005728   0x00000012   Code   RO         1483    .text.HAL_FDCAN_GetRxFifoFillLevel  stm32h7xx_hal_fdcan.o
    0x0800573a   0x0800573a   0x00000006   PAD
    0x08005740   0x08005740   0x00000212   Code   RO         1469    .text.HAL_FDCAN_GetRxMessage  stm32h7xx_hal_fdcan.o
    0x08005952   0x08005952   0x00000006   PAD
    0x08005958   0x08005958   0x0000000c   Code   RO         1485    .text.HAL_FDCAN_GetTxFifoFreeLevel  stm32h7xx_hal_fdcan.o
    0x08005964   0x08005964   0x00000004   PAD
    0x08005968   0x08005968   0x00000002   Code   RO         1547    .text.HAL_FDCAN_HighPriorityMessageCallback  stm32h7xx_hal_fdcan.o
    0x0800596a   0x0800596a   0x00000006   PAD
    0x08005970   0x08005970   0x00000316   Code   RO         1545    .text.HAL_FDCAN_IRQHandler  stm32h7xx_hal_fdcan.o
    0x08005c86   0x08005c86   0x00000002   PAD
    0x08005c88   0x08005c88   0x00000400   Code   RO         1389    .text.HAL_FDCAN_Init  stm32h7xx_hal_fdcan.o
    0x08006088   0x08006088   0x0000015e   Code   RO           90    .text.HAL_FDCAN_MspInit  fdcan.o
    0x080061e6   0x080061e6   0x00000002   PAD
    0x080061e8   0x080061e8   0x00000002   Code   RO         1563    .text.HAL_FDCAN_RxBufferNewMessageCallback  stm32h7xx_hal_fdcan.o
    0x080061ea   0x080061ea   0x00000006   PAD
    0x080061f0   0x080061f0   0x00000004   Code   RO           94    .text.HAL_FDCAN_RxFifo0Callback  fdcan.o
    0x080061f4   0x080061f4   0x00000004   PAD
    0x080061f8   0x080061f8   0x00000002   Code   RO         1557    .text.HAL_FDCAN_RxFifo1Callback  stm32h7xx_hal_fdcan.o
    0x080061fa   0x080061fa   0x00000006   PAD
    0x08006200   0x08006200   0x00000034   Code   RO         1457    .text.HAL_FDCAN_Start  stm32h7xx_hal_fdcan.o
    0x08006234   0x08006234   0x00000004   PAD
    0x08006238   0x08006238   0x00000382   Code   RO         1395    .text.HAL_FDCAN_Stop  stm32h7xx_hal_fdcan.o
    0x080065ba   0x080065ba   0x00000006   PAD
    0x080065c0   0x080065c0   0x00000002   Code   RO         1577    .text.HAL_FDCAN_TT_GlobalTimeCallback  stm32h7xx_hal_fdcan.o
    0x080065c2   0x080065c2   0x00000006   PAD
    0x080065c8   0x080065c8   0x00000002   Code   RO         1571    .text.HAL_FDCAN_TT_ScheduleSyncCallback  stm32h7xx_hal_fdcan.o
    0x080065ca   0x080065ca   0x00000006   PAD
    0x080065d0   0x080065d0   0x00000002   Code   RO         1575    .text.HAL_FDCAN_TT_StopWatchCallback  stm32h7xx_hal_fdcan.o
    0x080065d2   0x080065d2   0x00000006   PAD
    0x080065d8   0x080065d8   0x00000002   Code   RO         1573    .text.HAL_FDCAN_TT_TimeMarkCallback  stm32h7xx_hal_fdcan.o
    0x080065da   0x080065da   0x00000006   PAD
    0x080065e0   0x080065e0   0x00000002   Code   RO         1567    .text.HAL_FDCAN_TimeoutOccurredCallback  stm32h7xx_hal_fdcan.o
    0x080065e2   0x080065e2   0x00000006   PAD
    0x080065e8   0x080065e8   0x00000002   Code   RO         1565    .text.HAL_FDCAN_TimestampWraparoundCallback  stm32h7xx_hal_fdcan.o
    0x080065ea   0x080065ea   0x00000006   PAD
    0x080065f0   0x080065f0   0x00000002   Code   RO         1549    .text.HAL_FDCAN_TxBufferAbortCallback  stm32h7xx_hal_fdcan.o
    0x080065f2   0x080065f2   0x00000006   PAD
    0x080065f8   0x080065f8   0x00000002   Code   RO         1561    .text.HAL_FDCAN_TxBufferCompleteCallback  stm32h7xx_hal_fdcan.o
    0x080065fa   0x080065fa   0x00000006   PAD
    0x08006600   0x08006600   0x00000002   Code   RO         1553    .text.HAL_FDCAN_TxEventFifoCallback  stm32h7xx_hal_fdcan.o
    0x08006602   0x08006602   0x00000006   PAD
    0x08006608   0x08006608   0x00000002   Code   RO         1559    .text.HAL_FDCAN_TxFifoEmptyCallback  stm32h7xx_hal_fdcan.o
    0x0800660a   0x0800660a   0x00000006   PAD
    0x08006610   0x08006610   0x000001f6   Code   RO          783    .text.HAL_GPIO_Init  stm32h7xx_hal_gpio.o
    0x08006806   0x08006806   0x00000002   PAD
    0x08006808   0x08006808   0x0000000a   Code   RO          789    .text.HAL_GPIO_WritePin  stm32h7xx_hal_gpio.o
    0x08006812   0x08006812   0x00000006   PAD
    0x08006818   0x08006818   0x0000000c   Code   RO         1083    .text.HAL_GetTick   stm32h7xx_hal.o
    0x08006824   0x08006824   0x00000004   PAD
    0x08006828   0x08006828   0x0000001a   Code   RO         1081    .text.HAL_IncTick   stm32h7xx_hal.o
    0x08006842   0x08006842   0x00000006   PAD
    0x08006848   0x08006848   0x00000064   Code   RO         1071    .text.HAL_Init      stm32h7xx_hal.o
    0x080068ac   0x080068ac   0x00000004   PAD
    0x080068b0   0x080068b0   0x000000a4   Code   RO          224    .text.HAL_InitTick  stm32h7xx_hal_timebase_tim.o
    0x08006954   0x08006954   0x00000004   PAD
    0x08006958   0x08006958   0x0000005e   Code   RO          592    .text.HAL_MPU_ConfigRegion  stm32h7xx_hal_cortex.o
    0x080069b6   0x080069b6   0x00000002   PAD
    0x080069b8   0x080069b8   0x0000001a   Code   RO          584    .text.HAL_MPU_Disable  stm32h7xx_hal_cortex.o
    0x080069d2   0x080069d2   0x00000006   PAD
    0x080069d8   0x080069d8   0x00000020   Code   RO          586    .text.HAL_MPU_Enable  stm32h7xx_hal_cortex.o
    0x080069f8   0x080069f8   0x0000002a   Code   RO          215    .text.HAL_MspInit   stm32h7xx_hal_msp.o
    0x08006a22   0x08006a22   0x00000006   PAD
    0x08006a28   0x08006a28   0x00000020   Code   RO          574    .text.HAL_NVIC_EnableIRQ  stm32h7xx_hal_cortex.o
    0x08006a48   0x08006a48   0x0000005c   Code   RO          572    .text.HAL_NVIC_SetPriority  stm32h7xx_hal_cortex.o
    0x08006aa4   0x08006aa4   0x00000004   PAD
    0x08006aa8   0x08006aa8   0x00000020   Code   RO          570    .text.HAL_NVIC_SetPriorityGrouping  stm32h7xx_hal_cortex.o
    0x08006ac8   0x08006ac8   0x0000004c   Code   RO          987    .text.HAL_PWREx_ConfigSupply  stm32h7xx_hal_pwr_ex.o
    0x08006b14   0x08006b14   0x00000004   PAD
    0x08006b18   0x08006b18   0x00000026   Code   RO          674    .text.HAL_RCCEx_GetD3PCLK1Freq  stm32h7xx_hal_rcc_ex.o
    0x08006b3e   0x08006b3e   0x00000002   PAD
    0x08006b40   0x08006b40   0x0000012c   Code   RO          670    .text.HAL_RCCEx_GetPLL2ClockFreq  stm32h7xx_hal_rcc_ex.o
    0x08006c6c   0x08006c6c   0x00000004   PAD
    0x08006c70   0x08006c70   0x0000012c   Code   RO          672    .text.HAL_RCCEx_GetPLL3ClockFreq  stm32h7xx_hal_rcc_ex.o
    0x08006d9c   0x08006d9c   0x00000004   PAD
    0x08006da0   0x08006da0   0x00000aa8   Code   RO          658    .text.HAL_RCCEx_PeriphCLKConfig  stm32h7xx_hal_rcc_ex.o
    0x08007848   0x08007848   0x00000268   Code   RO          626    .text.HAL_RCC_ClockConfig  stm32h7xx_hal_rcc.o
    0x08007ab0   0x08007ab0   0x00000058   Code   RO          644    .text.HAL_RCC_GetClockConfig  stm32h7xx_hal_rcc.o
    0x08007b08   0x08007b08   0x0000004c   Code   RO          636    .text.HAL_RCC_GetHCLKFreq  stm32h7xx_hal_rcc.o
    0x08007b54   0x08007b54   0x00000004   PAD
    0x08007b58   0x08007b58   0x00000060   Code   RO          638    .text.HAL_RCC_GetPCLK1Freq  stm32h7xx_hal_rcc.o
    0x08007bb8   0x08007bb8   0x00000060   Code   RO          640    .text.HAL_RCC_GetPCLK2Freq  stm32h7xx_hal_rcc.o
    0x08007c18   0x08007c18   0x00000114   Code   RO          628    .text.HAL_RCC_GetSysClockFreq  stm32h7xx_hal_rcc.o
    0x08007d2c   0x08007d2c   0x00000004   PAD
    0x08007d30   0x08007d30   0x00000518   Code   RO          624    .text.HAL_RCC_OscConfig  stm32h7xx_hal_rcc.o
    0x08008248   0x08008248   0x00000002   Code   RO          556    .text.HAL_TIMEx_Break2Callback  stm32h7xx_hal_tim_ex.o
    0x0800824a   0x0800824a   0x00000006   PAD
    0x08008250   0x08008250   0x00000002   Code   RO          554    .text.HAL_TIMEx_BreakCallback  stm32h7xx_hal_tim_ex.o
    0x08008252   0x08008252   0x00000006   PAD
    0x08008258   0x08008258   0x00000002   Code   RO          550    .text.HAL_TIMEx_CommutCallback  stm32h7xx_hal_tim_ex.o
    0x0800825a   0x0800825a   0x00000006   PAD
    0x08008260   0x08008260   0x00000060   Code   RO          239    .text.HAL_TIM_Base_Init  stm32h7xx_hal_tim.o
    0x080082c0   0x080082c0   0x00000002   Code   RO          241    .text.HAL_TIM_Base_MspInit  stm32h7xx_hal_tim.o
    0x080082c2   0x080082c2   0x00000006   PAD
    0x080082c8   0x080082c8   0x000000dc   Code   RO          253    .text.HAL_TIM_Base_Start_IT  stm32h7xx_hal_tim.o
    0x080083a4   0x080083a4   0x00000004   PAD
    0x080083a8   0x080083a8   0x00000002   Code   RO          375    .text.HAL_TIM_IC_CaptureCallback  stm32h7xx_hal_tim.o
    0x080083aa   0x080083aa   0x00000006   PAD
    0x080083b0   0x080083b0   0x0000016c   Code   RO          373    .text.HAL_TIM_IRQHandler  stm32h7xx_hal_tim.o
    0x0800851c   0x0800851c   0x00000004   PAD
    0x08008520   0x08008520   0x00000002   Code   RO          377    .text.HAL_TIM_OC_DelayElapsedCallback  stm32h7xx_hal_tim.o
    0x08008522   0x08008522   0x00000006   PAD
    0x08008528   0x08008528   0x00000002   Code   RO          379    .text.HAL_TIM_PWM_PulseFinishedCallback  stm32h7xx_hal_tim.o
    0x0800852a   0x0800852a   0x00000006   PAD
    0x08008530   0x08008530   0x00000014   Code   RO           27    .text.HAL_TIM_PeriodElapsedCallback  main.o
    0x08008544   0x08008544   0x00000004   PAD
    0x08008548   0x08008548   0x00000002   Code   RO          383    .text.HAL_TIM_TriggerCallback  stm32h7xx_hal_tim.o
    0x0800854a   0x0800854a   0x00000006   PAD
    0x08008550   0x08008550   0x00000036   Code   RO         1758    .text.HAL_UARTEx_DisableFifoMode  stm32h7xx_hal_uart_ex.o
    0x08008586   0x08008586   0x00000002   PAD
    0x08008588   0x08008588   0x000000a8   Code   RO         1768    .text.HAL_UARTEx_ReceiveToIdle_DMA  stm32h7xx_hal_uart_ex.o
    0x08008630   0x08008630   0x00000004   Code   RO           21    .text.HAL_UARTEx_RxEventCallback  main.o
    0x08008634   0x08008634   0x00000004   PAD
    0x08008638   0x08008638   0x00000002   Code   RO         1744    .text.HAL_UARTEx_RxFifoFullCallback  stm32h7xx_hal_uart_ex.o
    0x0800863a   0x0800863a   0x00000006   PAD
    0x08008640   0x08008640   0x00000090   Code   RO         1762    .text.HAL_UARTEx_SetRxFifoThreshold  stm32h7xx_hal_uart_ex.o
    0x080086d0   0x080086d0   0x00000090   Code   RO         1760    .text.HAL_UARTEx_SetTxFifoThreshold  stm32h7xx_hal_uart_ex.o
    0x08008760   0x08008760   0x00000002   Code   RO         1746    .text.HAL_UARTEx_TxFifoEmptyCallback  stm32h7xx_hal_uart_ex.o
    0x08008762   0x08008762   0x00000006   PAD
    0x08008768   0x08008768   0x00000002   Code   RO         1742    .text.HAL_UARTEx_WakeupCallback  stm32h7xx_hal_uart_ex.o
    0x0800876a   0x0800876a   0x00000006   PAD
    0x08008770   0x08008770   0x00000192   Code   RO         1657    .text.HAL_UART_AbortReceive  stm32h7xx_hal_uart.o
    0x08008902   0x08008902   0x00000006   PAD
    0x08008908   0x08008908   0x0000013c   Code   RO         1655    .text.HAL_UART_AbortTransmit  stm32h7xx_hal_uart.o
    0x08008a44   0x08008a44   0x00000004   PAD
    0x08008a48   0x08008a48   0x00000024   Code   RO           25    .text.HAL_UART_ErrorCallback  main.o
    0x08008a6c   0x08008a6c   0x00000004   PAD
    0x08008a70   0x08008a70   0x00000686   Code   RO         1679    .text.HAL_UART_IRQHandler  stm32h7xx_hal_uart.o
    0x080090f6   0x080090f6   0x00000002   PAD
    0x080090f8   0x080090f8   0x00000068   Code   RO         1595    .text.HAL_UART_Init  stm32h7xx_hal_uart.o
    0x08009160   0x08009160   0x0000059e   Code   RO          122    .text.HAL_UART_MspInit  usart.o
    0x080096fe   0x080096fe   0x00000002   PAD
    0x08009700   0x08009700   0x000001ec   Code   RO         1643    .text.HAL_UART_Receive_DMA  stm32h7xx_hal_uart.o
    0x080098ec   0x080098ec   0x00000004   PAD
    0x080098f0   0x080098f0   0x000000ac   Code   RO         1631    .text.HAL_UART_Receive_IT  stm32h7xx_hal_uart.o
    0x0800999c   0x0800999c   0x00000004   PAD
    0x080099a0   0x080099a0   0x00000012   Code   RO           19    .text.HAL_UART_RxCpltCallback  main.o
    0x080099b2   0x080099b2   0x00000006   PAD
    0x080099b8   0x080099b8   0x00000002   Code   RO         1693    .text.HAL_UART_RxHalfCpltCallback  stm32h7xx_hal_uart.o
    0x080099ba   0x080099ba   0x00000006   PAD
    0x080099c0   0x080099c0   0x0000013c   Code   RO         1615    .text.HAL_UART_Transmit  stm32h7xx_hal_uart.o
    0x08009afc   0x08009afc   0x00000004   PAD
    0x08009b00   0x08009b00   0x000000e4   Code   RO         1635    .text.HAL_UART_Transmit_DMA  stm32h7xx_hal_uart.o
    0x08009be4   0x08009be4   0x00000004   PAD
    0x08009be8   0x08009be8   0x00000012   Code   RO           23    .text.HAL_UART_TxCpltCallback  main.o
    0x08009bfa   0x08009bfa   0x00000006   PAD
    0x08009c00   0x08009c00   0x00000002   Code   RO         1689    .text.HAL_UART_TxHalfCpltCallback  stm32h7xx_hal_uart.o
    0x08009c02   0x08009c02   0x00000006   PAD
    0x08009c08   0x08009c08   0x00000002   Code   RO          154    .text.HardFault_Handler  stm32h7xx_it.o
    0x08009c0a   0x08009c0a   0x00000006   PAD
    0x08009c10   0x08009c10   0x0000041c   Code   RO         2895    .text.ImuMain_CalcOmega  imu_main.o
    0x0800a02c   0x0800a02c   0x00000004   PAD
    0x0800a030   0x0800a030   0x00000004   Code   RO         2905    .text.ImuMain_HandleRxEvent  imu_main.o
    0x0800a034   0x0800a034   0x00000004   PAD
    0x0800a038   0x0800a038   0x00000004   Code   RO         2907    .text.ImuMain_HandleUartError  imu_main.o
    0x0800a03c   0x0800a03c   0x00000004   PAD
    0x0800a040   0x0800a040   0x0000006a   Code   RO         2889    .text.ImuMain_Init  imu_main.o
    0x0800a0aa   0x0800a0aa   0x00000006   PAD
    0x0800a0b0   0x0800a0b0   0x00000724   Code   RO         2891    .text.ImuMain_Run1ms  imu_main.o
    0x0800a7d4   0x0800a7d4   0x00000004   PAD
    0x0800a7d8   0x0800a7d8   0x000000a0   Code   RO         2903    .text.ImuMain_SendYaw  imu_main.o
    0x0800a878   0x0800a878   0x0000003a   Code   RO         2872    .text.Imu_GetRawData  imu.o
    0x0800a8b2   0x0800a8b2   0x00000006   PAD
    0x0800a8b8   0x0800a8b8   0x00000042   Code   RO         2874    .text.Imu_GetStats  imu.o
    0x0800a8fa   0x0800a8fa   0x00000006   PAD
    0x0800a900   0x0800a900   0x000007c2   Code   RO         2876    .text.Imu_HandleRxEvent  imu.o
    0x0800b0c2   0x0800b0c2   0x00000006   PAD
    0x0800b0c8   0x0800b0c8   0x00000028   Code   RO         2878    .text.Imu_HandleUartError  imu.o
    0x0800b0f0   0x0800b0f0   0x0000004a   Code   RO         2862    .text.Imu_Init      imu.o
    0x0800b13a   0x0800b13a   0x00000006   PAD
    0x0800b140   0x0800b140   0x000001e4   Code   RO         2866    .text.Imu_Process   imu.o
    0x0800b324   0x0800b324   0x00000004   PAD
    0x0800b328   0x0800b328   0x00000018   Code   RO         2868    .text.Imu_RequestRestart  imu.o
    0x0800b340   0x0800b340   0x00000024   Code   RO         2870    .text.Imu_Send      imu.o
    0x0800b364   0x0800b364   0x00000004   PAD
    0x0800b368   0x0800b368   0x0000001a   Code   RO         2822    .text.LoraLink_HandleTxCplt  lora_link.o
    0x0800b382   0x0800b382   0x00000006   PAD
    0x0800b388   0x0800b388   0x00000022   Code   RO         2824    .text.LoraLink_HandleUartError  lora_link.o
    0x0800b3aa   0x0800b3aa   0x00000006   PAD
    0x0800b3b0   0x0800b3b0   0x000000a0   Code   RO         2812    .text.LoraLink_Init  lora_link.o
    0x0800b450   0x0800b450   0x00000420   Code   RO         2816    .text.LoraLink_Run  lora_link.o
    0x0800b870   0x0800b870   0x0000012c   Code   RO         2814    .text.LoraLink_StartReceive  lora_link.o
    0x0800b99c   0x0800b99c   0x00000004   PAD
    0x0800b9a0   0x0800b9a0   0x000000f6   Code   RO           75    .text.MX_DMA_Init   dma.o
    0x0800ba96   0x0800ba96   0x00000002   PAD
    0x0800ba98   0x0800ba98   0x0000006a   Code   RO           84    .text.MX_FDCAN1_Init  fdcan.o
    0x0800bb02   0x0800bb02   0x00000006   PAD
    0x0800bb08   0x0800bb08   0x0000006c   Code   RO           86    .text.MX_FDCAN2_Init  fdcan.o
    0x0800bb74   0x0800bb74   0x00000004   PAD
    0x0800bb78   0x0800bb78   0x0000006e   Code   RO           88    .text.MX_FDCAN3_Init  fdcan.o
    0x0800bbe6   0x0800bbe6   0x00000002   PAD
    0x0800bbe8   0x0800bbe8   0x0000006c   Code   RO           51    .text.MX_FREERTOS_Init  freertos.o
    0x0800bc54   0x0800bc54   0x00000004   PAD
    0x0800bc58   0x0800bc58   0x000000aa   Code   RO           38    .text.MX_GPIO_Init  gpio.o
    0x0800bd02   0x0800bd02   0x00000006   PAD
    0x0800bd08   0x0800bd08   0x0000007c   Code   RO          110    .text.MX_UART4_Init  usart.o
    0x0800bd84   0x0800bd84   0x00000004   PAD
    0x0800bd88   0x0800bd88   0x0000007c   Code   RO          112    .text.MX_UART7_Init  usart.o
    0x0800be04   0x0800be04   0x00000004   PAD
    0x0800be08   0x0800be08   0x00000080   Code   RO          114    .text.MX_UART8_Init  usart.o
    0x0800be88   0x0800be88   0x0000007c   Code   RO          116    .text.MX_UART9_Init  usart.o
    0x0800bf04   0x0800bf04   0x00000004   PAD
    0x0800bf08   0x0800bf08   0x0000007c   Code   RO          118    .text.MX_USART1_UART_Init  usart.o
    0x0800bf84   0x0800bf84   0x00000004   PAD
    0x0800bf88   0x0800bf88   0x00000080   Code   RO          120    .text.MX_USART6_UART_Init  usart.o
    0x0800c008   0x0800c008   0x0000001a   Code   RO         2847    .text.McuLink_HandleTxCplt  mcu_link.o
    0x0800c022   0x0800c022   0x00000006   PAD
    0x0800c028   0x0800c028   0x00000022   Code   RO         2849    .text.McuLink_HandleUartError  mcu_link.o
    0x0800c04a   0x0800c04a   0x00000006   PAD
    0x0800c050   0x0800c050   0x0000008c   Code   RO         2837    .text.McuLink_Init  mcu_link.o
    0x0800c0dc   0x0800c0dc   0x00000004   PAD
    0x0800c0e0   0x0800c0e0   0x000000a2   Code   RO         2843    .text.McuLink_Read  mcu_link.o
    0x0800c182   0x0800c182   0x00000006   PAD
    0x0800c188   0x0800c188   0x00000036   Code   RO         2841    .text.McuLink_Run   mcu_link.o
    0x0800c1be   0x0800c1be   0x00000002   PAD
    0x0800c1c0   0x0800c1c0   0x00000064   Code   RO         2845    .text.McuLink_Send  mcu_link.o
    0x0800c224   0x0800c224   0x00000004   PAD
    0x0800c228   0x0800c228   0x0000012c   Code   RO         2839    .text.McuLink_StartReceive  mcu_link.o
    0x0800c354   0x0800c354   0x00000004   PAD
    0x0800c358   0x0800c358   0x00000002   Code   RO          156    .text.MemManage_Handler  stm32h7xx_it.o
    0x0800c35a   0x0800c35a   0x00000006   PAD
    0x0800c360   0x0800c360   0x00000002   Code   RO          152    .text.NMI_Handler   stm32h7xx_it.o
    0x0800c362   0x0800c362   0x0000000e   PAD
    0x0800c370   0x0800c370   0x00000064   Code   RO         2376    .text.PendSV_Handler  port.o
    0x0800c3d4   0x0800c3d4   0x00000004   PAD
    0x0800c3d8   0x0800c3d8   0x00000122   Code   RO          660    .text.RCCEx_PLL2_Config  stm32h7xx_hal_rcc_ex.o
    0x0800c4fa   0x0800c4fa   0x00000006   PAD
    0x0800c500   0x0800c500   0x00000122   Code   RO          662    .text.RCCEx_PLL3_Config  stm32h7xx_hal_rcc_ex.o
    0x0800c622   0x0800c622   0x00000006   PAD
    0x0800c628   0x0800c628   0x00000084   Code   RO         2552    .text.RsApp_ClearFault  rs_app.o
    0x0800c6ac   0x0800c6ac   0x00000004   PAD
    0x0800c6b0   0x0800c6b0   0x00000098   Code   RO         2544    .text.RsApp_Enable  rs_app.o
    0x0800c748   0x0800c748   0x00000148   Code   RO         2556    .text.RsApp_GetStatus  rs_app.o
    0x0800c890   0x0800c890   0x00000084   Code   RO         2550    .text.RsApp_GetZeroStatus  rs_app.o
    0x0800c914   0x0800c914   0x00000004   PAD
    0x0800c918   0x0800c918   0x00000304   Code   RO         2534    .text.RsApp_Init    rs_app.o
    0x0800cc1c   0x0800cc1c   0x00000004   PAD
    0x0800cc20   0x0800cc20   0x000001e8   Code   RO         2540    .text.RsApp_Run     rs_app.o
    0x0800ce08   0x0800ce08   0x00000098   Code   RO         2542    .text.RsApp_SetCmd  rs_app.o
    0x0800cea0   0x0800cea0   0x00000090   Code   RO         2548    .text.RsApp_SetZero  rs_app.o
    0x0800cf30   0x0800cf30   0x00000076   Code   RO         2554    .text.RsApp_StopAll  rs_app.o
    0x0800cfa6   0x0800cfa6   0x00000002   PAD
    0x0800cfa8   0x0800cfa8   0x00000014   Code   RO         2512    .text.RsBus_BusOff  rs_bus.o
    0x0800cfbc   0x0800cfbc   0x00000004   PAD
    0x0800cfc0   0x0800cfc0   0x0000001a   Code   RO         2510    .text.RsBus_HandleErrorIsr  rs_bus.o
    0x0800cfda   0x0800cfda   0x00000006   PAD
    0x0800cfe0   0x0800cfe0   0x00000096   Code   RO         2522    .text.RsBus_HandleRxIsr  rs_bus.o
    0x0800d076   0x0800d076   0x00000002   PAD
    0x0800d078   0x0800d078   0x000000a0   Code   RO         2508    .text.RsBus_Init    rs_bus.o
    0x0800d118   0x0800d118   0x00000066   Code   RO         2524    .text.RsBus_ProcessRx  rs_bus.o
    0x0800d17e   0x0800d17e   0x00000002   PAD
    0x0800d180   0x0800d180   0x00000062   Code   RO         2514    .text.RsBus_Recover  rs_bus.o
    0x0800d1e2   0x0800d1e2   0x00000006   PAD
    0x0800d1e8   0x0800d1e8   0x00000066   Code   RO         2520    .text.RsBus_Send    rs_bus.o
    0x0800d24e   0x0800d24e   0x00000002   PAD
    0x0800d250   0x0800d250   0x00000020   Code   RO         2518    .text.RsBus_SetHandler  rs_bus.o
    0x0800d270   0x0800d270   0x0000001e   Code   RO         2516    .text.RsBus_Stop    rs_bus.o
    0x0800d28e   0x0800d28e   0x00000002   PAD
    0x0800d290   0x0800d290   0x0000005a   Code   RO         2480    .text.RsMotor_ClearFault  rs00.o
    0x0800d2ea   0x0800d2ea   0x00000006   PAD
    0x0800d2f0   0x0800d2f0   0x0000003c   Code   RO         2496    .text.RsMotor_GetFeedback  rs00.o
    0x0800d32c   0x0800d32c   0x00000004   PAD
    0x0800d330   0x0800d330   0x0000004c   Code   RO         2474    .text.RsMotor_GetZeroStatus  rs00.o
    0x0800d37c   0x0800d37c   0x00000004   PAD
    0x0800d380   0x0800d380   0x00000042   Code   RO         2470    .text.RsMotor_Init  rs00.o
    0x0800d3c2   0x0800d3c2   0x00000006   PAD
    0x0800d3c8   0x0800d3c8   0x000001b0   Code   RO         2498    .text.RsMotor_Parse  rs00.o
    0x0800d578   0x0800d578   0x00000170   Code   RO         2490    .text.RsMotor_SetCsp  rs00.o
    0x0800d6e8   0x0800d6e8   0x000000bc   Code   RO         2484    .text.RsMotor_SetIq  rs00.o
    0x0800d7a4   0x0800d7a4   0x00000004   PAD
    0x0800d7a8   0x0800d7a8   0x00000234   Code   RO         2482    .text.RsMotor_SetMotion  rs00.o
    0x0800d9dc   0x0800d9dc   0x00000004   PAD
    0x0800d9e0   0x0800d9e0   0x00000134   Code   RO         2492    .text.RsMotor_SetPp  rs00.o
    0x0800db14   0x0800db14   0x00000004   PAD
    0x0800db18   0x0800db18   0x000001a8   Code   RO         2488    .text.RsMotor_SetSpeed  rs00.o
    0x0800dcc0   0x0800dcc0   0x0000009c   Code   RO         2472    .text.RsMotor_SetZero  rs00.o
    0x0800dd5c   0x0800dd5c   0x00000004   PAD
    0x0800dd60   0x0800dd60   0x00000146   Code   RO         2476    .text.RsMotor_Start  rs00.o
    0x0800dea6   0x0800dea6   0x00000002   PAD
    0x0800dea8   0x0800dea8   0x00000056   Code   RO         2478    .text.RsMotor_Stop  rs00.o
    0x0800defe   0x0800defe   0x00000002   PAD
    0x0800df00   0x0800df00   0x00000024   Code   RO         2360    .text.SVC_Handler   port.o
    0x0800df24   0x0800df24   0x00000004   PAD
    0x0800df28   0x0800df28   0x0000005a   Code   RO           55    .text.StartChassisTask  freertos.o
    0x0800df82   0x0800df82   0x00000006   PAD
    0x0800df88   0x0800df88   0x0000005c   Code   RO           59    .text.StartCommTask  freertos.o
    0x0800dfe4   0x0800dfe4   0x00000004   PAD
    0x0800dfe8   0x0800dfe8   0x0000002e   Code   RO           57    .text.StartLiftTask  freertos.o
    0x0800e016   0x0800e016   0x00000002   PAD
    0x0800e018   0x0800e018   0x00000086   Code   RO           53    .text.StartStartupReminderTask  freertos.o
    0x0800e09e   0x0800e09e   0x00000002   PAD
    0x0800e0a0   0x0800e0a0   0x000000a4   Code   RO         2448    .text.StdCan_AddHandler  dm_2006_bus.o
    0x0800e144   0x0800e144   0x00000004   PAD
    0x0800e148   0x0800e148   0x00000014   Code   RO         2456    .text.StdCan_BusOff  dm_2006_bus.o
    0x0800e15c   0x0800e15c   0x00000004   PAD
    0x0800e160   0x0800e160   0x0000001a   Code   RO         2454    .text.StdCan_HandleErrorIsr  dm_2006_bus.o
    0x0800e17a   0x0800e17a   0x00000006   PAD
    0x0800e180   0x0800e180   0x00000094   Code   RO         2452    .text.StdCan_HandleRxIsr  dm_2006_bus.o
    0x0800e214   0x0800e214   0x00000004   PAD
    0x0800e218   0x0800e218   0x00000160   Code   RO         2444    .text.StdCan_Init   dm_2006_bus.o
    0x0800e378   0x0800e378   0x0000008c   Code   RO         2460    .text.StdCan_ProcessRx  dm_2006_bus.o
    0x0800e404   0x0800e404   0x00000004   PAD
    0x0800e408   0x0800e408   0x00000062   Code   RO         2458    .text.StdCan_Recover  dm_2006_bus.o
    0x0800e46a   0x0800e46a   0x00000006   PAD
    0x0800e470   0x0800e470   0x00000066   Code   RO         2450    .text.StdCan_Send   dm_2006_bus.o
    0x0800e4d6   0x0800e4d6   0x00000002   PAD
    0x0800e4d8   0x0800e4d8   0x0000001e   Code   RO         2446    .text.StdCan_Stop   dm_2006_bus.o
    0x0800e4f6   0x0800e4f6   0x00000002   PAD
    0x0800e4f8   0x0800e4f8   0x0000001e   Code   RO         2165    .text.SysTick_Handler  cmsis_os2.o
    0x0800e516   0x0800e516   0x00000002   PAD
    0x0800e518   0x0800e518   0x000000c8   Code   RO           13    .text.SystemClock_Config  main.o
    0x0800e5e0   0x0800e5e0   0x000000d2   Code   RO         1781    .text.SystemInit    system_stm32h7xx.o
    0x0800e6b2   0x0800e6b2   0x00000006   PAD
    0x0800e6b8   0x0800e6b8   0x0000000c   Code   RO          188    .text.TIM6_DAC_IRQHandler  stm32h7xx_it.o
    0x0800e6c4   0x0800e6c4   0x00000004   PAD
    0x0800e6c8   0x0800e6c8   0x00000178   Code   RO          243    .text.TIM_Base_SetConfig  stm32h7xx_hal_tim.o
    0x0800e840   0x0800e840   0x0000000c   Code   RO          186    .text.UART4_IRQHandler  stm32h7xx_it.o
    0x0800e84c   0x0800e84c   0x00000004   PAD
    0x0800e850   0x0800e850   0x0000000c   Code   RO          200    .text.UART7_IRQHandler  stm32h7xx_it.o
    0x0800e85c   0x0800e85c   0x00000004   PAD
    0x0800e860   0x0800e860   0x0000000c   Code   RO          202    .text.UART8_IRQHandler  stm32h7xx_it.o
    0x0800e86c   0x0800e86c   0x00000004   PAD
    0x0800e870   0x0800e870   0x0000000c   Code   RO          204    .text.UART9_IRQHandler  stm32h7xx_it.o
    0x0800e87c   0x0800e87c   0x00000004   PAD
    0x0800e880   0x0800e880   0x000000e0   Code   RO         1599    .text.UART_AdvFeatureConfig  stm32h7xx_hal_uart.o
    0x0800e960   0x0800e960   0x00000176   Code   RO         1603    .text.UART_CheckIdleState  stm32h7xx_hal_uart.o
    0x0800ead6   0x0800ead6   0x00000002   PAD
    0x0800ead8   0x0800ead8   0x00000006   Code   RO         1681    .text.UART_DMAAbortOnError  stm32h7xx_hal_uart.o
    0x0800eade   0x0800eade   0x00000002   PAD
    0x0800eae0   0x0800eae0   0x000001f0   Code   RO         1641    .text.UART_DMAError  stm32h7xx_hal_uart.o
    0x0800ecd0   0x0800ecd0   0x00000198   Code   RO         1725    .text.UART_DMAReceiveCplt  stm32h7xx_hal_uart.o
    0x0800ee68   0x0800ee68   0x00000038   Code   RO         1727    .text.UART_DMARxHalfCplt  stm32h7xx_hal_uart.o
    0x0800eea0   0x0800eea0   0x000000ba   Code   RO         1637    .text.UART_DMATransmitCplt  stm32h7xx_hal_uart.o
    0x0800ef5a   0x0800ef5a   0x00000006   PAD
    0x0800ef60   0x0800ef60   0x00000006   Code   RO         1639    .text.UART_DMATxHalfCplt  stm32h7xx_hal_uart.o
    0x0800ef66   0x0800ef66   0x00000002   PAD
    0x0800ef68   0x0800ef68   0x000001c4   Code   RO         1721    .text.UART_RxISR_16BIT  stm32h7xx_hal_uart.o
    0x0800f12c   0x0800f12c   0x00000004   PAD
    0x0800f130   0x0800f130   0x00000324   Code   RO         1717    .text.UART_RxISR_16BIT_FIFOEN  stm32h7xx_hal_uart.o
    0x0800f454   0x0800f454   0x00000004   PAD
    0x0800f458   0x0800f458   0x000001c0   Code   RO         1723    .text.UART_RxISR_8BIT  stm32h7xx_hal_uart.o
    0x0800f618   0x0800f618   0x00000328   Code   RO         1719    .text.UART_RxISR_8BIT_FIFOEN  stm32h7xx_hal_uart.o
    0x0800f940   0x0800f940   0x000004d4   Code   RO         1601    .text.UART_SetConfig  stm32h7xx_hal_uart.o
    0x0800fe14   0x0800fe14   0x00000004   PAD
    0x0800fe18   0x0800fe18   0x00000158   Code   RO         1645    .text.UART_Start_Receive_DMA  stm32h7xx_hal_uart.o
    0x0800ff70   0x0800ff70   0x00000274   Code   RO         1633    .text.UART_Start_Receive_IT  stm32h7xx_hal_uart.o
    0x080101e4   0x080101e4   0x00000004   PAD
    0x080101e8   0x080101e8   0x00000358   Code   RO         1617    .text.UART_WaitOnFlagUntilTimeout  stm32h7xx_hal_uart.o
    0x08010540   0x08010540   0x0000000c   Code   RO          182    .text.USART1_IRQHandler  stm32h7xx_it.o
    0x0801054c   0x0801054c   0x00000004   PAD
    0x08010550   0x08010550   0x0000000c   Code   RO          198    .text.USART6_IRQHandler  stm32h7xx_it.o
    0x0801055c   0x0801055c   0x00000004   PAD
    0x08010560   0x08010560   0x00000026   Code   RO         2635    .text.Up_CoastM2006  up_main.o
    0x08010586   0x08010586   0x00000002   PAD
    0x08010588   0x08010588   0x000000c6   Code   RO         2619    .text.Up_DmMoveDone  up_main.o
    0x0801064e   0x0801064e   0x00000002   PAD
    0x08010650   0x08010650   0x000000fa   Code   RO         2613    .text.Up_GetMotorAngles  up_main.o
    0x0801074a   0x0801074a   0x00000006   PAD
    0x08010750   0x08010750   0x0000002e   Code   RO         2629    .text.Up_GetPositionRebaseStatus  up_main.o
    0x0801077e   0x0801077e   0x00000002   PAD
    0x08010780   0x08010780   0x000000c8   Code   RO         2597    .text.Up_Init       up_main.o
    0x08010848   0x08010848   0x0000005e   Code   RO         2605    .text.Up_IsM2006Ready  up_main.o
    0x080108a6   0x080108a6   0x00000002   PAD
    0x080108a8   0x080108a8   0x00000028   Code   RO         2603    .text.Up_IsReady    up_main.o
    0x080108d0   0x080108d0   0x0000016a   Code   RO         2615    .text.Up_MotorMoveDone  up_main.o
    0x08010a3a   0x08010a3a   0x00000006   PAD
    0x08010a40   0x08010a40   0x000000f4   Code   RO         2633    .text.Up_MoveM2006  up_main.o
    0x08010b34   0x08010b34   0x00000004   PAD
    0x08010b38   0x08010b38   0x00000068   Code   RO         2627    .text.Up_RebaseDmPosition  up_main.o
    0x08010ba0   0x08010ba0   0x00000078   Code   RO         2625    .text.Up_RebaseRsPosition  up_main.o
    0x08010c18   0x08010c18   0x000000dc   Code   RO         2617    .text.Up_RsMoveDone  up_main.o
    0x08010cf4   0x08010cf4   0x00000004   PAD
    0x08010cf8   0x08010cf8   0x000006fc   Code   RO         2637    .text.Up_Run1ms     up_main.o
    0x080113f4   0x080113f4   0x00000004   PAD
    0x080113f8   0x080113f8   0x0000012c   Code   RO         2623    .text.Up_SetDmPos   up_main.o
    0x08011524   0x08011524   0x00000004   PAD
    0x08011528   0x08011528   0x0000008c   Code   RO         2609    .text.Up_SetFeedforward  up_main.o
    0x080115b4   0x080115b4   0x00000004   PAD
    0x080115b8   0x080115b8   0x0000012c   Code   RO         2607    .text.Up_SetMotorPos  up_main.o
    0x080116e4   0x080116e4   0x00000004   PAD
    0x080116e8   0x080116e8   0x0000012c   Code   RO         2621    .text.Up_SetRsPos   up_main.o
    0x08011814   0x08011814   0x00000004   PAD
    0x08011818   0x08011818   0x00000014   Code   RO         2639    .text.Up_StopAll    up_main.o
    0x0801182c   0x0801182c   0x00000004   PAD
    0x08011830   0x08011830   0x00000002   Code   RO          160    .text.UsageFault_Handler  stm32h7xx_it.o
    0x08011832   0x08011832   0x00000006   PAD
    0x08011838   0x08011838   0x00000086   Code   RO         2711    .text.VescCan_Init  vesc_can.o
    0x080118be   0x080118be   0x00000002   PAD
    0x080118c0   0x080118c0   0x00000068   Code   RO         2717    .text.VescCan_Read  vesc_can.o
    0x08011928   0x08011928   0x00000080   Code   RO         2715    .text.VescCan_Recover  vesc_can.o
    0x080119a8   0x080119a8   0x00000114   Code   RO         2713    .text.VescCan_Send  vesc_can.o
    0x08011abc   0x08011abc   0x00000004   PAD
    0x08011ac0   0x08011ac0   0x0000001c   Code   RO         2719    .text.VescCan_Stop  vesc_can.o
    0x08011adc   0x08011adc   0x00000004   PAD
    0x08011ae0   0x08011ae0   0x00000062   Code   RO         2729    .text.VescMotor_Init  vesc_motor.o
    0x08011b42   0x08011b42   0x00000006   PAD
    0x08011b48   0x08011b48   0x000000a8   Code   RO         2737    .text.VescMotor_Parse  vesc_motor.o
    0x08011bf0   0x08011bf0   0x00000062   Code   RO         2733    .text.VescMotor_SendRpm  vesc_motor.o
    0x08011c52   0x08011c52   0x00000006   PAD
    0x08011c58   0x08011c58   0x00000050   Code   RO         2731    .text.VescMotor_SetRpm  vesc_motor.o
    0x08011ca8   0x08011ca8   0x00000016   Code   RO         2739    .text.VescMotor_Update  vesc_motor.o
    0x08011cbe   0x08011cbe   0x00000002   PAD
    0x08011cc0   0x08011cc0   0x000001f4   Code   RO         2536    .text.command_valid  rs_app.o
    0x08011eb4   0x08011eb4   0x00000004   PAD
    0x08011eb8   0x08011eb8   0x000000c8   Code   RO         2418    .text.handle_rx     dm_app.o
    0x08011f80   0x08011f80   0x000000b0   Code   RO         2538    .text.handle_rx     rs_app.o
    0x08012030   0x08012030   0x00000090   Code   RO         2687    .text.handle_rx     c610_2006.o
    0x080120c0   0x080120c0   0x000000e2   Code   RO           11    .text.main          main.o
    0x080121a2   0x080121a2   0x00000006   PAD
    0x080121a8   0x080121a8   0x00000040   Code   RO         2225    .text.osDelay       cmsis_os2.o
    0x080121e8   0x080121e8   0x0000005c   Code   RO         2227    .text.osDelayUntil  cmsis_os2.o
    0x08012244   0x08012244   0x00000004   PAD
    0x08012248   0x08012248   0x00000032   Code   RO         2181    .text.osKernelGetTickCount  cmsis_os2.o
    0x0801227a   0x0801227a   0x00000006   PAD
    0x08012280   0x08012280   0x0000004e   Code   RO         2167    .text.osKernelInitialize  cmsis_os2.o
    0x080122ce   0x080122ce   0x00000002   PAD
    0x080122d0   0x080122d0   0x0000005e   Code   RO         2173    .text.osKernelStart  cmsis_os2.o
    0x0801232e   0x0801232e   0x00000002   PAD
    0x08012330   0x08012330   0x0000000a   Code   RO         2209    .text.osThreadExit  cmsis_os2.o
    0x0801233a   0x0801233a   0x00000006   PAD
    0x08012340   0x08012340   0x000000cc   Code   RO         2189    .text.osThreadNew   cmsis_os2.o
    0x0801240c   0x0801240c   0x00000004   PAD
    0x08012410   0x08012410   0x00000086   Code   RO         2000    .text.prvAddCurrentTaskToDelayedList  tasks.o
    0x08012496   0x08012496   0x00000002   PAD
    0x08012498   0x08012498   0x000002b2   Code   RO         1990    .text.prvAddNewTaskToReadyList  tasks.o
    0x0801274a   0x0801274a   0x00000006   PAD
    0x08012750   0x08012750   0x00000086   Code   RO         2024    .text.prvIdleTask   tasks.o
    0x080127d6   0x080127d6   0x00000002   PAD
    0x080127d8   0x080127d8   0x00000124   Code   RO         1988    .text.prvInitialiseNewTask  tasks.o
    0x080128fc   0x080128fc   0x00000004   PAD
    0x08012900   0x08012900   0x00000028   Code   RO         2368    .text.prvPortStartFirstTask  port.o
    0x08012928   0x08012928   0x00000040   Code   RO         2358    .text.prvTaskExitError  port.o
    0x08012968   0x08012968   0x0000032e   Code   RO         2113    .text.prvTimerTask  timers.o
    0x08012c96   0x08012c96   0x00000002   PAD
    0x08012c98   0x08012c98   0x0000007a   Code   RO         1883    .text.prvUnlockQueue  queue.o
    0x08012d12   0x08012d12   0x00000006   PAD
    0x08012d18   0x08012d18   0x000001de   Code   RO         2332    .text.pvPortMalloc  heap_4.o
    0x08012ef6   0x08012ef6   0x00000002   PAD
    0x08012ef8   0x08012ef8   0x0000002c   Code   RO         2356    .text.pxPortInitialiseStack  port.o
    0x08012f24   0x08012f24   0x00000004   PAD
    0x08012f28   0x08012f28   0x000000b0   Code   RO         2649    .text.rs_pair_ready  up_main.o
    0x08012fd8   0x08012fd8   0x000003f4   Code   RO         2647    .text.run_zero_sequence  up_main.o
    0x080133cc   0x080133cc   0x00000004   PAD
    0x080133d0   0x080133d0   0x000000da   Code   RO         2611    .text.set_motor_angles  up_main.o
    0x080134aa   0x080134aa   0x00000006   PAD
    0x080134b0   0x080134b0   0x00000136   Code   RO         2864    .text.start_receive  imu.o
    0x080135e6   0x080135e6   0x00000002   PAD
    0x080135e8   0x080135e8   0x00000070   Code   RO         2601    .text.stop_outputs  up_main.o
    0x08013658   0x08013658   0x0000002a   Code   RO         1845    .text.uxListRemove  list.o
    0x08013682   0x08013682   0x00000006   PAD
    0x08013688   0x08013688   0x0000001c   Code   RO         2315    .text.vApplicationGetIdleTaskMemory  cmsis_os2.o
    0x080136a4   0x080136a4   0x00000004   PAD
    0x080136a8   0x080136a8   0x0000001c   Code   RO         2317    .text.vApplicationGetTimerTaskMemory  cmsis_os2.o
    0x080136c4   0x080136c4   0x00000004   PAD
    0x080136c8   0x080136c8   0x00000002   Code   RO           49    .text.vApplicationMallocFailedHook  freertos.o
    0x080136ca   0x080136ca   0x00000006   PAD
    0x080136d0   0x080136d0   0x00000002   Code   RO           47    .text.vApplicationStackOverflowHook  freertos.o
    0x080136d2   0x080136d2   0x00000006   PAD
    0x080136d8   0x080136d8   0x00000016   Code   RO         1837    .text.vListInitialise  list.o
    0x080136ee   0x080136ee   0x00000002   PAD
    0x080136f0   0x080136f0   0x00000006   Code   RO         1839    .text.vListInitialiseItem  list.o
    0x080136f6   0x080136f6   0x00000002   PAD
    0x080136f8   0x080136f8   0x00000062   Code   RO         1843    .text.vListInsert   list.o
    0x0801375a   0x0801375a   0x00000006   PAD
    0x08013760   0x08013760   0x0000001c   Code   RO         1841    .text.vListInsertEnd  list.o
    0x0801377c   0x0801377c   0x00000004   PAD
    0x08013780   0x08013780   0x00000014   Code   RO         2366    .text.vPortEnableVFP  port.o
    0x08013794   0x08013794   0x00000004   PAD
    0x08013798   0x08013798   0x0000004a   Code   RO         2372    .text.vPortEnterCritical  port.o
    0x080137e2   0x080137e2   0x00000006   PAD
    0x080137e8   0x080137e8   0x0000002e   Code   RO         2374    .text.vPortExitCritical  port.o
    0x08013816   0x08013816   0x00000002   PAD
    0x08013818   0x08013818   0x000000d8   Code   RO         2334    .text.vPortFree     heap_4.o
    0x080138f0   0x080138f0   0x00000034   Code   RO         2364    .text.vPortSetupTimerInterrupt  port.o
    0x08013924   0x08013924   0x00000004   PAD
    0x08013928   0x08013928   0x0000005e   Code   RO         2380    .text.vPortValidateInterruptPriority  port.o
    0x08013986   0x08013986   0x00000002   PAD
    0x08013988   0x08013988   0x0000012a   Code   RO         1921    .text.vQueueAddToRegistry  queue.o
    0x08013ab2   0x08013ab2   0x00000006   PAD
    0x08013ab8   0x08013ab8   0x00000064   Code   RO         1925    .text.vQueueWaitForMessageRestricted  queue.o
    0x08013b1c   0x08013b1c   0x00000004   PAD
    0x08013b20   0x08013b20   0x00000096   Code   RO         2004    .text.vTaskDelay    tasks.o
    0x08013bb6   0x08013bb6   0x00000002   PAD
    0x08013bb8   0x08013bb8   0x000000ee   Code   RO         1994    .text.vTaskDelete   tasks.o
    0x08013ca6   0x08013ca6   0x00000002   PAD
    0x08013ca8   0x08013ca8   0x00000012   Code   RO         2056    .text.vTaskInternalSetTimeOutState  tasks.o
    0x08013cba   0x08013cba   0x00000006   PAD
    0x08013cc0   0x08013cc0   0x0000000e   Code   RO         2060    .text.vTaskMissedYield  tasks.o
    0x08013cce   0x08013cce   0x00000002   PAD
    0x08013cd0   0x08013cd0   0x00000036   Code   RO         2044    .text.vTaskPlaceOnEventList  tasks.o
    0x08013d06   0x08013d06   0x00000002   PAD
    0x08013d08   0x08013d08   0x000000a2   Code   RO         2048    .text.vTaskPlaceOnEventListRestricted  tasks.o
    0x08013daa   0x08013daa   0x00000006   PAD
    0x08013db0   0x08013db0   0x00000104   Code   RO         2022    .text.vTaskStartScheduler  tasks.o
    0x08013eb4   0x08013eb4   0x00000004   PAD
    0x08013eb8   0x08013eb8   0x00000010   Code   RO         1998    .text.vTaskSuspendAll  tasks.o
    0x08013ec8   0x08013ec8   0x000000e4   Code   RO         2016    .text.vTaskSwitchContext  tasks.o
    0x08013fac   0x08013fac   0x00000004   PAD
    0x08013fb0   0x08013fb0   0x0000009c   Code   RO         2486    .text.write_float   rs00.o
    0x0801404c   0x0801404c   0x00000004   PAD
    0x08014050   0x08014050   0x000001ba   Code   RO         2362    .text.xPortStartScheduler  port.o
    0x0801420a   0x0801420a   0x00000006   PAD
    0x08014210   0x08014210   0x0000002e   Code   RO         2378    .text.xPortSysTickHandler  port.o
    0x0801423e   0x0801423e   0x00000002   PAD
    0x08014240   0x08014240   0x000000d4   Code   RO         1857    .text.xQueueGenericCreateStatic  queue.o
    0x08014314   0x08014314   0x00000004   PAD
    0x08014318   0x08014318   0x000001be   Code   RO         1889    .text.xQueueReceive  queue.o
    0x080144d6   0x080144d6   0x00000002   PAD
    0x080144d8   0x080144d8   0x000000a6   Code   RO         2058    .text.xTaskCheckForTimeOut  tasks.o
    0x0801457e   0x0801457e   0x00000002   PAD
    0x08014580   0x08014580   0x00000060   Code   RO         1992    .text.xTaskCreate   tasks.o
    0x080145e0   0x080145e0   0x0000009e   Code   RO         1986    .text.xTaskCreateStatic  tasks.o
    0x0801467e   0x0801467e   0x00000002   PAD
    0x08014680   0x08014680   0x000000e4   Code   RO         1996    .text.xTaskDelayUntil  tasks.o
    0x08014764   0x08014764   0x00000004   PAD
    0x08014768   0x08014768   0x0000001c   Code   RO         2072    .text.xTaskGetSchedulerState  tasks.o
    0x08014784   0x08014784   0x00000004   PAD
    0x08014788   0x08014788   0x0000000c   Code   RO         2030    .text.xTaskGetTickCount  tasks.o
    0x08014794   0x08014794   0x00000004   PAD
    0x08014798   0x08014798   0x00000012   Code   RO         2032    .text.xTaskGetTickCountFromISR  tasks.o
    0x080147aa   0x080147aa   0x00000006   PAD
    0x080147b0   0x080147b0   0x0000017e   Code   RO         2028    .text.xTaskIncrementTick  tasks.o
    0x0801492e   0x0801492e   0x00000002   PAD
    0x08014930   0x08014930   0x000000f0   Code   RO         2050    .text.xTaskRemoveFromEventList  tasks.o
    0x08014a20   0x08014a20   0x00000142   Code   RO         2002    .text.xTaskResumeAll  tasks.o
    0x08014b62   0x08014b62   0x00000006   PAD
    0x08014b68   0x08014b68   0x000000b4   Code   RO         2111    .text.xTimerCreateTimerTask  timers.o
    0x08014c1c   0x08014c1c   0x0000003a   Code   RO         2939    i.__hardfp_sqrtf    m_wv.l(sqrtf.o)
    0x08014c56   0x08014c56   0x0000001a   Code   RO         3066    x$fpl$fpinit        fz_wv.l(fpinit.o)
    0x08014c70   0x08014c70   0x00000000   Code   RO         2954    x$fpl$usenofp       fz_wv.l(usenofp.o)
    0x08014c70   0x08014c70   0x0000004c   Data   RO         1585    .rodata..L__const.HAL_FDCAN_Init.CvtEltSize  stm32h7xx_hal_fdcan.o
    0x08014cbc   0x08014cbc   0x00000006   Data   RO         1730    .rodata..Lswitch.table.UART_SetConfig.7  stm32h7xx_hal_uart.o
    0x08014cc2   0x08014cc2   0x00000006   Data   RO         1731    .rodata..Lswitch.table.UART_SetConfig.9  stm32h7xx_hal_uart.o
    0x08014cc8   0x08014cc8   0x00000010   Data   RO         1787    .rodata.D1CorePrescTable  system_stm32h7xx.o
    0x08014cd8   0x08014cd8   0x00000018   Data   RO         1729    .rodata.UARTPrescTable  stm32h7xx_hal_uart.o
    0x08014cf0   0x08014cf0   0x00000024   Data   RO           63    .rodata.chassisTask_attributes  freertos.o
    0x08014d14   0x08014d14   0x00000040   Data   RO         2766    .rodata.chassis_motor_cfg  chassis_main.o
    0x08014d54   0x08014d54   0x00000024   Data   RO           65    .rodata.commTask_attributes  freertos.o
    0x08014d78   0x08014d78   0x00000010   Data   RO         1586    .rodata.cst16       stm32h7xx_hal_fdcan.o
    0x08014d88   0x08014d88   0x00000010   Data   RO         1772    .rodata.cst8        stm32h7xx_hal_uart_ex.o
    0x08014d98   0x08014d98   0x00000038   Data   RO         2655    .rodata.dm_motor_config  up_main.o
    0x08014dd0   0x08014dd0   0x0000000c   Data   RO         2651    .rodata.fdcan_config  up_main.o
    0x08014ddc   0x08014ddc   0x00000036   Data   RO         2910    .rodata.imu_commands  imu_main.o
    0x08014e12   0x08014e12   0x00000002   PAD
    0x08014e14   0x08014e14   0x00000024   Data   RO           64    .rodata.liftTask_attributes  freertos.o
    0x08014e38   0x08014e38   0x00000028   Data   RO         2658    .rodata.m2006_motor_config  up_main.o
    0x08014e60   0x08014e60   0x00000040   Data   RO         2653    .rodata.rs_motor_config  up_main.o
    0x08014ea0   0x08014ea0   0x00000024   Data   RO           62    .rodata.startupReminder_attributes  freertos.o
    0x08014ec4   0x08014ec4   0x00000008   Data   RO         2659    .rodata.std_rx_ids  up_main.o
    0x08014ecc   0x08014ecc   0x0000002e   Data   RO           61    .rodata.str1.1      freertos.o
    0x08014efa   0x08014efa   0x00000005   Data   RO         2155    .rodata.str1.1      timers.o
    0x08014eff   0x08014eff   0x00000001   PAD
    0x08014f00   0x08014f00   0x00000004   Data   RO         2099    .rodata.uxTopUsedPriority  tasks.o
    0x08014f04   0x08014f04   0x00000020   Data   RO         3127    Region$$Table       anon$$obj.o


    Execution Region RW_IRAM1 (Exec base: 0x20000000, Load base: 0x08014f24, Size: 0x00000000, Max: 0x00020000, ABSOLUTE)

    **** No section assigned to this execution region ****


    Execution Region RW_IRAM2 (Exec base: 0x24000000, Load base: 0x08014f28, Size: 0x00014af8, Max: 0x00050000, ABSOLUTE)

    Exec Addr    Load Addr    Size         Type   Attr      Idx    E Section Name        Object

    0x24000000   0x08014f28   0x00000008   Data   RW         1180    .data..L_MergedGlobals  stm32h7xx_hal.o
    0x24000008   0x08014f30   0x00000008   Data   RW         1788    .data..L_MergedGlobals  system_stm32h7xx.o
    0x24000010   0x08014f38   0x00000001   Data   RW         2675    .data.action_pending  action_api.o
    0x24000011   0x08014f39   0x00000003   PAD
    0x24000014   0x08014f3c   0x00000004   Data   RW         2382    .data.uxCriticalNesting  port.o
    0x24000018   0x08014f40   0x00000058   Data   RW         2909    .data.yaw_control   imu_main.o
    0x24000070        -       0x00000060   Zero   RW         2978    .bss                c_w.l(libspace.o)
    0x240000d0        -       0x00000010   Zero   RW           66    .bss..L_MergedGlobals  freertos.o
    0x240000e0        -       0x00000074   Zero   RW         2101    .bss..L_MergedGlobals  tasks.o
    0x24000154        -       0x0000003c   Zero   RW         2156    .bss..L_MergedGlobals  timers.o
    0x24000190        -       0x0000001c   Zero   RW         2347    .bss..L_MergedGlobals  heap_4.o
    0x240001ac        -       0x00000008   Zero   RW         2383    .bss..L_MergedGlobals  port.o
    0x240001b4        -       0x00000008   Zero   RW         2588    .bss..L_MergedGlobals  fdcan_task.o
    0x240001bc        -       0x00000058   Zero   RW         2660    .bss..L_MergedGlobals  up_main.o
    0x24000214        -       0x00000024   Zero   RW         2676    .bss..L_MergedGlobals  action_api.o
    0x24000238        -       0x0000002c   Zero   RW         2767    .bss..L_MergedGlobals  chassis_main.o
    0x24000264        -       0x00000023   Zero   RW         2784    .bss..L_MergedGlobals  computer_link.o
    0x24000287   0x08014f98   0x00000001   PAD
    0x24000288        -       0x00000030   Zero   RW         2803    .bss..L_MergedGlobals  dt35_pnp_link.o
    0x240002b8        -       0x00000059   Zero   RW         2828    .bss..L_MergedGlobals  lora_link.o
    0x24000311   0x08014f98   0x00000003   PAD
    0x24000314        -       0x00000018   Zero   RW         2853    .bss..L_MergedGlobals  mcu_link.o
    0x2400032c        -       0x00000064   Zero   RW         2911    .bss..L_MergedGlobals  imu_main.o
    0x24000390        -       0x00000028   Zero   RW         2102    .bss..L_MergedGlobals.1  tasks.o
    0x240003b8        -       0x00000004   Zero   RW          101    .bss.HAL_RCC_FDCAN_CLK_ENABLED  fdcan.o
    0x240003bc        -       0x00000004   Zero   RW         2319    .bss.KernelState    cmsis_os2.o
    0x240003c0        -       0x00000030   Zero   RW         2656    .bss.c610_bus       up_main.o
    0x240003f0        -       0x000000b0   Zero   RW         2765    .bss.chassis_motors  chassis_main.o
    0x240004a0        -       0x000002c8   Zero   RW         2654    .bss.dm_app         up_main.o
    0x24000768        -       0x00000078   Zero   RW          133    .bss.hdma_uart4_rx  usart.o
    0x240007e0        -       0x00000078   Zero   RW          132    .bss.hdma_uart4_tx  usart.o
    0x24000858        -       0x00000078   Zero   RW          134    .bss.hdma_uart7_rx  usart.o
    0x240008d0        -       0x00000078   Zero   RW          135    .bss.hdma_uart7_tx  usart.o
    0x24000948        -       0x00000078   Zero   RW          136    .bss.hdma_uart8_rx  usart.o
    0x240009c0        -       0x00000078   Zero   RW          137    .bss.hdma_uart8_tx  usart.o
    0x24000a38        -       0x00000078   Zero   RW          138    .bss.hdma_uart9_rx  usart.o
    0x24000ab0        -       0x00000078   Zero   RW          139    .bss.hdma_uart9_tx  usart.o
    0x24000b28        -       0x00000078   Zero   RW          140    .bss.hdma_usart1_rx  usart.o
    0x24000ba0        -       0x00000078   Zero   RW          141    .bss.hdma_usart1_tx  usart.o
    0x24000c18        -       0x00000078   Zero   RW          142    .bss.hdma_usart6_rx  usart.o
    0x24000c90        -       0x00000078   Zero   RW          143    .bss.hdma_usart6_tx  usart.o
    0x24000d08        -       0x000000a0   Zero   RW           98    .bss.hfdcan1        fdcan.o
    0x24000da8        -       0x000000a0   Zero   RW           99    .bss.hfdcan2        fdcan.o
    0x24000e48        -       0x000000a0   Zero   RW          100    .bss.hfdcan3        fdcan.o
    0x24000ee8        -       0x0000004c   Zero   RW          230    .bss.htim6          stm32h7xx_hal_timebase_tim.o
    0x24000f34        -       0x00000094   Zero   RW          130    .bss.huart1         usart.o
    0x24000fc8        -       0x00000094   Zero   RW          126    .bss.huart4         usart.o
    0x2400105c        -       0x00000094   Zero   RW          131    .bss.huart6         usart.o
    0x240010f0        -       0x00000094   Zero   RW          127    .bss.huart7         usart.o
    0x24001184        -       0x00000094   Zero   RW          128    .bss.huart8         usart.o
    0x24001218        -       0x00000094   Zero   RW          129    .bss.huart9         usart.o
    0x240012ac        -       0x00000358   Zero   RW         2880    .bss.imu_driver     imu.o
    0x24001604        -       0x00000100   Zero   RW         2826    .bss.lora_rx_buffer  lora_link.o
    0x24001704        -       0x00000100   Zero   RW         2827    .bss.lora_tx_buffer  lora_link.o
    0x24001804        -       0x00000088   Zero   RW         2657    .bss.m2006_motors   up_main.o
    0x2400188c        -       0x00000400   Zero   RW         2851    .bss.mcu_rx_buffer  mcu_link.o
    0x24001c8c        -       0x00000200   Zero   RW         2852    .bss.mcu_tx_buffer  mcu_link.o
    0x24001e8c        -       0x000000a0   Zero   RW         2154    .bss.prvCheckForValidListAndQueue.ucStaticTimerQueueStorage  timers.o
    0x24001f2c        -       0x00000050   Zero   RW         2153    .bss.prvCheckForValidListAndQueue.xStaticTimerQueue  timers.o
    0x24001f7c        -       0x00000004   Zero   RW         2098    .bss.pxCurrentTCB   tasks.o
    0x24001f80        -       0x00000460   Zero   RW         2100    .bss.pxReadyTasksLists  tasks.o
    0x240023e0        -       0x000003e8   Zero   RW         2652    .bss.rs_app         up_main.o
    0x240027c8        -       0x00000214   Zero   RW         2586    .bss.rs_bus         fdcan_task.o
    0x240029dc        -       0x0000021c   Zero   RW         2587    .bss.std_can        fdcan_task.o
    0x24002bf8        -       0x00010000   Zero   RW         2346    .bss.ucHeap         heap_4.o
    0x24012bf8        -       0x00000004   Zero   RW         1179    .bss.uwTick         stm32h7xx_hal.o
    0x24012bfc        -       0x00000400   Zero   RW         2321    .bss.vApplicationGetIdleTaskMemory.Idle_Stack  cmsis_os2.o
    0x24012ffc        -       0x0000005c   Zero   RW         2320    .bss.vApplicationGetIdleTaskMemory.Idle_TCB  cmsis_os2.o
    0x24013058        -       0x00000800   Zero   RW         2323    .bss.vApplicationGetTimerTaskMemory.Timer_Stack  cmsis_os2.o
    0x24013858        -       0x0000005c   Zero   RW         2322    .bss.vApplicationGetTimerTaskMemory.Timer_TCB  cmsis_os2.o
    0x240138b4        -       0x00000040   Zero   RW         1927    .bss.xQueueRegistry  queue.o
    0x240138f4   0x08014f98   0x00000004   PAD
    0x240138f8        -       0x00000200   Zero   RW            2    HEAP                startup_stm32h723xx.o
    0x24013af8        -       0x00001000   Zero   RW            1    STACK               startup_stm32h723xx.o


==============================================================================

Image component sizes


      Code (inc. data)   RO Data    RW Data    ZI Data      Debug   Object Name

      1288        104          0          1         36       6302   action_api.o
      2366         44          0          0          0      15755   c610_2006.o
      1772         12         64          0        220      12919   chassis_main.o
       678          0          0          0       3260      62582   cmsis_os2.o
       540          0          0          0         35       8116   computer_link.o
      1080          0          0          0          0       9735   dm_2006_bus.o
      3086         60          0          0          0      17190   dm_app.o
      1210         32          0          0          0       8772   dm_motor.o
       246          0          0          0          0       5418   dma.o
       864          0          0          0         48       8703   dt35_pnp_link.o
       682          0          0          0        484      10792   fdcan.o
       608          0          0          0       1080       7596   fdcan_task.o
       474          0        190          0         16       5533   freertos.o
       170          0          0          0          0       2965   gpio.o
       694          0          0          0      65564       6057   heap_4.o
      3078          8          0          0        856      12226   imu.o
      3154         78         54         88        100      17449   imu_main.o
       196          0          0          0          0       2309   list.o
      1576          8          0          0        601      10908   lora_link.o
       528          0          0          0          0      12522   main.o
       816          0          0          0       1560       6605   mcu_link.o
      1058         16          0          4          8       4088   port.o
      1178          0          0          0         64      30402   queue.o
      3300        132          0          0          0      21819   rs00.o
      3094         46          0          0          0      16827   rs_app.o
       720          0          0          0          0       8108   rs_bus.o
        72         30        716          0       4608        816   startup_stm32h723xx.o
       178          0          0          8          4      15861   stm32h7xx_hal.o
       308          0          0          0          0      12457   stm32h7xx_hal_cortex.o
      7798         12          0          0          0      17969   stm32h7xx_hal_dma.o
      4074          0         92          0          0      63317   stm32h7xx_hal_fdcan.o
       512          0          0          0          0       7088   stm32h7xx_hal_gpio.o
        42          0          0          0          0       5404   stm32h7xx_hal_msp.o
        76          0          0          0          0       9619   stm32h7xx_hal_pwr_ex.o
      2552         16          0          0          0      11370   stm32h7xx_hal_rcc.o
      3946        138          0          0          0      19844   stm32h7xx_hal_rcc_ex.o
      1066          0          0          0          0      65294   stm32h7xx_hal_tim.o
         6          0          0          0          0      26663   stm32h7xx_hal_tim_ex.o
       164          0          0          0         76       9720   stm32h7xx_hal_timebase_tim.o
     11036        330         36          0          0      43684   stm32h7xx_hal_uart.o
       516          0         16          0          0      11502   stm32h7xx_hal_uart_ex.o
       276          0          0          0          0      11366   stm32h7xx_it.o
       254          0         16          8          0       5688   system_stm32h7xx.o
      4040          8          4          0       1280      44270   tasks.o
       994         20          5          0        300      17220   timers.o
      6282        106        180          0       1984      28398   up_main.o
      2190          0          0          0       2328      13902   usart.o
       670         36          0          0          0       7680   vesc_can.o
       466          4          0          0          0       8253   vesc_motor.o

    ----------------------------------------------------------------------
     83236       1372       1408        112      84520     789083   Object Totals
         0          0         32          0          0          0   (incl. Generated)
      1262        132          3          3          8          0   (incl. Padding)

    ----------------------------------------------------------------------

      Code (inc. data)   RO Data    RW Data    ZI Data      Debug   Library Member Name

         8          0          0          0          0         68   __main.o
         0          0          0          0          0          0   __rtentry.o
        12          0          0          0          0          0   __rtentry2.o
         6          0          0          0          0          0   __rtentry4.o
        52          8          0          0          0          0   __scatter.o
        26          0          0          0          0          0   __scatter_copy.o
        28          0          0          0          0          0   __scatter_zi.o
        22          0          0          0          0        100   _rserrno.o
        16          0          0          0          0         68   aeabi_memset4.o
        18          0          0          0          0         80   exit.o
         6          0          0          0          0        152   heapauxi.o
         0          0          0          0          0          0   indicate_semi.o
         2          0          0          0          0          0   libinit.o
         6          0          0          0          0          0   libinit2.o
         2          0          0          0          0          0   libshutdown.o
         2          0          0          0          0          0   libshutdown2.o
         8          4          0          0         96         68   libspace.o
       116          0          0          0          0         84   llsdiv.o
       240          0          0          0          0        100   lludivv7m.o
         8          4          0          0          0         68   rt_errno_addr_intlibspace.o
        68          0          0          0          0         68   rt_memclr.o
        78          0          0          0          0         80   rt_memclr_w.o
       138          0          0          0          0         68   rt_memcpy_v6.o
       100          0          0          0          0         80   rt_memcpy_w.o
         2          0          0          0          0          0   rtexit.o
        10          0          0          0          0          0   rtexit2.o
        12          4          0          0          0         68   sys_exit.o
        74          0          0          0          0         80   sys_stackheap_outer.o
         2          0          0          0          0         68   use_no_semi.o
        26          0          0          0          0        116   fpinit.o
         0          0          0          0          0          0   usenofp.o
        58          0          0          0          0        136   sqrtf.o

    ----------------------------------------------------------------------
      1152         20          0          0         96       1552   Library Totals
         6          0          0          0          0          0   (incl. Padding)

    ----------------------------------------------------------------------

      Code (inc. data)   RO Data    RW Data    ZI Data      Debug   Library Name

      1062         20          0          0         96       1300   c_w.l
        26          0          0          0          0        116   fz_wv.l
        58          0          0          0          0        136   m_wv.l

    ----------------------------------------------------------------------
      1152         20          0          0         96       1552   Library Totals

    ----------------------------------------------------------------------

==============================================================================


      Code (inc. data)   RO Data    RW Data    ZI Data      Debug   

     84388       1392       1408        112      84616     789071   Grand Totals
     84388       1392       1408        112      84616     789071   ELF Image Totals
     84388       1392       1408        112          0          0   ROM Totals

==============================================================================

    Total RO  Size (Code + RO Data)                85796 (  83.79kB)
    Total RW  Size (RW Data + ZI Data)             84728 (  82.74kB)
    Total ROM Size (Code + RO Data + RW Data)      85908 (  83.89kB)

==============================================================================

